2025-08-27 23:11:10,211 - INFO - 分析结果将保存到: result.log
2025-08-27 23:11:10,211 - INFO - 分析单个日志文件: logs/*.log
2025-08-27 23:15:34,337 - INFO - 分析结果将保存到: result.log
2025-08-27 23:15:34,339 - INFO - 找到 2 个日志文件: ['logs/recognition_20250827_215034.log', 'logs/recognition_20250827_225404.log']
2025-08-27 23:15:34,339 - INFO - 分析多个日志文件: 2 个文件
2025-08-27 23:15:34,339 - INFO - 正在分析日志文件: logs/recognition_20250827_215034.log
2025-08-27 23:15:34,345 - INFO - 找到 1008 个RANSAC统计记录
2025-08-27 23:15:34,365 - INFO - 正在分析日志文件: logs/recognition_20250827_225404.log
2025-08-27 23:15:34,375 - INFO - 找到 936 个RANSAC统计记录
2025-08-27 23:15:34,455 - INFO - ================================================================================
2025-08-27 23:15:34,455 - INFO - RANSAC测试结果统计 - 合并2个文件
2025-08-27 23:15:34,455 - INFO - ================================================================================
2025-08-27 23:15:34,455 - INFO - 
【INNER_CANTHUS】点统计 (出现6440次):
2025-08-27 23:15:34,455 - INFO - ------------------------------------------------------------
2025-08-27 23:15:34,455 - INFO -   到中心距离:
2025-08-27 23:15:34,455 - INFO -     平均值: 18.1973 mm
2025-08-27 23:15:34,455 - INFO -     最小值: 12.6446 mm
2025-08-27 23:15:34,455 - INFO -     最大值: 25.5835 mm
2025-08-27 23:15:34,455 - INFO -     标准差: 2.0106 mm
2025-08-27 23:15:34,455 - INFO -     范围:   12.9389 mm
2025-08-27 23:15:34,455 - INFO -     标准误差: 0.025054 mm
2025-08-27 23:15:34,455 - INFO -     90%置信区间: (18.156063, 18.238495) mm
2025-08-27 23:15:34,460 - INFO -     误差范围: ±0.041216 mm
2025-08-27 23:15:34,460 - INFO -   到表面距离:
2025-08-27 23:15:34,460 - INFO -     平均值: 6.0464 mm
2025-08-27 23:15:34,461 - INFO -     最小值: 0.5129 mm
2025-08-27 23:15:34,461 - INFO -     最大值: 13.3728 mm
2025-08-27 23:15:34,461 - INFO -     标准差: 2.0032 mm
2025-08-27 23:15:34,461 - INFO -     范围:   12.8599 mm
2025-08-27 23:15:34,461 - INFO -     标准误差: 0.024962 mm
2025-08-27 23:15:34,461 - INFO -     90%置信区间: (6.005304, 6.087435) mm
2025-08-27 23:15:34,461 - INFO -     误差范围: ±0.041065 mm
2025-08-27 23:15:34,461 - INFO - 
【IRIS】点统计 (出现25760次):
2025-08-27 23:15:34,461 - INFO - ------------------------------------------------------------
2025-08-27 23:15:34,461 - INFO -   到中心距离:
2025-08-27 23:15:34,461 - INFO -     平均值: 11.1445 mm
2025-08-27 23:15:34,461 - INFO -     最小值: 10.4084 mm
2025-08-27 23:15:34,461 - INFO -     最大值: 12.0468 mm
2025-08-27 23:15:34,461 - INFO -     标准差: 0.2520 mm
2025-08-27 23:15:34,461 - INFO -     范围:   1.6384 mm
2025-08-27 23:15:34,461 - INFO -     标准误差: 0.001570 mm
2025-08-27 23:15:34,461 - INFO -     90%置信区间: (11.141965, 11.147130) mm
2025-08-27 23:15:34,461 - INFO -     误差范围: ±0.002583 mm
2025-08-27 23:15:34,464 - INFO -   到表面距离:
2025-08-27 23:15:34,464 - INFO -     平均值: -1.0064 mm
2025-08-27 23:15:34,464 - INFO -     最小值: -1.7256 mm
2025-08-27 23:15:34,464 - INFO -     最大值: -0.2069 mm
2025-08-27 23:15:34,464 - INFO -     标准差: 0.2420 mm
2025-08-27 23:15:34,464 - INFO -     范围:   1.5187 mm
2025-08-27 23:15:34,464 - INFO -     标准误差: 0.001508 mm
2025-08-27 23:15:34,464 - INFO -     90%置信区间: (-1.008846, -1.003886) mm
2025-08-27 23:15:34,464 - INFO -     误差范围: ±0.002480 mm
2025-08-27 23:15:34,464 - INFO - 
【LOWER_EYELID】点统计 (出现32200次):
2025-08-27 23:15:34,464 - INFO - ------------------------------------------------------------
2025-08-27 23:15:34,464 - INFO -   到中心距离:
2025-08-27 23:15:34,464 - INFO -     平均值: 13.0787 mm
2025-08-27 23:15:34,464 - INFO -     最小值: 10.9534 mm
2025-08-27 23:15:34,464 - INFO -     最大值: 16.1149 mm
2025-08-27 23:15:34,464 - INFO -     标准差: 0.7540 mm
2025-08-27 23:15:34,464 - INFO -     范围:   5.1615 mm
2025-08-27 23:15:34,468 - INFO -     标准误差: 0.004202 mm
2025-08-27 23:15:34,468 - INFO -     90%置信区间: (13.071801, 13.085625) mm
2025-08-27 23:15:34,468 - INFO -     误差范围: ±0.006912 mm
2025-08-27 23:15:34,468 - INFO -   到表面距离:
2025-08-27 23:15:34,468 - INFO -     平均值: 0.9278 mm
2025-08-27 23:15:34,468 - INFO -     最小值: -1.1806 mm
2025-08-27 23:15:34,468 - INFO -     最大值: 3.9041 mm
2025-08-27 23:15:34,470 - INFO -     标准差: 0.7517 mm
2025-08-27 23:15:34,470 - INFO -     范围:   5.0847 mm
2025-08-27 23:15:34,470 - INFO -     标准误差: 0.004189 mm
2025-08-27 23:15:34,470 - INFO -     90%置信区间: (0.920915, 0.934696) mm
2025-08-27 23:15:34,470 - INFO -     误差范围: ±0.006890 mm
2025-08-27 23:15:34,473 - INFO - 
【OUTER_CANTHUS】点统计 (出现6440次):
2025-08-27 23:15:34,473 - INFO - ------------------------------------------------------------
2025-08-27 23:15:34,473 - INFO -   到中心距离:
2025-08-27 23:15:34,473 - INFO -     平均值: 16.2543 mm
2025-08-27 23:15:34,473 - INFO -     最小值: 9.5038 mm
2025-08-27 23:15:34,473 - INFO -     最大值: 20.8806 mm
2025-08-27 23:15:34,473 - INFO -     标准差: 1.6283 mm
2025-08-27 23:15:34,473 - INFO -     范围:   11.3768 mm
2025-08-27 23:15:34,473 - INFO -     标准误差: 0.020290 mm
2025-08-27 23:15:34,473 - INFO -     90%置信区间: (16.220922, 16.287681) mm
2025-08-27 23:15:34,473 - INFO -     误差范围: ±0.033379 mm
2025-08-27 23:15:34,473 - INFO -   到表面距离:
2025-08-27 23:15:34,473 - INFO -     平均值: 4.1034 mm
2025-08-27 23:15:34,473 - INFO -     最小值: -2.6302 mm
2025-08-27 23:15:34,473 - INFO -     最大值: 8.7534 mm
2025-08-27 23:15:34,477 - INFO -     标准差: 1.6145 mm
2025-08-27 23:15:34,477 - INFO -     范围:   11.3836 mm
2025-08-27 23:15:34,477 - INFO -     标准误差: 0.020119 mm
2025-08-27 23:15:34,477 - INFO -     90%置信区间: (4.070296, 4.136490) mm
2025-08-27 23:15:34,477 - INFO -     误差范围: ±0.033097 mm
2025-08-27 23:15:34,479 - INFO - 
【PUPIL】点统计 (出现6440次):
2025-08-27 23:15:34,479 - INFO - ------------------------------------------------------------
2025-08-27 23:15:34,479 - INFO -   到中心距离:
2025-08-27 23:15:34,481 - INFO -     平均值: 8.8454 mm
2025-08-27 23:15:34,482 - INFO -     最小值: 6.1771 mm
2025-08-27 23:15:34,482 - INFO -     最大值: 10.0084 mm
2025-08-27 23:15:34,482 - INFO -     标准差: 0.5024 mm
2025-08-27 23:15:34,482 - INFO -     范围:   3.8313 mm
2025-08-27 23:15:34,482 - INFO -     标准误差: 0.006261 mm
2025-08-27 23:15:34,482 - INFO -     90%置信区间: (8.835073, 8.855673) mm
2025-08-27 23:15:34,482 - INFO -     误差范围: ±0.010300 mm
2025-08-27 23:15:34,485 - INFO -   到表面距离:
2025-08-27 23:15:34,485 - INFO -     平均值: -3.3055 mm
2025-08-27 23:15:34,486 - INFO -     最小值: -6.0617 mm
2025-08-27 23:15:34,486 - INFO -     最大值: -2.1026 mm
2025-08-27 23:15:34,486 - INFO -     标准差: 0.5296 mm
2025-08-27 23:15:34,486 - INFO -     范围:   3.9591 mm
2025-08-27 23:15:34,486 - INFO -     标准误差: 0.006600 mm
2025-08-27 23:15:34,486 - INFO -     90%置信区间: (-3.316395, -3.294681) mm
2025-08-27 23:15:34,486 - INFO -     误差范围: ±0.010857 mm
2025-08-27 23:15:34,486 - INFO - 
【UPPER_EYELID】点统计 (出现32200次):
2025-08-27 23:15:34,486 - INFO - ------------------------------------------------------------
2025-08-27 23:15:34,486 - INFO -   到中心距离:
2025-08-27 23:15:34,486 - INFO -     平均值: 12.3180 mm
2025-08-27 23:15:34,486 - INFO -     最小值: 10.6660 mm
2025-08-27 23:15:34,490 - INFO -     最大值: 15.2031 mm
2025-08-27 23:15:34,490 - INFO -     标准差: 0.6767 mm
2025-08-27 23:15:34,490 - INFO -     范围:   4.5371 mm
2025-08-27 23:15:34,490 - INFO -     标准误差: 0.003771 mm
2025-08-27 23:15:34,490 - INFO -     90%置信区间: (12.311843, 12.324250) mm
2025-08-27 23:15:34,490 - INFO -     误差范围: ±0.006203 mm
2025-08-27 23:15:34,490 - INFO -   到表面距离:
2025-08-27 23:15:34,490 - INFO -     平均值: 0.1671 mm
2025-08-27 23:15:34,490 - INFO -     最小值: -1.4679 mm
2025-08-27 23:15:34,490 - INFO -     最大值: 2.9923 mm
2025-08-27 23:15:34,490 - INFO -     标准差: 0.6779 mm
2025-08-27 23:15:34,490 - INFO -     范围:   4.4602 mm
2025-08-27 23:15:34,490 - INFO -     标准误差: 0.003778 mm
2025-08-27 23:15:34,490 - INFO -     90%置信区间: (0.160924, 0.173352) mm
2025-08-27 23:15:34,490 - INFO -     误差范围: ±0.006214 mm
2025-08-27 23:15:34,494 - INFO - 
【整体统计】:
2025-08-27 23:15:34,495 - INFO - ------------------------------------------------------------
2025-08-27 23:15:34,544 - INFO -   到中心距离:
2025-08-27 23:15:34,544 - INFO -     平均值: 12.6388 mm
2025-08-27 23:15:34,544 - INFO -     最小值: 8.8454 mm
2025-08-27 23:15:34,544 - INFO -     最大值: 18.1973 mm
2025-08-27 23:15:34,544 - INFO -     标准差: 2.0113 mm
2025-08-27 23:15:34,544 - INFO -     范围:   9.3519 mm
2025-08-27 23:15:34,544 - INFO -     标准误差: 0.006079 mm
2025-08-27 23:15:34,544 - INFO -     90%置信区间: (12.628763, 12.648760) mm
2025-08-27 23:15:34,544 - INFO -     误差范围: ±0.009999 mm
2025-08-27 23:15:34,544 - INFO -   到表面距离:
2025-08-27 23:15:34,544 - INFO -     平均值: 0.4879 mm
2025-08-27 23:15:34,544 - INFO -     最小值: -3.3055 mm
2025-08-27 23:15:34,544 - INFO -     最大值: 6.0464 mm
2025-08-27 23:15:34,548 - INFO -     标准差: 2.0113 mm
2025-08-27 23:15:34,548 - INFO -     范围:   9.3519 mm
2025-08-27 23:15:34,548 - INFO -     标准误差: 0.006079 mm
2025-08-27 23:15:34,548 - INFO -     90%置信区间: (0.477853, 0.497850) mm
2025-08-27 23:15:34,548 - INFO -     误差范围: ±0.009999 mm
2025-08-27 23:15:34,548 - INFO - 分析完成，结果已保存到: result.log
2025-08-27 23:17:19,817 - INFO - 分析结果将保存到: result.log
2025-08-27 23:19:38,390 - INFO - 分析结果将保存到: result.log
2025-08-27 23:19:38,393 - INFO - 找到 1 个日志文件: ['logs/recognition_20250827_215034.log']
2025-08-27 23:19:38,393 - INFO - 分析单个日志文件: logs/recognition_20250827_215034.log
2025-08-27 23:19:38,399 - INFO - 找到 1008 个RANSAC统计记录
2025-08-27 23:19:38,436 - INFO - ================================================================================
2025-08-27 23:19:38,436 - INFO - RANSAC测试结果统计 - logs/recognition_20250827_215034.log
2025-08-27 23:19:38,436 - INFO - ================================================================================
2025-08-27 23:19:38,436 - INFO - 
【INNER_CANTHUS】点统计 (出现3360次):
2025-08-27 23:19:38,436 - INFO - ------------------------------------------------------------
2025-08-27 23:19:38,436 - INFO -   到中心距离:
2025-08-27 23:19:38,436 - INFO -     平均值: 17.8070 mm
2025-08-27 23:19:38,436 - INFO -     最小值: 14.3060 mm
2025-08-27 23:19:38,436 - INFO -     最大值: 20.9659 mm
2025-08-27 23:19:38,436 - INFO -     标准差: 1.3495 mm
2025-08-27 23:19:38,436 - INFO -     范围:   6.6599 mm
2025-08-27 23:19:38,440 - INFO -     标准误差: 0.023281 mm
2025-08-27 23:19:38,440 - INFO -     90%置信区间: (17.768674, 17.845283) mm
2025-08-27 23:19:38,440 - INFO -     误差范围: ±0.038304 mm
2025-08-27 23:19:38,440 - INFO -   到表面距离:
2025-08-27 23:19:38,440 - INFO -     平均值: 5.6745 mm
2025-08-27 23:19:38,440 - INFO -     最小值: 2.1755 mm
2025-08-27 23:19:38,440 - INFO -     最大值: 8.8687 mm
2025-08-27 23:19:38,440 - INFO -     标准差: 1.3496 mm
2025-08-27 23:19:38,440 - INFO -     范围:   6.6932 mm
2025-08-27 23:19:38,440 - INFO -     标准误差: 0.023284 mm
2025-08-27 23:19:38,440 - INFO -     90%置信区间: (5.636179, 5.712796) mm
2025-08-27 23:19:38,440 - INFO -     误差范围: ±0.038309 mm
2025-08-27 23:19:38,440 - INFO - 
【IRIS】点统计 (出现13440次):
2025-08-27 23:19:38,440 - INFO - ------------------------------------------------------------
2025-08-27 23:19:38,443 - INFO -   到中心距离:
2025-08-27 23:19:38,445 - INFO -     平均值: 11.0115 mm
2025-08-27 23:19:38,446 - INFO -     最小值: 10.6551 mm
2025-08-27 23:19:38,448 - INFO -     最大值: 11.2599 mm
2025-08-27 23:19:38,448 - INFO -     标准差: 0.2019 mm
2025-08-27 23:19:38,449 - INFO -     范围:   0.6048 mm
2025-08-27 23:19:38,449 - INFO -     标准误差: 0.001741 mm
2025-08-27 23:19:38,449 - INFO -     90%置信区间: (11.008658, 11.014387) mm
2025-08-27 23:19:38,449 - INFO -     误差范围: ±0.002865 mm
2025-08-27 23:19:38,449 - INFO -   到表面距离:
2025-08-27 23:19:38,449 - INFO -     平均值: -1.1210 mm
2025-08-27 23:19:38,451 - INFO -     最小值: -1.4829 mm
2025-08-27 23:19:38,451 - INFO -     最大值: -0.8635 mm
2025-08-27 23:19:38,451 - INFO -     标准差: 0.2086 mm
2025-08-27 23:19:38,451 - INFO -     范围:   0.6194 mm
2025-08-27 23:19:38,451 - INFO -     标准误差: 0.001799 mm
2025-08-27 23:19:38,451 - INFO -     90%置信区间: (-1.123933, -1.118014) mm
2025-08-27 23:19:38,451 - INFO -     误差范围: ±0.002959 mm
2025-08-27 23:19:38,453 - INFO - 
【LOWER_EYELID】点统计 (出现16800次):
2025-08-27 23:19:38,453 - INFO - ------------------------------------------------------------
2025-08-27 23:19:38,453 - INFO -   到中心距离:
2025-08-27 23:19:38,454 - INFO -     平均值: 13.0319 mm
2025-08-27 23:19:38,454 - INFO -     最小值: 11.5095 mm
2025-08-27 23:19:38,454 - INFO -     最大值: 14.7403 mm
2025-08-27 23:19:38,454 - INFO -     标准差: 0.5552 mm
2025-08-27 23:19:38,454 - INFO -     范围:   3.2308 mm
2025-08-27 23:19:38,454 - INFO -     标准误差: 0.004284 mm
2025-08-27 23:19:38,454 - INFO -     90%置信区间: (13.024869, 13.038963) mm
2025-08-27 23:19:38,454 - INFO -     误差范围: ±0.007047 mm
2025-08-27 23:19:38,454 - INFO -   到表面距离:
2025-08-27 23:19:38,454 - INFO -     平均值: 0.8994 mm
2025-08-27 23:19:38,454 - INFO -     最小值: -0.6580 mm
2025-08-27 23:19:38,454 - INFO -     最大值: 2.6430 mm
2025-08-27 23:19:38,454 - INFO -     标准差: 0.5575 mm
2025-08-27 23:19:38,469 - INFO -     范围:   3.3010 mm
2025-08-27 23:19:38,469 - INFO -     标准误差: 0.004301 mm
2025-08-27 23:19:38,469 - INFO -     90%置信区间: (0.892351, 0.906500) mm
2025-08-27 23:19:38,469 - INFO -     误差范围: ±0.007075 mm
2025-08-27 23:19:38,469 - INFO - 
【OUTER_CANTHUS】点统计 (出现3360次):
2025-08-27 23:19:38,469 - INFO - ------------------------------------------------------------
2025-08-27 23:19:38,472 - INFO -   到中心距离:
2025-08-27 23:19:38,472 - INFO -     平均值: 15.6626 mm
2025-08-27 23:19:38,472 - INFO -     最小值: 12.9698 mm
2025-08-27 23:19:38,472 - INFO -     最大值: 17.8013 mm
2025-08-27 23:19:38,472 - INFO -     标准差: 0.8875 mm
2025-08-27 23:19:38,472 - INFO -     范围:   4.8315 mm
2025-08-27 23:19:38,472 - INFO -     标准误差: 0.015311 mm
2025-08-27 23:19:38,472 - INFO -     90%置信区间: (15.637395, 15.687776) mm
2025-08-27 23:19:38,474 - INFO -     误差范围: ±0.025191 mm
2025-08-27 23:19:38,474 - INFO -   到表面距离:
2025-08-27 23:19:38,476 - INFO -     平均值: 3.5301 mm
2025-08-27 23:19:38,476 - INFO -     最小值: 0.8394 mm
2025-08-27 23:19:38,476 - INFO -     最大值: 5.6763 mm
2025-08-27 23:19:38,476 - INFO -     标准差: 0.8874 mm
2025-08-27 23:19:38,476 - INFO -     范围:   4.8369 mm
2025-08-27 23:19:38,476 - INFO -     标准误差: 0.015309 mm
2025-08-27 23:19:38,476 - INFO -     90%置信区间: (3.504908, 3.555284) mm
2025-08-27 23:19:38,476 - INFO -     误差范围: ±0.025188 mm
2025-08-27 23:19:38,478 - INFO - 
【PUPIL】点统计 (出现3360次):
2025-08-27 23:19:38,478 - INFO - ------------------------------------------------------------
2025-08-27 23:19:38,478 - INFO -   到中心距离:
2025-08-27 23:19:38,478 - INFO -     平均值: 9.1748 mm
2025-08-27 23:19:38,478 - INFO -     最小值: 8.5987 mm
2025-08-27 23:19:38,478 - INFO -     最大值: 10.0084 mm
2025-08-27 23:19:38,478 - INFO -     标准差: 0.2825 mm
2025-08-27 23:19:38,478 - INFO -     范围:   1.4097 mm
2025-08-27 23:19:38,480 - INFO -     标准误差: 0.004874 mm
2025-08-27 23:19:38,480 - INFO -     90%置信区间: (9.166825, 9.182863) mm
2025-08-27 23:19:38,480 - INFO -     误差范围: ±0.008019 mm
2025-08-27 23:19:38,482 - INFO -   到表面距离:
2025-08-27 23:19:38,482 - INFO -     平均值: -2.9576 mm
2025-08-27 23:19:38,483 - INFO -     最小值: -3.5713 mm
2025-08-27 23:19:38,483 - INFO -     最大值: -2.1026 mm
2025-08-27 23:19:38,484 - INFO -     标准差: 0.2917 mm
2025-08-27 23:19:38,484 - INFO -     范围:   1.4687 mm
2025-08-27 23:19:38,484 - INFO -     标准误差: 0.005033 mm
2025-08-27 23:19:38,484 - INFO -     90%置信区间: (-2.965930, -2.949369) mm
2025-08-27 23:19:38,484 - INFO -     误差范围: ±0.008280 mm
2025-08-27 23:19:38,484 - INFO - 
【UPPER_EYELID】点统计 (出现16800次):
2025-08-27 23:19:38,484 - INFO - ------------------------------------------------------------
2025-08-27 23:19:38,486 - INFO -   到中心距离:
2025-08-27 23:19:38,486 - INFO -     平均值: 12.3391 mm
2025-08-27 23:19:38,486 - INFO -     最小值: 11.2776 mm
2025-08-27 23:19:38,486 - INFO -     最大值: 14.2450 mm
2025-08-27 23:19:38,486 - INFO -     标准差: 0.5097 mm
2025-08-27 23:19:38,486 - INFO -     范围:   2.9674 mm
2025-08-27 23:19:38,488 - INFO -     标准误差: 0.003933 mm
2025-08-27 23:19:38,488 - INFO -     90%置信区间: (12.332639, 12.345577) mm
2025-08-27 23:19:38,488 - INFO -     误差范围: ±0.006469 mm
2025-08-27 23:19:38,488 - INFO -   到表面距离:
2025-08-27 23:19:38,488 - INFO -     平均值: 0.2066 mm
2025-08-27 23:19:38,488 - INFO -     最小值: -0.8506 mm
2025-08-27 23:19:38,488 - INFO -     最大值: 2.1478 mm
2025-08-27 23:19:38,488 - INFO -     标准差: 0.5114 mm
2025-08-27 23:19:38,488 - INFO -     范围:   2.9984 mm
2025-08-27 23:19:38,490 - INFO -     标准误差: 0.003946 mm
2025-08-27 23:19:38,490 - INFO -     90%置信区间: (0.200123, 0.213104) mm
2025-08-27 23:19:38,490 - INFO -     误差范围: ±0.006491 mm
2025-08-27 23:19:38,490 - INFO - 
【整体统计】:
2025-08-27 23:19:38,492 - INFO - ------------------------------------------------------------
2025-08-27 23:19:38,524 - INFO -   到中心距离:
2025-08-27 23:19:38,524 - INFO -     平均值: 12.5615 mm
2025-08-27 23:19:38,524 - INFO -     最小值: 9.1748 mm
2025-08-27 23:19:38,524 - INFO -     最大值: 17.8070 mm
2025-08-27 23:19:38,524 - INFO -     标准差: 1.8718 mm
2025-08-27 23:19:38,524 - INFO -     范围:   8.6321 mm
2025-08-27 23:19:38,524 - INFO -     标准误差: 0.007832 mm
2025-08-27 23:19:38,524 - INFO -     90%置信区间: (12.548624, 12.574390) mm
2025-08-27 23:19:38,524 - INFO -     误差范围: ±0.012883 mm
2025-08-27 23:19:38,524 - INFO -   到表面距离:
2025-08-27 23:19:38,524 - INFO -     平均值: 0.4290 mm
2025-08-27 23:19:38,527 - INFO -     最小值: -2.9576 mm
2025-08-27 23:19:38,527 - INFO -     最大值: 5.6745 mm
2025-08-27 23:19:38,527 - INFO -     标准差: 1.8718 mm
2025-08-27 23:19:38,527 - INFO -     范围:   8.6321 mm
2025-08-27 23:19:38,527 - INFO -     标准误差: 0.007832 mm
2025-08-27 23:19:38,527 - INFO -     90%置信区间: (0.416131, 0.441896) mm
2025-08-27 23:19:38,528 - INFO -     误差范围: ±0.012883 mm
2025-08-27 23:19:38,529 - INFO - 分析完成，结果已保存到: result.log
2025-08-27 23:19:49,953 - INFO - 分析结果将保存到: result.log
2025-08-27 23:19:49,953 - INFO - 找到 1 个日志文件: ['logs/recognition_20250827_225404.log']
2025-08-27 23:19:49,953 - INFO - 分析单个日志文件: logs/recognition_20250827_225404.log
2025-08-27 23:19:49,962 - INFO - 找到 936 个RANSAC统计记录
2025-08-27 23:19:50,006 - INFO - ================================================================================
2025-08-27 23:19:50,006 - INFO - RANSAC测试结果统计 - logs/recognition_20250827_225404.log
2025-08-27 23:19:50,006 - INFO - ================================================================================
2025-08-27 23:19:50,008 - INFO - 
【INNER_CANTHUS】点统计 (出现3080次):
2025-08-27 23:19:50,008 - INFO - ------------------------------------------------------------
2025-08-27 23:19:50,009 - INFO -   到中心距离:
2025-08-27 23:19:50,009 - INFO -     平均值: 18.6231 mm
2025-08-27 23:19:50,009 - INFO -     最小值: 12.6446 mm
2025-08-27 23:19:50,009 - INFO -     最大值: 25.5835 mm
2025-08-27 23:19:50,009 - INFO -     标准差: 2.4735 mm
2025-08-27 23:19:50,009 - INFO -     范围:   12.9389 mm
2025-08-27 23:19:50,009 - INFO -     标准误差: 0.044569 mm
2025-08-27 23:19:50,009 - INFO -     90%置信区间: (18.549729, 18.696393) mm
2025-08-27 23:19:50,009 - INFO -     误差范围: ±0.073332 mm
2025-08-27 23:19:50,009 - INFO -   到表面距离:
2025-08-27 23:19:50,009 - INFO -     平均值: 6.4521 mm
2025-08-27 23:19:50,012 - INFO -     最小值: 0.5129 mm
2025-08-27 23:19:50,012 - INFO -     最大值: 13.3728 mm
2025-08-27 23:19:50,012 - INFO -     标准差: 2.4674 mm
2025-08-27 23:19:50,012 - INFO -     范围:   12.8599 mm
2025-08-27 23:19:50,012 - INFO -     标准误差: 0.044459 mm
2025-08-27 23:19:50,012 - INFO -     90%置信区间: (6.378909, 6.525210) mm
2025-08-27 23:19:50,014 - INFO -     误差范围: ±0.073150 mm
2025-08-27 23:19:50,018 - INFO - 
【IRIS】点统计 (出现12320次):
2025-08-27 23:19:50,018 - INFO - ------------------------------------------------------------
2025-08-27 23:19:50,020 - INFO -   到中心距离:
2025-08-27 23:19:50,020 - INFO -     平均值: 11.2897 mm
2025-08-27 23:19:50,023 - INFO -     最小值: 10.4084 mm
2025-08-27 23:19:50,023 - INFO -     最大值: 12.0468 mm
2025-08-27 23:19:50,024 - INFO -     标准差: 0.2189 mm
2025-08-27 23:19:50,025 - INFO -     范围:   1.6384 mm
2025-08-27 23:19:50,025 - INFO -     标准误差: 0.001973 mm
2025-08-27 23:19:50,025 - INFO -     90%置信区间: (11.286421, 11.292910) mm
2025-08-27 23:19:50,025 - INFO -     误差范围: ±0.003245 mm
2025-08-27 23:19:50,025 - INFO -   到表面距离:
2025-08-27 23:19:50,027 - INFO -     平均值: -0.8813 mm
2025-08-27 23:19:50,027 - INFO -     最小值: -1.7256 mm
2025-08-27 23:19:50,028 - INFO -     最大值: -0.2069 mm
2025-08-27 23:19:50,028 - INFO -     标准差: 0.2122 mm
2025-08-27 23:19:50,028 - INFO -     范围:   1.5187 mm
2025-08-27 23:19:50,028 - INFO -     标准误差: 0.001912 mm
2025-08-27 23:19:50,030 - INFO -     90%置信区间: (-0.884485, -0.878195) mm
2025-08-27 23:19:50,031 - INFO -     误差范围: ±0.003145 mm
2025-08-27 23:19:50,031 - INFO - 
【LOWER_EYELID】点统计 (出现15400次):
2025-08-27 23:19:50,031 - INFO - ------------------------------------------------------------
2025-08-27 23:19:50,032 - INFO -   到中心距离:
2025-08-27 23:19:50,032 - INFO -     平均值: 13.1298 mm
2025-08-27 23:19:50,032 - INFO -     最小值: 10.9534 mm
2025-08-27 23:19:50,033 - INFO -     最大值: 16.1149 mm
2025-08-27 23:19:50,033 - INFO -     标准差: 0.9206 mm
2025-08-27 23:19:50,033 - INFO -     范围:   5.1615 mm
2025-08-27 23:19:50,033 - INFO -     标准误差: 0.007418 mm
2025-08-27 23:19:50,033 - INFO -     90%置信区间: (13.117561, 13.141967) mm
2025-08-27 23:19:50,033 - INFO -     误差范围: ±0.012203 mm
2025-08-27 23:19:50,033 - INFO -   到表面距离:
2025-08-27 23:19:50,033 - INFO -     平均值: 0.9588 mm
2025-08-27 23:19:50,037 - INFO -     最小值: -1.1806 mm
2025-08-27 23:19:50,037 - INFO -     最大值: 3.9041 mm
2025-08-27 23:19:50,037 - INFO -     标准差: 0.9168 mm
2025-08-27 23:19:50,038 - INFO -     范围:   5.0847 mm
2025-08-27 23:19:50,038 - INFO -     标准误差: 0.007388 mm
2025-08-27 23:19:50,038 - INFO -     90%置信区间: (0.946613, 0.970918) mm
2025-08-27 23:19:50,039 - INFO -     误差范围: ±0.012152 mm
2025-08-27 23:19:50,039 - INFO - 
【OUTER_CANTHUS】点统计 (出现3080次):
2025-08-27 23:19:50,040 - INFO - ------------------------------------------------------------
2025-08-27 23:19:50,040 - INFO -   到中心距离:
2025-08-27 23:19:50,040 - INFO -     平均值: 16.8998 mm
2025-08-27 23:19:50,040 - INFO -     最小值: 9.5038 mm
2025-08-27 23:19:50,040 - INFO -     最大值: 20.8806 mm
2025-08-27 23:19:50,040 - INFO -     标准差: 1.9712 mm
2025-08-27 23:19:50,040 - INFO -     范围:   11.3768 mm
2025-08-27 23:19:50,042 - INFO -     标准误差: 0.035519 mm
2025-08-27 23:19:50,043 - INFO -     90%置信区间: (16.841368, 16.958251) mm
2025-08-27 23:19:50,043 - INFO -     误差范围: ±0.058442 mm
2025-08-27 23:19:50,045 - INFO -   到表面距离:
2025-08-27 23:19:50,045 - INFO -     平均值: 4.7288 mm
2025-08-27 23:19:50,046 - INFO -     最小值: -2.6302 mm
2025-08-27 23:19:50,046 - INFO -     最大值: 8.7534 mm
2025-08-27 23:19:50,048 - INFO -     标准差: 1.9600 mm
2025-08-27 23:19:50,048 - INFO -     范围:   11.3836 mm
2025-08-27 23:19:50,048 - INFO -     标准误差: 0.035316 mm
2025-08-27 23:19:50,048 - INFO -     90%置信区间: (4.670700, 4.786915) mm
2025-08-27 23:19:50,050 - INFO -     误差范围: ±0.058108 mm
2025-08-27 23:19:50,050 - INFO - 
【PUPIL】点统计 (出现3080次):
2025-08-27 23:19:50,050 - INFO - ------------------------------------------------------------
2025-08-27 23:19:50,053 - INFO -   到中心距离:
2025-08-27 23:19:50,054 - INFO -     平均值: 8.4860 mm
2025-08-27 23:19:50,056 - INFO -     最小值: 6.1771 mm
2025-08-27 23:19:50,056 - INFO -     最大值: 9.8860 mm
2025-08-27 23:19:50,056 - INFO -     标准差: 0.4395 mm
2025-08-27 23:19:50,056 - INFO -     范围:   3.7089 mm
2025-08-27 23:19:50,058 - INFO -     标准误差: 0.007920 mm
2025-08-27 23:19:50,059 - INFO -     90%置信区间: (8.472920, 8.498981) mm
2025-08-27 23:19:50,059 - INFO -     误差范围: ±0.013030 mm
2025-08-27 23:19:50,059 - INFO -   到表面距离:
2025-08-27 23:19:50,059 - INFO -     平均值: -3.6851 mm
2025-08-27 23:19:50,059 - INFO -     最小值: -6.0617 mm
2025-08-27 23:19:50,059 - INFO -     最大值: -2.2295 mm
2025-08-27 23:19:50,059 - INFO -     标准差: 0.4665 mm
2025-08-27 23:19:50,059 - INFO -     范围:   3.8322 mm
2025-08-27 23:19:50,059 - INFO -     标准误差: 0.008405 mm
2025-08-27 23:19:50,059 - INFO -     90%置信区间: (-3.698883, -3.671223) mm
2025-08-27 23:19:50,059 - INFO -     误差范围: ±0.013830 mm
2025-08-27 23:19:50,059 - INFO - 
【UPPER_EYELID】点统计 (出现15400次):
2025-08-27 23:19:50,063 - INFO - ------------------------------------------------------------
2025-08-27 23:19:50,063 - INFO -   到中心距离:
2025-08-27 23:19:50,063 - INFO -     平均值: 12.2951 mm
2025-08-27 23:19:50,063 - INFO -     最小值: 10.6660 mm
2025-08-27 23:19:50,063 - INFO -     最大值: 15.2031 mm
2025-08-27 23:19:50,065 - INFO -     标准差: 0.8205 mm
2025-08-27 23:19:50,065 - INFO -     范围:   4.5371 mm
2025-08-27 23:19:50,065 - INFO -     标准误差: 0.006611 mm
2025-08-27 23:19:50,065 - INFO -     90%置信区间: (12.284196, 12.305947) mm
2025-08-27 23:19:50,065 - INFO -     误差范围: ±0.010876 mm
2025-08-27 23:19:50,067 - INFO -   到表面距离:
2025-08-27 23:19:50,067 - INFO -     平均值: 0.1241 mm
2025-08-27 23:19:50,067 - INFO -     最小值: -1.4679 mm
2025-08-27 23:19:50,067 - INFO -     最大值: 2.9923 mm
2025-08-27 23:19:50,067 - INFO -     标准差: 0.8197 mm
2025-08-27 23:19:50,067 - INFO -     范围:   4.4602 mm
2025-08-27 23:19:50,067 - INFO -     标准误差: 0.006606 mm
2025-08-27 23:19:50,067 - INFO -     90%置信区间: (0.113209, 0.134940) mm
2025-08-27 23:19:50,067 - INFO -     误差范围: ±0.010866 mm
2025-08-27 23:19:50,067 - INFO - 
【整体统计】:
2025-08-27 23:19:50,067 - INFO - ------------------------------------------------------------
2025-08-27 23:19:50,102 - INFO -   到中心距离:
2025-08-27 23:19:50,103 - INFO -     平均值: 12.7230 mm
2025-08-27 23:19:50,103 - INFO -     最小值: 8.4860 mm
2025-08-27 23:19:50,104 - INFO -     最大值: 18.6231 mm
2025-08-27 23:19:50,104 - INFO -     标准差: 2.1716 mm
2025-08-27 23:19:50,104 - INFO -     范围:   10.1371 mm
2025-08-27 23:19:50,105 - INFO -     标准误差: 0.009490 mm
2025-08-27 23:19:50,105 - INFO -     90%置信区间: (12.707428, 12.738649) mm
2025-08-27 23:19:50,105 - INFO -     误差范围: ±0.015610 mm
2025-08-27 23:19:50,105 - INFO -   到表面距离:
2025-08-27 23:19:50,105 - INFO -     平均值: 0.5520 mm
2025-08-27 23:19:50,107 - INFO -     最小值: -3.6851 mm
2025-08-27 23:19:50,107 - INFO -     最大值: 6.4521 mm
2025-08-27 23:19:50,107 - INFO -     标准差: 2.1716 mm
2025-08-27 23:19:50,108 - INFO -     范围:   10.1371 mm
2025-08-27 23:19:50,108 - INFO -     标准误差: 0.009490 mm
2025-08-27 23:19:50,109 - INFO -     90%置信区间: (0.536428, 0.567649) mm
2025-08-27 23:19:50,109 - INFO -     误差范围: ±0.015610 mm
2025-08-27 23:19:50,109 - INFO - 分析完成，结果已保存到: result.log
2025-08-27 23:20:35,016 - INFO - 分析结果将保存到: result.log
2025-08-28 00:32:12,501 - INFO - 分析结果将保存到: static/data/result.log
2025-08-28 00:32:12,502 - INFO - 找到 1 个日志文件: ['logs/recognition_20250827_225404.log']
2025-08-28 00:32:12,502 - INFO - 分析单个日志文件: logs/recognition_20250827_225404.log
