2026-02-06 22:49:28,675 - project.core.recognition.landmark_extractor - ERROR - 提取关键点失败: module 'mediapipe' has no attribute 'solutions'
2026-02-06 22:49:38,917 - project.core.recognition.landmark_extractor - ERROR - 提取关键点失败: module 'mediapipe' has no attribute 'solutions'
2026-02-06 22:49:46,208 - project.core.recognition.landmark_extractor - ERROR - 提取关键点失败: module 'mediapipe' has no attribute 'solutions'
2026-02-06 22:49:49,778 - project.core.recognition.landmark_extractor - ERROR - 提取关键点失败: module 'mediapipe' has no attribute 'solutions'
2026-02-06 22:53:53,929 - project.core.recognition.landmark_extractor - ERROR - 提取关键点失败: module 'mediapipe' has no attribute 'solutions'
2026-02-06 22:56:25,135 - project.core.recognition.landmark_extractor - ERROR - 提取关键点失败: module 'mediapipe' has no attribute 'solutions'
2026-02-06 22:57:19,985 - project.core.recognition.landmark_extractor - ERROR - 提取关键点失败: module 'mediapipe' has no attribute 'solutions'
2026-02-06 23:02:45,865 - project.core.recognition.landmark_extractor - ERROR - 提取关键点失败: function 'free' not found
2026-02-06 23:08:00,009 - root - ERROR - 无法找到有效的瞳孔点或虹膜点进行初始化
2026-02-06 23:08:00,009 - project.main - ERROR - 处理识别完成事件时出错: Cannot cast ufunc 'add' output from dtype('float64') to dtype('int64') with casting rule 'same_kind'
Traceback (most recent call last):
  File "D:\my_projects\gaze\project\main.py", line 80, in _on_recognition_complete
    fitting_results = fit_all_eyes(data)
  File "D:\my_projects\gaze\project\core\fitting\fitting_strategy.py", line 1473, in fit_all_eyes
    results = controller.fit_all_eyes()
  File "D:\my_projects\gaze\project\core\fitting\fitting_strategy.py", line 1384, in fit_all_eyes
    results[eye] = self.fit_eye(eye)
                   ~~~~~~~~~~~~^^^^^
  File "D:\my_projects\gaze\project\core\fitting\fitting_strategy.py", line 1286, in fit_eye
    result = strategy.optimizer.optimize(initial_params, sampled_fitting, sampled_constraint)
  File "D:\my_projects\gaze\project\core\fitting\fitting_strategy.py", line 1104, in optimize
    result = self.base_optimizer.optimize(initial_params, sampled_fitting_points, sampled_constraint_points)
  File "D:\my_projects\gaze\project\core\fitting\fitting_strategy.py", line 951, in optimize
    new_params.center += delta[:3]
numpy._core._exceptions._UFuncOutputCastingError: Cannot cast ufunc 'add' output from dtype('float64') to dtype('int64') with casting rule 'same_kind'
2026-02-06 23:41:24,385 - project.managers - ERROR - 回调执行失败 rough_gaze_update: main thread is not in main loop
Traceback (most recent call last):
  File "D:\my_projects\gaze\project\managers.py", line 239, in emit
    callback(*args, **kwargs)
    ~~~~~~~~^^^^^^^^^^^^^^^^^
  File "D:\my_projects\gaze\project\client\kappa\ui.py", line 182, in _on_rough_gaze_update
    self.root.after(0, lambda: self.animation_effect.update_rough_gaze(calibration_request.intersection))
    ~~~~~~~~~~~~~~~^^^^^^^^^^^^^^^^^^^^^^^^^^^^^^^^^^^^^^^^^^^^^^^^^^^^^^^^^^^^^^^^^^^^^^^^^^^^^^^^^^^^^^
  File "C:\Program Files\WindowsApps\PythonSoftwareFoundation.Python.3.13_3.13.3312.0_x64__qbz5n2kfra8p0\Lib\tkinter\__init__.py", line 873, in after
    name = self._register(callit)
  File "C:\Program Files\WindowsApps\PythonSoftwareFoundation.Python.3.13_3.13.3312.0_x64__qbz5n2kfra8p0\Lib\tkinter\__init__.py", line 1698, in _register
    self.tk.createcommand(name, f)
    ~~~~~~~~~~~~~~~~~~~~~^^^^^^^^^
RuntimeError: main thread is not in main loop
2026-02-06 23:41:26,569 - project.managers - ERROR - 回调执行失败 rough_gaze_update: main thread is not in main loop
Traceback (most recent call last):
  File "D:\my_projects\gaze\project\managers.py", line 239, in emit
    callback(*args, **kwargs)
    ~~~~~~~~^^^^^^^^^^^^^^^^^
  File "D:\my_projects\gaze\project\client\kappa\ui.py", line 182, in _on_rough_gaze_update
    self.root.after(0, lambda: self.animation_effect.update_rough_gaze(calibration_request.intersection))
    ~~~~~~~~~~~~~~~^^^^^^^^^^^^^^^^^^^^^^^^^^^^^^^^^^^^^^^^^^^^^^^^^^^^^^^^^^^^^^^^^^^^^^^^^^^^^^^^^^^^^^
  File "C:\Program Files\WindowsApps\PythonSoftwareFoundation.Python.3.13_3.13.3312.0_x64__qbz5n2kfra8p0\Lib\tkinter\__init__.py", line 873, in after
    name = self._register(callit)
  File "C:\Program Files\WindowsApps\PythonSoftwareFoundation.Python.3.13_3.13.3312.0_x64__qbz5n2kfra8p0\Lib\tkinter\__init__.py", line 1698, in _register
    self.tk.createcommand(name, f)
    ~~~~~~~~~~~~~~~~~~~~~^^^^^^^^^
RuntimeError: main thread is not in main loop
