2025-09-26 15:11:13,571 - project.core.fitting.main - ERROR - 拟合过程中发生异常: list index out of range
2025-09-26 15:11:13,571 - project.core.fitting.main - ERROR - 异常堆栈: Traceback (most recent call last):
  File "C:\Users\86158\Desktop\gaze_venv\gaze-refactor\project\core\fitting\main.py", line 42, in run
    pupil_center = self.data_manager.get_coordinate_point(eye, "pupil")[0]
                   ~~~~~~~~~~~~~~~~~~~~~~~~~~~~~~~~~~~~~~~~~~~~~~~~~~~~^^^
IndexError: list index out of range

2025-09-26 15:11:15,035 - project.core.fitting.main - ERROR - 拟合过程中发生异常: list index out of range
2025-09-26 15:11:15,045 - project.core.fitting.main - ERROR - 异常堆栈: Traceback (most recent call last):
  File "C:\Users\86158\Desktop\gaze_venv\gaze-refactor\project\core\fitting\main.py", line 42, in run
    pupil_center = self.data_manager.get_coordinate_point(eye, "pupil")[0]
                   ~~~~~~~~~~~~~~~~~~~~~~~~~~~~~~~~~~~~~~~~~~~~~~~~~~~~^^^
IndexError: list index out of range

2025-09-26 15:11:15,257 - project.core.fitting.main - ERROR - 拟合过程中发生异常: list index out of range
2025-09-26 15:11:15,259 - project.core.fitting.main - ERROR - 异常堆栈: Traceback (most recent call last):
  File "C:\Users\86158\Desktop\gaze_venv\gaze-refactor\project\core\fitting\main.py", line 42, in run
    pupil_center = self.data_manager.get_coordinate_point(eye, "pupil")[0]
                   ~~~~~~~~~~~~~~~~~~~~~~~~~~~~~~~~~~~~~~~~~~~~~~~~~~~~^^^
IndexError: list index out of range

2025-09-26 15:11:15,477 - project.core.fitting.main - ERROR - 拟合过程中发生异常: list index out of range
2025-09-26 15:11:15,479 - project.core.fitting.main - ERROR - 异常堆栈: Traceback (most recent call last):
  File "C:\Users\86158\Desktop\gaze_venv\gaze-refactor\project\core\fitting\main.py", line 42, in run
    pupil_center = self.data_manager.get_coordinate_point(eye, "pupil")[0]
                   ~~~~~~~~~~~~~~~~~~~~~~~~~~~~~~~~~~~~~~~~~~~~~~~~~~~~^^^
IndexError: list index out of range

2025-09-26 15:11:15,695 - project.core.fitting.main - ERROR - 拟合过程中发生异常: list index out of range
2025-09-26 15:11:15,695 - project.core.fitting.main - ERROR - 异常堆栈: Traceback (most recent call last):
  File "C:\Users\86158\Desktop\gaze_venv\gaze-refactor\project\core\fitting\main.py", line 42, in run
    pupil_center = self.data_manager.get_coordinate_point(eye, "pupil")[0]
                   ~~~~~~~~~~~~~~~~~~~~~~~~~~~~~~~~~~~~~~~~~~~~~~~~~~~~^^^
IndexError: list index out of range

2025-09-26 15:11:15,887 - project.core.fitting.main - ERROR - 拟合过程中发生异常: list index out of range
2025-09-26 15:11:15,887 - project.core.fitting.main - ERROR - 异常堆栈: Traceback (most recent call last):
  File "C:\Users\86158\Desktop\gaze_venv\gaze-refactor\project\core\fitting\main.py", line 42, in run
    pupil_center = self.data_manager.get_coordinate_point(eye, "pupil")[0]
                   ~~~~~~~~~~~~~~~~~~~~~~~~~~~~~~~~~~~~~~~~~~~~~~~~~~~~^^^
IndexError: list index out of range

2025-09-26 15:11:16,087 - project.core.fitting.main - ERROR - 拟合过程中发生异常: list index out of range
2025-09-26 15:11:16,087 - project.core.fitting.main - ERROR - 异常堆栈: Traceback (most recent call last):
  File "C:\Users\86158\Desktop\gaze_venv\gaze-refactor\project\core\fitting\main.py", line 42, in run
    pupil_center = self.data_manager.get_coordinate_point(eye, "pupil")[0]
                   ~~~~~~~~~~~~~~~~~~~~~~~~~~~~~~~~~~~~~~~~~~~~~~~~~~~~^^^
IndexError: list index out of range

2025-09-26 15:11:16,310 - project.core.fitting.main - ERROR - 拟合过程中发生异常: list index out of range
2025-09-26 15:11:16,310 - project.core.fitting.main - ERROR - 异常堆栈: Traceback (most recent call last):
  File "C:\Users\86158\Desktop\gaze_venv\gaze-refactor\project\core\fitting\main.py", line 42, in run
    pupil_center = self.data_manager.get_coordinate_point(eye, "pupil")[0]
                   ~~~~~~~~~~~~~~~~~~~~~~~~~~~~~~~~~~~~~~~~~~~~~~~~~~~~^^^
IndexError: list index out of range

2025-09-26 15:11:16,491 - project.core.fitting.main - ERROR - 拟合过程中发生异常: list index out of range
2025-09-26 15:11:16,491 - project.core.fitting.main - ERROR - 异常堆栈: Traceback (most recent call last):
  File "C:\Users\86158\Desktop\gaze_venv\gaze-refactor\project\core\fitting\main.py", line 42, in run
    pupil_center = self.data_manager.get_coordinate_point(eye, "pupil")[0]
                   ~~~~~~~~~~~~~~~~~~~~~~~~~~~~~~~~~~~~~~~~~~~~~~~~~~~~^^^
IndexError: list index out of range

2025-09-26 15:11:16,702 - project.core.fitting.main - ERROR - 拟合过程中发生异常: list index out of range
2025-09-26 15:11:16,702 - project.core.fitting.main - ERROR - 异常堆栈: Traceback (most recent call last):
  File "C:\Users\86158\Desktop\gaze_venv\gaze-refactor\project\core\fitting\main.py", line 42, in run
    pupil_center = self.data_manager.get_coordinate_point(eye, "pupil")[0]
                   ~~~~~~~~~~~~~~~~~~~~~~~~~~~~~~~~~~~~~~~~~~~~~~~~~~~~^^^
IndexError: list index out of range

2025-09-26 15:11:16,897 - project.core.fitting.main - ERROR - 拟合过程中发生异常: list index out of range
2025-09-26 15:11:16,897 - project.core.fitting.main - ERROR - 异常堆栈: Traceback (most recent call last):
  File "C:\Users\86158\Desktop\gaze_venv\gaze-refactor\project\core\fitting\main.py", line 42, in run
    pupil_center = self.data_manager.get_coordinate_point(eye, "pupil")[0]
                   ~~~~~~~~~~~~~~~~~~~~~~~~~~~~~~~~~~~~~~~~~~~~~~~~~~~~^^^
IndexError: list index out of range

2025-09-26 15:11:17,106 - project.core.fitting.main - ERROR - 拟合过程中发生异常: list index out of range
2025-09-26 15:11:17,106 - project.core.fitting.main - ERROR - 异常堆栈: Traceback (most recent call last):
  File "C:\Users\86158\Desktop\gaze_venv\gaze-refactor\project\core\fitting\main.py", line 42, in run
    pupil_center = self.data_manager.get_coordinate_point(eye, "pupil")[0]
                   ~~~~~~~~~~~~~~~~~~~~~~~~~~~~~~~~~~~~~~~~~~~~~~~~~~~~^^^
IndexError: list index out of range

2025-09-26 15:11:17,308 - project.core.fitting.main - ERROR - 拟合过程中发生异常: list index out of range
2025-09-26 15:11:17,308 - project.core.fitting.main - ERROR - 异常堆栈: Traceback (most recent call last):
  File "C:\Users\86158\Desktop\gaze_venv\gaze-refactor\project\core\fitting\main.py", line 42, in run
    pupil_center = self.data_manager.get_coordinate_point(eye, "pupil")[0]
                   ~~~~~~~~~~~~~~~~~~~~~~~~~~~~~~~~~~~~~~~~~~~~~~~~~~~~^^^
IndexError: list index out of range

2025-09-26 15:11:17,507 - project.core.fitting.main - ERROR - 拟合过程中发生异常: list index out of range
2025-09-26 15:11:17,507 - project.core.fitting.main - ERROR - 异常堆栈: Traceback (most recent call last):
  File "C:\Users\86158\Desktop\gaze_venv\gaze-refactor\project\core\fitting\main.py", line 42, in run
    pupil_center = self.data_manager.get_coordinate_point(eye, "pupil")[0]
                   ~~~~~~~~~~~~~~~~~~~~~~~~~~~~~~~~~~~~~~~~~~~~~~~~~~~~^^^
IndexError: list index out of range

2025-09-26 15:11:17,748 - project.core.fitting.main - ERROR - 拟合过程中发生异常: list index out of range
2025-09-26 15:11:17,748 - project.core.fitting.main - ERROR - 异常堆栈: Traceback (most recent call last):
  File "C:\Users\86158\Desktop\gaze_venv\gaze-refactor\project\core\fitting\main.py", line 42, in run
    pupil_center = self.data_manager.get_coordinate_point(eye, "pupil")[0]
                   ~~~~~~~~~~~~~~~~~~~~~~~~~~~~~~~~~~~~~~~~~~~~~~~~~~~~^^^
IndexError: list index out of range

2025-09-26 15:11:17,896 - project.core.fitting.main - ERROR - 拟合过程中发生异常: list index out of range
2025-09-26 15:11:17,896 - project.core.fitting.main - ERROR - 异常堆栈: Traceback (most recent call last):
  File "C:\Users\86158\Desktop\gaze_venv\gaze-refactor\project\core\fitting\main.py", line 42, in run
    pupil_center = self.data_manager.get_coordinate_point(eye, "pupil")[0]
                   ~~~~~~~~~~~~~~~~~~~~~~~~~~~~~~~~~~~~~~~~~~~~~~~~~~~~^^^
IndexError: list index out of range

2025-09-26 15:11:18,161 - project.core.fitting.main - ERROR - 拟合过程中发生异常: list index out of range
2025-09-26 15:11:18,162 - project.core.fitting.main - ERROR - 异常堆栈: Traceback (most recent call last):
  File "C:\Users\86158\Desktop\gaze_venv\gaze-refactor\project\core\fitting\main.py", line 42, in run
    pupil_center = self.data_manager.get_coordinate_point(eye, "pupil")[0]
                   ~~~~~~~~~~~~~~~~~~~~~~~~~~~~~~~~~~~~~~~~~~~~~~~~~~~~^^^
IndexError: list index out of range

2025-09-26 15:11:18,428 - project.core.fitting.main - ERROR - 拟合过程中发生异常: list index out of range
2025-09-26 15:11:18,428 - project.core.fitting.main - ERROR - 异常堆栈: Traceback (most recent call last):
  File "C:\Users\86158\Desktop\gaze_venv\gaze-refactor\project\core\fitting\main.py", line 42, in run
    pupil_center = self.data_manager.get_coordinate_point(eye, "pupil")[0]
                   ~~~~~~~~~~~~~~~~~~~~~~~~~~~~~~~~~~~~~~~~~~~~~~~~~~~~^^^
IndexError: list index out of range

2025-09-26 15:11:18,681 - project.core.fitting.main - ERROR - 拟合过程中发生异常: list index out of range
2025-09-26 15:11:18,685 - project.core.fitting.main - ERROR - 异常堆栈: Traceback (most recent call last):
  File "C:\Users\86158\Desktop\gaze_venv\gaze-refactor\project\core\fitting\main.py", line 42, in run
    pupil_center = self.data_manager.get_coordinate_point(eye, "pupil")[0]
                   ~~~~~~~~~~~~~~~~~~~~~~~~~~~~~~~~~~~~~~~~~~~~~~~~~~~~^^^
IndexError: list index out of range

2025-09-26 15:11:18,914 - project.core.fitting.main - ERROR - 拟合过程中发生异常: list index out of range
2025-09-26 15:11:18,914 - project.core.fitting.main - ERROR - 异常堆栈: Traceback (most recent call last):
  File "C:\Users\86158\Desktop\gaze_venv\gaze-refactor\project\core\fitting\main.py", line 42, in run
    pupil_center = self.data_manager.get_coordinate_point(eye, "pupil")[0]
                   ~~~~~~~~~~~~~~~~~~~~~~~~~~~~~~~~~~~~~~~~~~~~~~~~~~~~^^^
IndexError: list index out of range

2025-09-26 15:11:19,143 - project.core.fitting.main - ERROR - 拟合过程中发生异常: list index out of range
2025-09-26 15:11:19,143 - project.core.fitting.main - ERROR - 异常堆栈: Traceback (most recent call last):
  File "C:\Users\86158\Desktop\gaze_venv\gaze-refactor\project\core\fitting\main.py", line 42, in run
    pupil_center = self.data_manager.get_coordinate_point(eye, "pupil")[0]
                   ~~~~~~~~~~~~~~~~~~~~~~~~~~~~~~~~~~~~~~~~~~~~~~~~~~~~^^^
IndexError: list index out of range

2025-09-26 15:11:19,401 - project.core.fitting.main - ERROR - 拟合过程中发生异常: list index out of range
2025-09-26 15:11:19,405 - project.core.fitting.main - ERROR - 异常堆栈: Traceback (most recent call last):
  File "C:\Users\86158\Desktop\gaze_venv\gaze-refactor\project\core\fitting\main.py", line 42, in run
    pupil_center = self.data_manager.get_coordinate_point(eye, "pupil")[0]
                   ~~~~~~~~~~~~~~~~~~~~~~~~~~~~~~~~~~~~~~~~~~~~~~~~~~~~^^^
IndexError: list index out of range

2025-09-26 15:11:19,739 - project.core.fitting.main - ERROR - 拟合过程中发生异常: list index out of range
2025-09-26 15:11:19,739 - project.core.fitting.main - ERROR - 异常堆栈: Traceback (most recent call last):
  File "C:\Users\86158\Desktop\gaze_venv\gaze-refactor\project\core\fitting\main.py", line 42, in run
    pupil_center = self.data_manager.get_coordinate_point(eye, "pupil")[0]
                   ~~~~~~~~~~~~~~~~~~~~~~~~~~~~~~~~~~~~~~~~~~~~~~~~~~~~^^^
IndexError: list index out of range

2025-09-26 15:11:19,997 - project.core.fitting.main - ERROR - 拟合过程中发生异常: list index out of range
2025-09-26 15:11:19,997 - project.core.fitting.main - ERROR - 异常堆栈: Traceback (most recent call last):
  File "C:\Users\86158\Desktop\gaze_venv\gaze-refactor\project\core\fitting\main.py", line 42, in run
    pupil_center = self.data_manager.get_coordinate_point(eye, "pupil")[0]
                   ~~~~~~~~~~~~~~~~~~~~~~~~~~~~~~~~~~~~~~~~~~~~~~~~~~~~^^^
IndexError: list index out of range

2025-09-26 15:11:47,387 - project.core.fitting.main - ERROR - 拟合过程中发生异常: list index out of range
2025-09-26 15:11:47,391 - project.core.fitting.main - ERROR - 异常堆栈: Traceback (most recent call last):
  File "C:\Users\86158\Desktop\gaze_venv\gaze-refactor\project\core\fitting\main.py", line 42, in run
    pupil_center = self.data_manager.get_coordinate_point(eye, "pupil")[0]
                   ~~~~~~~~~~~~~~~~~~~~~~~~~~~~~~~~~~~~~~~~~~~~~~~~~~~~^^^
IndexError: list index out of range

2025-09-26 15:11:47,593 - project.core.fitting.main - ERROR - 拟合过程中发生异常: list index out of range
2025-09-26 15:11:47,593 - project.core.fitting.main - ERROR - 异常堆栈: Traceback (most recent call last):
  File "C:\Users\86158\Desktop\gaze_venv\gaze-refactor\project\core\fitting\main.py", line 42, in run
    pupil_center = self.data_manager.get_coordinate_point(eye, "pupil")[0]
                   ~~~~~~~~~~~~~~~~~~~~~~~~~~~~~~~~~~~~~~~~~~~~~~~~~~~~^^^
IndexError: list index out of range

2025-09-26 15:11:47,804 - project.core.fitting.main - ERROR - 拟合过程中发生异常: list index out of range
2025-09-26 15:11:47,805 - project.core.fitting.main - ERROR - 异常堆栈: Traceback (most recent call last):
  File "C:\Users\86158\Desktop\gaze_venv\gaze-refactor\project\core\fitting\main.py", line 42, in run
    pupil_center = self.data_manager.get_coordinate_point(eye, "pupil")[0]
                   ~~~~~~~~~~~~~~~~~~~~~~~~~~~~~~~~~~~~~~~~~~~~~~~~~~~~^^^
IndexError: list index out of range

2025-09-26 15:11:47,993 - project.core.fitting.main - ERROR - 拟合过程中发生异常: list index out of range
2025-09-26 15:11:47,993 - project.core.fitting.main - ERROR - 异常堆栈: Traceback (most recent call last):
  File "C:\Users\86158\Desktop\gaze_venv\gaze-refactor\project\core\fitting\main.py", line 42, in run
    pupil_center = self.data_manager.get_coordinate_point(eye, "pupil")[0]
                   ~~~~~~~~~~~~~~~~~~~~~~~~~~~~~~~~~~~~~~~~~~~~~~~~~~~~^^^
IndexError: list index out of range

2025-09-26 15:11:48,173 - project.core.fitting.main - ERROR - 拟合过程中发生异常: list index out of range
2025-09-26 15:11:48,173 - project.core.fitting.main - ERROR - 异常堆栈: Traceback (most recent call last):
  File "C:\Users\86158\Desktop\gaze_venv\gaze-refactor\project\core\fitting\main.py", line 42, in run
    pupil_center = self.data_manager.get_coordinate_point(eye, "pupil")[0]
                   ~~~~~~~~~~~~~~~~~~~~~~~~~~~~~~~~~~~~~~~~~~~~~~~~~~~~^^^
IndexError: list index out of range

2025-09-26 15:11:48,371 - project.core.fitting.main - ERROR - 拟合过程中发生异常: list index out of range
2025-09-26 15:11:48,372 - project.core.fitting.main - ERROR - 异常堆栈: Traceback (most recent call last):
  File "C:\Users\86158\Desktop\gaze_venv\gaze-refactor\project\core\fitting\main.py", line 42, in run
    pupil_center = self.data_manager.get_coordinate_point(eye, "pupil")[0]
                   ~~~~~~~~~~~~~~~~~~~~~~~~~~~~~~~~~~~~~~~~~~~~~~~~~~~~^^^
IndexError: list index out of range

2025-09-26 15:11:48,558 - project.core.fitting.main - ERROR - 拟合过程中发生异常: list index out of range
2025-09-26 15:11:48,558 - project.core.fitting.main - ERROR - 异常堆栈: Traceback (most recent call last):
  File "C:\Users\86158\Desktop\gaze_venv\gaze-refactor\project\core\fitting\main.py", line 42, in run
    pupil_center = self.data_manager.get_coordinate_point(eye, "pupil")[0]
                   ~~~~~~~~~~~~~~~~~~~~~~~~~~~~~~~~~~~~~~~~~~~~~~~~~~~~^^^
IndexError: list index out of range

2025-09-26 15:11:48,751 - project.core.fitting.main - ERROR - 拟合过程中发生异常: list index out of range
2025-09-26 15:11:48,751 - project.core.fitting.main - ERROR - 异常堆栈: Traceback (most recent call last):
  File "C:\Users\86158\Desktop\gaze_venv\gaze-refactor\project\core\fitting\main.py", line 42, in run
    pupil_center = self.data_manager.get_coordinate_point(eye, "pupil")[0]
                   ~~~~~~~~~~~~~~~~~~~~~~~~~~~~~~~~~~~~~~~~~~~~~~~~~~~~^^^
IndexError: list index out of range

2025-09-26 15:11:48,938 - project.core.fitting.main - ERROR - 拟合过程中发生异常: list index out of range
2025-09-26 15:11:48,938 - project.core.fitting.main - ERROR - 异常堆栈: Traceback (most recent call last):
  File "C:\Users\86158\Desktop\gaze_venv\gaze-refactor\project\core\fitting\main.py", line 42, in run
    pupil_center = self.data_manager.get_coordinate_point(eye, "pupil")[0]
                   ~~~~~~~~~~~~~~~~~~~~~~~~~~~~~~~~~~~~~~~~~~~~~~~~~~~~^^^
IndexError: list index out of range

2025-09-26 15:11:49,164 - project.core.fitting.main - ERROR - 拟合过程中发生异常: list index out of range
2025-09-26 15:11:49,164 - project.core.fitting.main - ERROR - 异常堆栈: Traceback (most recent call last):
  File "C:\Users\86158\Desktop\gaze_venv\gaze-refactor\project\core\fitting\main.py", line 42, in run
    pupil_center = self.data_manager.get_coordinate_point(eye, "pupil")[0]
                   ~~~~~~~~~~~~~~~~~~~~~~~~~~~~~~~~~~~~~~~~~~~~~~~~~~~~^^^
IndexError: list index out of range

2025-09-26 15:11:49,325 - project.core.fitting.main - ERROR - 拟合过程中发生异常: list index out of range
2025-09-26 15:11:49,325 - project.core.fitting.main - ERROR - 异常堆栈: Traceback (most recent call last):
  File "C:\Users\86158\Desktop\gaze_venv\gaze-refactor\project\core\fitting\main.py", line 42, in run
    pupil_center = self.data_manager.get_coordinate_point(eye, "pupil")[0]
                   ~~~~~~~~~~~~~~~~~~~~~~~~~~~~~~~~~~~~~~~~~~~~~~~~~~~~^^^
IndexError: list index out of range

2025-09-26 15:11:49,522 - project.core.fitting.main - ERROR - 拟合过程中发生异常: list index out of range
2025-09-26 15:11:49,522 - project.core.fitting.main - ERROR - 异常堆栈: Traceback (most recent call last):
  File "C:\Users\86158\Desktop\gaze_venv\gaze-refactor\project\core\fitting\main.py", line 42, in run
    pupil_center = self.data_manager.get_coordinate_point(eye, "pupil")[0]
                   ~~~~~~~~~~~~~~~~~~~~~~~~~~~~~~~~~~~~~~~~~~~~~~~~~~~~^^^
IndexError: list index out of range

2025-09-26 15:11:49,751 - project.core.fitting.main - ERROR - 拟合过程中发生异常: list index out of range
2025-09-26 15:11:49,751 - project.core.fitting.main - ERROR - 异常堆栈: Traceback (most recent call last):
  File "C:\Users\86158\Desktop\gaze_venv\gaze-refactor\project\core\fitting\main.py", line 42, in run
    pupil_center = self.data_manager.get_coordinate_point(eye, "pupil")[0]
                   ~~~~~~~~~~~~~~~~~~~~~~~~~~~~~~~~~~~~~~~~~~~~~~~~~~~~^^^
IndexError: list index out of range

2025-09-26 15:11:49,937 - project.core.fitting.main - ERROR - 拟合过程中发生异常: list index out of range
2025-09-26 15:11:49,937 - project.core.fitting.main - ERROR - 异常堆栈: Traceback (most recent call last):
  File "C:\Users\86158\Desktop\gaze_venv\gaze-refactor\project\core\fitting\main.py", line 42, in run
    pupil_center = self.data_manager.get_coordinate_point(eye, "pupil")[0]
                   ~~~~~~~~~~~~~~~~~~~~~~~~~~~~~~~~~~~~~~~~~~~~~~~~~~~~^^^
IndexError: list index out of range

2025-09-26 15:11:50,124 - project.core.fitting.main - ERROR - 拟合过程中发生异常: list index out of range
2025-09-26 15:11:50,128 - project.core.fitting.main - ERROR - 异常堆栈: Traceback (most recent call last):
  File "C:\Users\86158\Desktop\gaze_venv\gaze-refactor\project\core\fitting\main.py", line 42, in run
    pupil_center = self.data_manager.get_coordinate_point(eye, "pupil")[0]
                   ~~~~~~~~~~~~~~~~~~~~~~~~~~~~~~~~~~~~~~~~~~~~~~~~~~~~^^^
IndexError: list index out of range

2025-09-26 15:11:50,327 - project.core.fitting.main - ERROR - 拟合过程中发生异常: list index out of range
2025-09-26 15:11:50,327 - project.core.fitting.main - ERROR - 异常堆栈: Traceback (most recent call last):
  File "C:\Users\86158\Desktop\gaze_venv\gaze-refactor\project\core\fitting\main.py", line 42, in run
    pupil_center = self.data_manager.get_coordinate_point(eye, "pupil")[0]
                   ~~~~~~~~~~~~~~~~~~~~~~~~~~~~~~~~~~~~~~~~~~~~~~~~~~~~^^^
IndexError: list index out of range

2025-09-26 15:11:50,533 - project.core.fitting.main - ERROR - 拟合过程中发生异常: list index out of range
2025-09-26 15:11:50,535 - project.core.fitting.main - ERROR - 异常堆栈: Traceback (most recent call last):
  File "C:\Users\86158\Desktop\gaze_venv\gaze-refactor\project\core\fitting\main.py", line 42, in run
    pupil_center = self.data_manager.get_coordinate_point(eye, "pupil")[0]
                   ~~~~~~~~~~~~~~~~~~~~~~~~~~~~~~~~~~~~~~~~~~~~~~~~~~~~^^^
IndexError: list index out of range

2025-09-26 15:11:50,727 - project.core.fitting.main - ERROR - 拟合过程中发生异常: list index out of range
2025-09-26 15:11:50,727 - project.core.fitting.main - ERROR - 异常堆栈: Traceback (most recent call last):
  File "C:\Users\86158\Desktop\gaze_venv\gaze-refactor\project\core\fitting\main.py", line 42, in run
    pupil_center = self.data_manager.get_coordinate_point(eye, "pupil")[0]
                   ~~~~~~~~~~~~~~~~~~~~~~~~~~~~~~~~~~~~~~~~~~~~~~~~~~~~^^^
IndexError: list index out of range

2025-09-26 15:11:50,924 - project.core.fitting.main - ERROR - 拟合过程中发生异常: list index out of range
2025-09-26 15:11:50,924 - project.core.fitting.main - ERROR - 异常堆栈: Traceback (most recent call last):
  File "C:\Users\86158\Desktop\gaze_venv\gaze-refactor\project\core\fitting\main.py", line 42, in run
    pupil_center = self.data_manager.get_coordinate_point(eye, "pupil")[0]
                   ~~~~~~~~~~~~~~~~~~~~~~~~~~~~~~~~~~~~~~~~~~~~~~~~~~~~^^^
IndexError: list index out of range

2025-09-26 15:11:51,112 - project.core.fitting.main - ERROR - 拟合过程中发生异常: list index out of range
2025-09-26 15:11:51,112 - project.core.fitting.main - ERROR - 异常堆栈: Traceback (most recent call last):
  File "C:\Users\86158\Desktop\gaze_venv\gaze-refactor\project\core\fitting\main.py", line 42, in run
    pupil_center = self.data_manager.get_coordinate_point(eye, "pupil")[0]
                   ~~~~~~~~~~~~~~~~~~~~~~~~~~~~~~~~~~~~~~~~~~~~~~~~~~~~^^^
IndexError: list index out of range

2025-09-26 15:11:51,799 - project.core.fitting.main - ERROR - 拟合过程中发生异常: list index out of range
2025-09-26 15:11:51,799 - project.core.fitting.main - ERROR - 异常堆栈: Traceback (most recent call last):
  File "C:\Users\86158\Desktop\gaze_venv\gaze-refactor\project\core\fitting\main.py", line 42, in run
    pupil_center = self.data_manager.get_coordinate_point(eye, "pupil")[0]
                   ~~~~~~~~~~~~~~~~~~~~~~~~~~~~~~~~~~~~~~~~~~~~~~~~~~~~^^^
IndexError: list index out of range

2025-09-26 15:11:51,967 - project.core.fitting.main - ERROR - 拟合过程中发生异常: list index out of range
2025-09-26 15:11:51,969 - project.core.fitting.main - ERROR - 异常堆栈: Traceback (most recent call last):
  File "C:\Users\86158\Desktop\gaze_venv\gaze-refactor\project\core\fitting\main.py", line 42, in run
    pupil_center = self.data_manager.get_coordinate_point(eye, "pupil")[0]
                   ~~~~~~~~~~~~~~~~~~~~~~~~~~~~~~~~~~~~~~~~~~~~~~~~~~~~^^^
IndexError: list index out of range

2025-09-26 15:11:53,915 - project.core.fitting.main - ERROR - 拟合过程中发生异常: list index out of range
2025-09-26 15:11:53,915 - project.core.fitting.main - ERROR - 异常堆栈: Traceback (most recent call last):
  File "C:\Users\86158\Desktop\gaze_venv\gaze-refactor\project\core\fitting\main.py", line 42, in run
    pupil_center = self.data_manager.get_coordinate_point(eye, "pupil")[0]
                   ~~~~~~~~~~~~~~~~~~~~~~~~~~~~~~~~~~~~~~~~~~~~~~~~~~~~^^^
IndexError: list index out of range

2025-09-26 15:11:54,095 - project.core.fitting.main - ERROR - 拟合过程中发生异常: list index out of range
2025-09-26 15:11:54,095 - project.core.fitting.main - ERROR - 异常堆栈: Traceback (most recent call last):
  File "C:\Users\86158\Desktop\gaze_venv\gaze-refactor\project\core\fitting\main.py", line 42, in run
    pupil_center = self.data_manager.get_coordinate_point(eye, "pupil")[0]
                   ~~~~~~~~~~~~~~~~~~~~~~~~~~~~~~~~~~~~~~~~~~~~~~~~~~~~^^^
IndexError: list index out of range

2025-09-26 15:11:55,527 - project.core.fitting.main - ERROR - 拟合过程中发生异常: list index out of range
2025-09-26 15:11:55,527 - project.core.fitting.main - ERROR - 异常堆栈: Traceback (most recent call last):
  File "C:\Users\86158\Desktop\gaze_venv\gaze-refactor\project\core\fitting\main.py", line 42, in run
    pupil_center = self.data_manager.get_coordinate_point(eye, "pupil")[0]
                   ~~~~~~~~~~~~~~~~~~~~~~~~~~~~~~~~~~~~~~~~~~~~~~~~~~~~^^^
IndexError: list index out of range

2025-09-26 15:11:55,820 - project.core.fitting.main - ERROR - 拟合过程中发生异常: list index out of range
2025-09-26 15:11:55,820 - project.core.fitting.main - ERROR - 异常堆栈: Traceback (most recent call last):
  File "C:\Users\86158\Desktop\gaze_venv\gaze-refactor\project\core\fitting\main.py", line 42, in run
    pupil_center = self.data_manager.get_coordinate_point(eye, "pupil")[0]
                   ~~~~~~~~~~~~~~~~~~~~~~~~~~~~~~~~~~~~~~~~~~~~~~~~~~~~^^^
IndexError: list index out of range

2025-09-26 15:11:55,994 - project.core.fitting.main - ERROR - 拟合过程中发生异常: list index out of range
2025-09-26 15:11:55,996 - project.core.fitting.main - ERROR - 异常堆栈: Traceback (most recent call last):
  File "C:\Users\86158\Desktop\gaze_venv\gaze-refactor\project\core\fitting\main.py", line 42, in run
    pupil_center = self.data_manager.get_coordinate_point(eye, "pupil")[0]
                   ~~~~~~~~~~~~~~~~~~~~~~~~~~~~~~~~~~~~~~~~~~~~~~~~~~~~^^^
IndexError: list index out of range

2025-09-26 15:11:56,255 - project.core.fitting.main - ERROR - 拟合过程中发生异常: list index out of range
2025-09-26 15:11:56,255 - project.core.fitting.main - ERROR - 异常堆栈: Traceback (most recent call last):
  File "C:\Users\86158\Desktop\gaze_venv\gaze-refactor\project\core\fitting\main.py", line 42, in run
    pupil_center = self.data_manager.get_coordinate_point(eye, "pupil")[0]
                   ~~~~~~~~~~~~~~~~~~~~~~~~~~~~~~~~~~~~~~~~~~~~~~~~~~~~^^^
IndexError: list index out of range

2025-09-26 15:11:56,416 - project.core.fitting.main - ERROR - 拟合过程中发生异常: list index out of range
2025-09-26 15:11:56,417 - project.core.fitting.main - ERROR - 异常堆栈: Traceback (most recent call last):
  File "C:\Users\86158\Desktop\gaze_venv\gaze-refactor\project\core\fitting\main.py", line 42, in run
    pupil_center = self.data_manager.get_coordinate_point(eye, "pupil")[0]
                   ~~~~~~~~~~~~~~~~~~~~~~~~~~~~~~~~~~~~~~~~~~~~~~~~~~~~^^^
IndexError: list index out of range

2025-09-26 15:11:56,833 - project.core.fitting.main - ERROR - 拟合过程中发生异常: list index out of range
2025-09-26 15:11:56,833 - project.core.fitting.main - ERROR - 异常堆栈: Traceback (most recent call last):
  File "C:\Users\86158\Desktop\gaze_venv\gaze-refactor\project\core\fitting\main.py", line 42, in run
    pupil_center = self.data_manager.get_coordinate_point(eye, "pupil")[0]
                   ~~~~~~~~~~~~~~~~~~~~~~~~~~~~~~~~~~~~~~~~~~~~~~~~~~~~^^^
IndexError: list index out of range

2025-09-26 15:11:57,012 - project.core.fitting.main - ERROR - 拟合过程中发生异常: list index out of range
2025-09-26 15:11:57,012 - project.core.fitting.main - ERROR - 异常堆栈: Traceback (most recent call last):
  File "C:\Users\86158\Desktop\gaze_venv\gaze-refactor\project\core\fitting\main.py", line 42, in run
    pupil_center = self.data_manager.get_coordinate_point(eye, "pupil")[0]
                   ~~~~~~~~~~~~~~~~~~~~~~~~~~~~~~~~~~~~~~~~~~~~~~~~~~~~^^^
IndexError: list index out of range

2025-09-26 15:11:57,194 - project.core.fitting.main - ERROR - 拟合过程中发生异常: list index out of range
2025-09-26 15:11:57,194 - project.core.fitting.main - ERROR - 异常堆栈: Traceback (most recent call last):
  File "C:\Users\86158\Desktop\gaze_venv\gaze-refactor\project\core\fitting\main.py", line 42, in run
    pupil_center = self.data_manager.get_coordinate_point(eye, "pupil")[0]
                   ~~~~~~~~~~~~~~~~~~~~~~~~~~~~~~~~~~~~~~~~~~~~~~~~~~~~^^^
IndexError: list index out of range

2025-09-26 15:11:57,335 - project.core.fitting.main - ERROR - 拟合过程中发生异常: list index out of range
2025-09-26 15:11:57,335 - project.core.fitting.main - ERROR - 异常堆栈: Traceback (most recent call last):
  File "C:\Users\86158\Desktop\gaze_venv\gaze-refactor\project\core\fitting\main.py", line 42, in run
    pupil_center = self.data_manager.get_coordinate_point(eye, "pupil")[0]
                   ~~~~~~~~~~~~~~~~~~~~~~~~~~~~~~~~~~~~~~~~~~~~~~~~~~~~^^^
IndexError: list index out of range

2025-09-26 15:11:57,521 - project.core.fitting.main - ERROR - 拟合过程中发生异常: list index out of range
2025-09-26 15:11:57,521 - project.core.fitting.main - ERROR - 异常堆栈: Traceback (most recent call last):
  File "C:\Users\86158\Desktop\gaze_venv\gaze-refactor\project\core\fitting\main.py", line 42, in run
    pupil_center = self.data_manager.get_coordinate_point(eye, "pupil")[0]
                   ~~~~~~~~~~~~~~~~~~~~~~~~~~~~~~~~~~~~~~~~~~~~~~~~~~~~^^^
IndexError: list index out of range

2025-09-26 15:11:57,709 - project.core.fitting.main - ERROR - 拟合过程中发生异常: list index out of range
2025-09-26 15:11:57,709 - project.core.fitting.main - ERROR - 异常堆栈: Traceback (most recent call last):
  File "C:\Users\86158\Desktop\gaze_venv\gaze-refactor\project\core\fitting\main.py", line 42, in run
    pupil_center = self.data_manager.get_coordinate_point(eye, "pupil")[0]
                   ~~~~~~~~~~~~~~~~~~~~~~~~~~~~~~~~~~~~~~~~~~~~~~~~~~~~^^^
IndexError: list index out of range

2025-09-26 15:11:57,865 - project.core.fitting.main - ERROR - 拟合过程中发生异常: list index out of range
2025-09-26 15:11:57,865 - project.core.fitting.main - ERROR - 异常堆栈: Traceback (most recent call last):
  File "C:\Users\86158\Desktop\gaze_venv\gaze-refactor\project\core\fitting\main.py", line 42, in run
    pupil_center = self.data_manager.get_coordinate_point(eye, "pupil")[0]
                   ~~~~~~~~~~~~~~~~~~~~~~~~~~~~~~~~~~~~~~~~~~~~~~~~~~~~^^^
IndexError: list index out of range

2025-09-26 15:11:58,121 - project.core.fitting.main - ERROR - 拟合过程中发生异常: list index out of range
2025-09-26 15:11:58,123 - project.core.fitting.main - ERROR - 异常堆栈: Traceback (most recent call last):
  File "C:\Users\86158\Desktop\gaze_venv\gaze-refactor\project\core\fitting\main.py", line 42, in run
    pupil_center = self.data_manager.get_coordinate_point(eye, "pupil")[0]
                   ~~~~~~~~~~~~~~~~~~~~~~~~~~~~~~~~~~~~~~~~~~~~~~~~~~~~^^^
IndexError: list index out of range

