2025-08-28 03:13:27,439 - INFO - 日志文件创建: logs\recognition_20250828_031327.log
2025-08-28 03:13:29,668 - DEBUG - 深度图范围: min=600.000000, max=600.000000
2025-08-28 03:13:29,668 - DEBUG - 检测到毫米单位，乘以depth_scale=0.001
2025-08-28 03:13:29,670 - INFO - 批量转换完成：成功 1/1 个关键点
2025-08-28 03:13:29,671 - INFO - 批量转换完成：成功 4/4 个关键点
2025-08-28 03:13:29,671 - INFO - 批量转换完成：成功 1/1 个关键点
2025-08-28 03:13:29,672 - INFO - 批量转换完成：成功 5/5 个关键点
2025-08-28 03:13:29,673 - INFO - 批量转换完成：成功 5/5 个关键点
2025-08-28 03:13:29,675 - INFO - 批量转换完成：成功 1/1 个关键点
2025-08-28 03:13:29,675 - INFO - 批量转换完成：成功 1/1 个关键点
2025-08-28 03:13:29,676 - INFO - 批量转换完成：成功 4/4 个关键点
2025-08-28 03:13:29,676 - INFO - 批量转换完成：成功 1/1 个关键点
2025-08-28 03:13:29,676 - INFO - 批量转换完成：成功 5/5 个关键点
2025-08-28 03:13:29,676 - INFO - 批量转换完成：成功 5/5 个关键点
2025-08-28 03:13:29,676 - INFO - 批量转换完成：成功 1/1 个关键点
2025-08-28 03:13:29,677 - INFO - 帧 0: 更新拟合数据
2025-08-28 03:13:29,694 - INFO - --------------------------------------------------
2025-08-28 03:13:29,695 - INFO - 开始拟合...
2025-08-28 03:13:29,695 - DEBUG - RANSAC各点类型阈值设置：
2025-08-28 03:13:29,695 - DEBUG -   pupil 表面阈值: (-4.5, -2.5) -> 1.0000
2025-08-28 03:13:29,695 - DEBUG -   pupil 中心阈值: (7.95, 9.95) -> 1.0000
2025-08-28 03:13:29,696 - DEBUG -   iris 表面阈值: (-1.8, -0.4) -> 0.7000
2025-08-28 03:13:29,696 - DEBUG -   iris 中心阈值: (10.4, 12.04) -> 0.8200
2025-08-28 03:13:29,696 - DEBUG -   inner_canthus 表面阈值: (4.0, 8.0) -> 2.0000
2025-08-28 03:13:29,696 - DEBUG -   inner_canthus 中心阈值: (16.0, 20.0) -> 2.0000
2025-08-28 03:13:29,696 - DEBUG -   upper_eyelid 表面阈值: (0.0, 2.0) -> 1.0000
2025-08-28 03:13:29,696 - DEBUG -   upper_eyelid 中心阈值: (11.3, 13.3) -> 1.0000
2025-08-28 03:13:29,696 - DEBUG -   lower_eyelid 表面阈值: (0.2, 1.6) -> 0.7000
2025-08-28 03:13:29,696 - DEBUG -   lower_eyelid 中心阈值: (12.0, 14.0) -> 1.0000
2025-08-28 03:13:29,696 - DEBUG -   outer_canthus 表面阈值: (2.5, 6.7) -> 2.1000
2025-08-28 03:13:29,696 - DEBUG -   outer_canthus 中心阈值: (14.9, 18.9) -> 2.0000
2025-08-28 03:13:29,697 - DEBUG - RANSAC各点类型阈值设置：
2025-08-28 03:13:29,697 - DEBUG -   pupil 表面阈值: (-4.5, -2.5) -> 1.0000
2025-08-28 03:13:29,697 - DEBUG -   pupil 中心阈值: (7.95, 9.95) -> 1.0000
2025-08-28 03:13:29,697 - DEBUG -   iris 表面阈值: (-1.8, -0.4) -> 0.7000
2025-08-28 03:13:29,697 - DEBUG -   iris 中心阈值: (10.4, 12.04) -> 0.8200
2025-08-28 03:13:29,697 - DEBUG -   inner_canthus 表面阈值: (4.0, 8.0) -> 2.0000
2025-08-28 03:13:29,697 - DEBUG -   inner_canthus 中心阈值: (16.0, 20.0) -> 2.0000
2025-08-28 03:13:29,697 - DEBUG -   upper_eyelid 表面阈值: (0.0, 2.0) -> 1.0000
2025-08-28 03:13:29,697 - DEBUG -   upper_eyelid 中心阈值: (11.3, 13.3) -> 1.0000
2025-08-28 03:13:29,697 - DEBUG -   lower_eyelid 表面阈值: (0.2, 1.6) -> 0.7000
2025-08-28 03:13:29,697 - DEBUG -   lower_eyelid 中心阈值: (12.0, 14.0) -> 1.0000
2025-08-28 03:13:29,697 - DEBUG -   outer_canthus 表面阈值: (2.5, 6.7) -> 2.1000
2025-08-28 03:13:29,698 - DEBUG -   outer_canthus 中心阈值: (14.9, 18.9) -> 2.0000
2025-08-28 03:13:29,698 - DEBUG - left眼数据统计:
2025-08-28 03:13:29,698 - DEBUG -   拟合点数量: 5
2025-08-28 03:13:29,698 - DEBUG -   约束点数量: 12
2025-08-28 03:13:29,698 - DEBUG -   总点数: 17
2025-08-28 03:13:29,698 - DEBUG -   平均可见性: 0.920
2025-08-28 03:13:29,698 - DEBUG -   可见性样本数: 17
2025-08-28 03:13:29,698 - DEBUG - left眼数据质量: {'point_count': 17, 'fitting_point_count': 5, 'constraint_point_count': 12, 'visibility': 0.9200000166893005}
2025-08-28 03:13:29,700 - INFO - 数据质量: {'point_count': 17, 'fitting_point_count': 5, 'constraint_point_count': 12, 'visibility': 0.9200000166893005}
2025-08-28 03:13:29,700 - DEBUG - 可用策略数量: 4
2025-08-28 03:13:29,700 - DEBUG - 策略 1: high_quality
2025-08-28 03:13:29,700 - DEBUG -   最小点数: 8, 最小可见性: 0.9
2025-08-28 03:13:29,700 - DEBUG -   当前点数: 17, 当前可见性: 0.920
2025-08-28 03:13:29,700 - DEBUG -  当前点数: 17, 当前可见性: 0.920
2025-08-28 03:13:29,700 - INFO - 选择策略: high_quality
2025-08-28 03:13:29,701 - DEBUG - 虹膜点拟合外接圆，圆心：[-22.171185 -18.186728 600.      ]，半径：7.462704658508301
2025-08-28 03:13:29,702 - DEBUG - ------------------------------------------------------------------------------------------------------
2025-08-28 03:13:29,702 - DEBUG - 第0次LM优化，计算残差：

2025-08-28 03:13:29,703 - DEBUG - 表面残差: [0.47434164902515996, 0.47434164902515724, 0.47434164902506604, 0.4743416490251593, 0.47434164902517106]
2025-08-28 03:13:29,704 - DEBUG - 中心残差: [-0.08956712615686767, -0.09259031590572833, -1.4230249470751708, 1.8348023686976755e-05, 0.6331780653845583]
2025-08-28 03:13:29,704 - DEBUG - 深度残差: 21.91923844293413
2025-08-28 03:13:29,705 - DEBUG - 眼球外残差: [2.0009435564215727, 0.5776226504666211, 0.1667452963684644, 0.04813522087221842, 0.013895441364038698, 0.004011268406018202, 0.001157953447003225, 0.0003342723671681835, 9.649612058360208e-05, 2.7856030597348628e-05, 8.04134338196684e-06, 2.3213358831123855e-06]
2025-08-28 03:13:29,706 - DEBUG - 求解线性方程组结果: [0.34668064 5.75085324 3.60469503 6.67441187]
2025-08-28 03:13:29,706 - DEBUG - 第0次LM优化，未裁剪前计算的步长：9.525444899007368
2025-08-28 03:13:29,707 - DEBUG - 第0次LM优化，裁剪后计算的步长：3.9999999999999996
2025-08-28 03:13:29,707 - DEBUG - 第0次LM优化初始参数: 球心：[-22.171185 -18.186728 608.37836 ], 半径：7.462704658508301
2025-08-28 03:13:29,707 - DEBUG - 第0次LM优化准备更新参数: 球心：[-22.025604 -15.771784 609.8921  ], 半径：10.265476368763487
2025-08-28 03:13:29,708 - DEBUG - 表面残差: [0.47434164902510567, 0.47434164902508913, 0.47434164902502435, 0.4743416490250927, 0.4743416490250602]
2025-08-28 03:13:29,708 - DEBUG - 中心残差: [0.903390278752281, 0.7322429175300766, -0.01408285006154033, 0.7909339749525571, 0.3383620569889414]
2025-08-28 03:13:29,710 - DEBUG - 深度残差: 21.91923844293413
2025-08-28 03:13:29,710 - DEBUG - 眼球外残差: [2.0009435564215727, 0.5776226504666211, 0.1667452963684644, 0.04839334369480952, 0.013895441364038698, 0.004011268406018202, 0.001157953447003225, 0.0003342723671681835, 9.649612058360208e-05, 2.7856030597348628e-05, 8.04134338196684e-06, 2.3213358831123855e-06]
2025-08-28 03:13:29,710 - DEBUG - 第0次LM优化，计算新目标函数值: 244.01917547671817
2025-08-28 03:13:29,711 - DEBUG - 目前的 置信度 {'surface_confidence': 0.0721198868858127, 'center_confidence': 0.8688488606353703, 'fitting_confidence': 0.12947876926111435, 'constraint_confidence': 0.0, 'overall_confidence': 0.12947876926111435, 'weighted_confidence': 0.11653089233500291}
2025-08-28 03:13:29,711 - DEBUG - 检查更新是否有效: 244.01917547671817 <= 244.01917547671817 = True
2025-08-28 03:13:29,711 - DEBUG - 第0次LM优化，lambda_lm: 0.001
2025-08-28 03:13:29,711 - DEBUG - ------------------------------------------------------------------------------------------------------
2025-08-28 03:13:29,711 - DEBUG - 第1次LM优化，计算残差：

2025-08-28 03:13:29,711 - DEBUG - 表面残差: [0.47434164902510567, 0.47434164902508913, 0.47434164902502435, 0.4743416490250927, 0.4743416490250602]
2025-08-28 03:13:29,712 - DEBUG - 中心残差: [0.903390278752281, 0.7322429175300766, -0.01408285006154033, 0.7909339749525571, 0.3383620569889414]
2025-08-28 03:13:29,712 - DEBUG - 深度残差: 21.91923844293413
2025-08-28 03:13:29,712 - DEBUG - 眼球外残差: [2.0009435564215727, 0.5776226504666211, 0.1667452963684644, 0.04839334369480952, 0.013895441364038698, 0.004011268406018202, 0.001157953447003225, 0.0003342723671681835, 9.649612058360208e-05, 2.7856030597348628e-05, 8.04134338196684e-06, 2.3213358831123855e-06]
2025-08-28 03:13:29,712 - DEBUG - 求解线性方程组结果: [-0.01532305  0.67588941  0.35298718  2.8477641 ]
2025-08-28 03:13:29,712 - DEBUG - 第1次LM优化，未裁剪前计算的步长：2.948121705398425
2025-08-28 03:13:29,712 - DEBUG - 第1次LM优化，裁剪后计算的步长：2.948121705398425
2025-08-28 03:13:29,712 - DEBUG - 第1次LM优化初始参数: 球心：[-22.025604 -15.771784 609.8921  ], 半径：10.265476368763487
2025-08-28 03:13:29,712 - DEBUG - 第1次LM优化准备更新参数: 球心：[-22.040928 -15.095895 610.24506 ], 半径：13.113240465109099
2025-08-28 03:13:29,713 - DEBUG - 表面残差: [0.20061373418457729, 0.09532840742112965, -0.05435394951545595, 0.09234670278302189, -0.14555152858579307]
2025-08-28 03:13:29,713 - DEBUG - 中心残差: [1.2310463543939894, 1.038519202850214, 0.5894721320404571, 1.0295740889358906, 0.3158793948294458]
2025-08-28 03:13:29,713 - DEBUG - 深度残差: 21.91923844293413
2025-08-28 03:13:29,713 - DEBUG - 眼球外残差: [2.0009435564215727, 0.5776226504666211, 0.18057710643457472, 0.05697513175736107, 0.015362305582662768, 0.004011268406018202, 0.0013424643958433327, 0.0003484853153467401, 9.649612058360208e-05, 2.7856030597348628e-05, 8.04134338196684e-06, 2.3213358831123855e-06]
2025-08-28 03:13:29,713 - DEBUG - 第1次LM优化，计算新目标函数值: 244.50491169147904
2025-08-28 03:13:29,713 - DEBUG - 目前的 置信度 {'surface_confidence': 0.2791446424166959, 'center_confidence': 0.9393584327459266, 'fitting_confidence': 0.26072942586815745, 'constraint_confidence': 0.0, 'overall_confidence': 0.26072942586815745, 'weighted_confidence': 0.2346564832813417}
2025-08-28 03:13:29,713 - DEBUG - 检查更新是否有效: 244.50491169147904 <= 244.01917547671817 = False
2025-08-28 03:13:29,714 - DEBUG - 第1次LM优化，lambda_lm: 0.01
2025-08-28 03:13:29,714 - DEBUG - ------------------------------------------------------------------------------------------------------
2025-08-28 03:13:29,714 - DEBUG - 第2次LM优化，计算残差：

2025-08-28 03:13:29,714 - DEBUG - 表面残差: [0.47434164902510567, 0.47434164902508913, 0.47434164902502435, 0.4743416490250927, 0.4743416490250602]
2025-08-28 03:13:29,714 - DEBUG - 中心残差: [0.903390278752281, 0.7322429175300766, -0.01408285006154033, 0.7909339749525571, 0.3383620569889414]
2025-08-28 03:13:29,714 - DEBUG - 深度残差: 21.91923844293413
2025-08-28 03:13:29,714 - DEBUG - 眼球外残差: [2.0009435564215727, 0.5776226504666211, 0.1667452963684644, 0.04839334369480952, 0.013895441364038698, 0.004011268406018202, 0.001157953447003225, 0.0003342723671681835, 9.649612058360208e-05, 2.7856030597348628e-05, 8.04134338196684e-06, 2.3213358831123855e-06]
2025-08-28 03:13:29,714 - DEBUG - 求解线性方程组结果: [-0.01543028  0.66859252  0.34841382  2.8183384 ]
2025-08-28 03:13:29,715 - DEBUG - 第2次LM优化，未裁剪前计算的步长：2.917477949307465
2025-08-28 03:13:29,715 - DEBUG - 第2次LM优化，裁剪后计算的步长：2.917477949307465
2025-08-28 03:13:29,715 - DEBUG - 第2次LM优化初始参数: 球心：[-22.025604 -15.771784 609.8921  ], 半径：10.265476368763487
2025-08-28 03:13:29,715 - DEBUG - 第2次LM优化准备更新参数: 球心：[-22.041035 -15.103191 610.2405  ], 半径：13.083814771458268
2025-08-28 03:13:29,715 - DEBUG - 表面残差: [0.20842131772050335, 0.10331181110513062, -0.04745773559785312, 0.10047214984565629, -0.13646314201577744]
2025-08-28 03:13:29,715 - DEBUG - 中心残差: [1.2265534409016732, 1.0345537498021227, 0.5822451096931713, 1.0260347660236997, 0.31522889043939845]
2025-08-28 03:13:29,715 - DEBUG - 深度残差: 21.91923844293413
2025-08-28 03:13:29,716 - DEBUG - 眼球外残差: [2.0009435564215727, 0.5776226504666211, 0.18027618506882562, 0.05688604143255172, 0.01533653640241358, 0.004011268406018202, 0.0013399025161275498, 0.0003477979270875182, 9.649612058360208e-05, 2.7856030597348628e-05, 8.04134338196684e-06, 2.3213358831123855e-06]
2025-08-28 03:13:29,716 - DEBUG - 第2次LM优化，计算新目标函数值: 244.4886841663679
2025-08-28 03:13:29,717 - DEBUG - 目前的 置信度 {'surface_confidence': 0.2791446424166959, 'center_confidence': 0.9393584327459266, 'fitting_confidence': 0.26072942586815745, 'constraint_confidence': 0.0, 'overall_confidence': 0.26072942586815745, 'weighted_confidence': 0.2346564832813417}
2025-08-28 03:13:29,717 - DEBUG - 检查更新是否有效: 244.4886841663679 <= 244.01917547671817 = False
2025-08-28 03:13:29,717 - DEBUG - 第2次LM优化，lambda_lm: 0.1
2025-08-28 03:13:29,717 - DEBUG - ------------------------------------------------------------------------------------------------------
2025-08-28 03:13:29,717 - DEBUG - 第3次LM优化，计算残差：

2025-08-28 03:13:29,717 - DEBUG - 表面残差: [0.47434164902510567, 0.47434164902508913, 0.47434164902502435, 0.4743416490250927, 0.4743416490250602]
2025-08-28 03:13:29,718 - DEBUG - 中心残差: [0.903390278752281, 0.7322429175300766, -0.01408285006154033, 0.7909339749525571, 0.3383620569889414]
2025-08-28 03:13:29,718 - DEBUG - 深度残差: 21.91923844293413
2025-08-28 03:13:29,718 - DEBUG - 眼球外残差: [2.0009435564215727, 0.5776226504666211, 0.1667452963684644, 0.04839334369480952, 0.013895441364038698, 0.004011268406018202, 0.001157953447003225, 0.0003342723671681835, 9.649612058360208e-05, 2.7856030597348628e-05, 8.04134338196684e-06, 2.3213358831123855e-06]
2025-08-28 03:13:29,719 - DEBUG - 求解线性方程组结果: [-0.01615964  0.60358659  0.30818361  2.5550285 ]
2025-08-28 03:13:29,719 - DEBUG - 第3次LM优化，未裁剪前计算的步长：2.643430658969264
2025-08-28 03:13:29,720 - DEBUG - 第3次LM优化，裁剪后计算的步长：2.643430658969264
2025-08-28 03:13:29,721 - DEBUG - 第3次LM优化初始参数: 球心：[-22.025604 -15.771784 609.8921  ], 半径：10.265476368763487
2025-08-28 03:13:29,722 - DEBUG - 第3次LM优化准备更新参数: 球心：[-22.041763 -15.168198 610.20026 ], 半径：12.820504864157261
2025-08-28 03:13:29,722 - DEBUG - 表面残差: [0.2785932949084474, 0.17497328350978494, 0.014521565530736722, 0.17348499460626904, -0.054886378310252615]
2025-08-28 03:13:29,723 - DEBUG - 中心残差: [1.1872716611978107, 0.9997404557483909, 0.5183853018112463, 0.9952755890378432, 0.3101614702882783]
2025-08-28 03:13:29,723 - DEBUG - 深度残差: 21.91923844293413
2025-08-28 03:13:29,723 - DEBUG - 眼球外残差: [2.0009435564215727, 0.5776226504666211, 0.17758887438178902, 0.056089313626278406, 0.015106190671650938, 0.004011268406018202, 0.0013170427049289215, 0.0003416718996273303, 9.649612058360208e-05, 2.7856030597348628e-05, 8.04134338196684e-06, 2.3213358831123855e-06]
2025-08-28 03:13:29,724 - DEBUG - 第3次LM优化，计算新目标函数值: 244.36575458480598
2025-08-28 03:13:29,724 - DEBUG - 目前的 置信度 {'surface_confidence': 0.2791446424166959, 'center_confidence': 0.9393584327459266, 'fitting_confidence': 0.26072942586815745, 'constraint_confidence': 0.0, 'overall_confidence': 0.26072942586815745, 'weighted_confidence': 0.2346564832813417}
2025-08-28 03:13:29,724 - DEBUG - 检查更新是否有效: 244.36575458480598 <= 244.01917547671817 = False
2025-08-28 03:13:29,724 - DEBUG - 第3次LM优化，lambda_lm: 1.0
2025-08-28 03:13:29,724 - DEBUG - ------------------------------------------------------------------------------------------------------
2025-08-28 03:13:29,724 - DEBUG - 第4次LM优化，计算残差：

2025-08-28 03:13:29,724 - DEBUG - 表面残差: [0.47434164902510567, 0.47434164902508913, 0.47434164902502435, 0.4743416490250927, 0.4743416490250602]
2025-08-28 03:13:29,724 - DEBUG - 中心残差: [0.903390278752281, 0.7322429175300766, -0.01408285006154033, 0.7909339749525571, 0.3383620569889414]
2025-08-28 03:13:29,725 - DEBUG - 深度残差: 21.91923844293413
2025-08-28 03:13:29,725 - DEBUG - 眼球外残差: [2.0009435564215727, 0.5776226504666211, 0.1667452963684644, 0.04839334369480952, 0.013895441364038698, 0.004011268406018202, 0.001157953447003225, 0.0003342723671681835, 9.649612058360208e-05, 2.7856030597348628e-05, 8.04134338196684e-06, 2.3213358831123855e-06]
2025-08-28 03:13:29,725 - DEBUG - 求解线性方程组结果: [-0.01383624  0.30803778  0.13960829  1.32969723]
2025-08-28 03:13:29,725 - DEBUG - 第4次LM优化，未裁剪前计算的步长：1.3721020022949528
2025-08-28 03:13:29,725 - DEBUG - 第4次LM优化，裁剪后计算的步长：1.3721020022949528
2025-08-28 03:13:29,725 - DEBUG - 第4次LM优化初始参数: 球心：[-22.025604 -15.771784 609.8921  ], 半径：10.265476368763487
2025-08-28 03:13:29,725 - DEBUG - 第4次LM优化准备更新参数: 球心：[-22.03944  -15.463746 610.0317  ], 半径：11.595173595373794
2025-08-28 03:13:29,726 - DEBUG - 表面残差: [0.4743416490250121, 0.474341649024965, 0.3096708060327084, 0.4743416490249688, 0.3308138573898904]
2025-08-28 03:13:29,726 - DEBUG - 中心残差: [1.0271453462029356, 0.854124279011624, 0.24138171404324107, 0.8743541512806913, 0.3048108681147871]
2025-08-28 03:13:29,726 - DEBUG - 深度残差: 21.91923844293413
2025-08-28 03:13:29,726 - DEBUG - 眼球外残差: [2.0009435564215727, 0.5776226504666211, 0.1667452963684644, 0.05239358365683429, 0.014040567936973947, 0.004011268406018202, 0.0012122856631044375, 0.0003342723671681835, 9.649612058360208e-05, 2.7856030597348628e-05, 8.04134338196684e-06, 2.3213358831123855e-06]
2025-08-28 03:13:29,726 - DEBUG - 第4次LM优化，计算新目标函数值: 244.20088025148613
2025-08-28 03:13:29,726 - DEBUG - 目前的 置信度 {'surface_confidence': 0.2791446424166959, 'center_confidence': 0.9393584327459266, 'fitting_confidence': 0.26072942586815745, 'constraint_confidence': 0.0, 'overall_confidence': 0.26072942586815745, 'weighted_confidence': 0.2346564832813417}
2025-08-28 03:13:29,726 - DEBUG - 检查更新是否有效: 244.20088025148613 <= 244.01917547671817 = False
2025-08-28 03:13:29,726 - DEBUG - 第4次LM优化，lambda_lm: 10.0
2025-08-28 03:13:29,726 - DEBUG - ------------------------------------------------------------------------------------------------------
2025-08-28 03:13:29,726 - DEBUG - 第5次LM优化，计算残差：

2025-08-28 03:13:29,726 - DEBUG - 表面残差: [0.47434164902510567, 0.47434164902508913, 0.47434164902502435, 0.4743416490250927, 0.4743416490250602]
2025-08-28 03:13:29,726 - DEBUG - 中心残差: [0.903390278752281, 0.7322429175300766, -0.01408285006154033, 0.7909339749525571, 0.3383620569889414]
2025-08-28 03:13:29,728 - DEBUG - 深度残差: 21.91923844293413
2025-08-28 03:13:29,728 - DEBUG - 眼球外残差: [2.0009435564215727, 0.5776226504666211, 0.1667452963684644, 0.04839334369480952, 0.013895441364038698, 0.004011268406018202, 0.001157953447003225, 0.0003342723671681835, 9.649612058360208e-05, 2.7856030597348628e-05, 8.04134338196684e-06, 2.3213358831123855e-06]
2025-08-28 03:13:29,728 - DEBUG - 求解线性方程组结果: [-0.0032822   0.05286219  0.02054287  0.23199935]
2025-08-28 03:13:29,728 - DEBUG - 第5次LM优化，未裁剪前计算的步长：0.23885328369387035
2025-08-28 03:13:29,728 - DEBUG - 第5次LM优化，裁剪后计算的步长：0.23885328369387035
2025-08-28 03:13:29,728 - DEBUG - 第5次LM优化初始参数: 球心：[-22.025604 -15.771784 609.8921  ], 半径：10.265476368763487
2025-08-28 03:13:29,728 - DEBUG - 第5次LM优化准备更新参数: 球心：[-22.028887 -15.718922 609.91266 ], 半径：10.49747571617586
2025-08-28 03:13:29,728 - DEBUG - 表面残差: [0.4743416490250947, 0.4743416490250754, 0.47434164902500053, 0.4743416490250791, 0.4743416490250382]
2025-08-28 03:13:29,728 - DEBUG - 中心残差: [0.9207575698111815, 0.7504434694279669, 0.026654648089590807, 0.801526611112049, 0.3292115682532819]
2025-08-28 03:13:29,730 - DEBUG - 深度残差: 21.91923844293413
2025-08-28 03:13:29,730 - DEBUG - 眼球外残差: [2.0009435564215727, 0.5776226504666211, 0.1667452963684644, 0.049091019489431655, 0.013895441364038698, 0.004011268406018202, 0.001157953447003225, 0.0003342723671681835, 9.649612058360208e-05, 2.7856030597348628e-05, 8.04134338196684e-06, 2.3213358831123855e-06]
2025-08-28 03:13:29,730 - DEBUG - 第5次LM优化，计算新目标函数值: 244.0541785286594
2025-08-28 03:13:29,730 - DEBUG - 目前的 置信度 {'surface_confidence': 0.2791446424166959, 'center_confidence': 0.9393584327459266, 'fitting_confidence': 0.26072942586815745, 'constraint_confidence': 0.0, 'overall_confidence': 0.26072942586815745, 'weighted_confidence': 0.2346564832813417}
2025-08-28 03:13:29,730 - DEBUG - 检查更新是否有效: 244.0541785286594 <= 244.01917547671817 = False
2025-08-28 03:13:29,730 - DEBUG - 第5次LM优化，lambda_lm: 100.0
2025-08-28 03:13:29,730 - DEBUG - ------------------------------------------------------------------------------------------------------
2025-08-28 03:13:29,730 - DEBUG - 第6次LM优化，计算残差：

2025-08-28 03:13:29,731 - DEBUG - 表面残差: [0.47434164902510567, 0.47434164902508913, 0.47434164902502435, 0.4743416490250927, 0.4743416490250602]
2025-08-28 03:13:29,731 - DEBUG - 中心残差: [0.903390278752281, 0.7322429175300766, -0.01408285006154033, 0.7909339749525571, 0.3383620569889414]
2025-08-28 03:13:29,731 - DEBUG - 深度残差: 21.91923844293413
2025-08-28 03:13:29,731 - DEBUG - 眼球外残差: [2.0009435564215727, 0.5776226504666211, 0.1667452963684644, 0.04839334369480952, 0.013895441364038698, 0.004011268406018202, 0.001157953447003225, 0.0003342723671681835, 9.649612058360208e-05, 2.7856030597348628e-05, 8.04134338196684e-06, 2.3213358831123855e-06]
2025-08-28 03:13:29,731 - DEBUG - 求解线性方程组结果: [-0.00037275  0.00570303  0.00213828  0.02510181]
2025-08-28 03:13:29,731 - DEBUG - 第6次LM优化，未裁剪前计算的步长：0.025832859954944908
2025-08-28 03:13:29,732 - DEBUG - 第6次LM优化，裁剪后计算的步长：0.025832859954944908
2025-08-28 03:13:29,732 - DEBUG - 第6次LM优化初始参数: 球心：[-22.025604 -15.771784 609.8921  ], 半径：10.265476368763487
2025-08-28 03:13:29,732 - DEBUG - 第6次LM优化准备更新参数: 球心：[-22.025976 -15.766081 609.8942  ], 半径：10.290578180616146
2025-08-28 03:13:29,732 - DEBUG - 表面残差: [0.47434164902510456, 0.4743416490250877, 0.47434164902502196, 0.47434164902509124, 0.474341649025058]
2025-08-28 03:13:29,732 - DEBUG - 中心残差: [0.9051717017620213, 0.7341401466064735, -0.009763645669209061, 0.7919907053107982, 0.3372962792817428]
2025-08-28 03:13:29,732 - DEBUG - 深度残差: 21.91923844293413
2025-08-28 03:13:29,732 - DEBUG - 眼球外残差: [2.0009435564215727, 0.5776226504666211, 0.1667452963684644, 0.0484688484945656, 0.013895441364038698, 0.004011268406018202, 0.001157953447003225, 0.0003342723671681835, 9.649612058360208e-05, 2.7856030597348628e-05, 8.04134338196684e-06, 2.3213358831123855e-06]
2025-08-28 03:13:29,732 - DEBUG - 第6次LM优化，计算新目标函数值: 244.02260588529634
2025-08-28 03:13:29,733 - DEBUG - 目前的 置信度 {'surface_confidence': 0.2791446424166959, 'center_confidence': 0.9393584327459266, 'fitting_confidence': 0.26072942586815745, 'constraint_confidence': 0.0, 'overall_confidence': 0.26072942586815745, 'weighted_confidence': 0.2346564832813417}
2025-08-28 03:13:29,733 - DEBUG - 检查更新是否有效: 244.02260588529634 <= 244.01917547671817 = False
2025-08-28 03:13:29,733 - DEBUG - 第6次LM优化，lambda_lm: 1000.0
2025-08-28 03:13:29,733 - DEBUG - ------------------------------------------------------------------------------------------------------
2025-08-28 03:13:29,733 - DEBUG - 第7次LM优化，计算残差：

2025-08-28 03:13:29,733 - DEBUG - 表面残差: [0.47434164902510567, 0.47434164902508913, 0.47434164902502435, 0.4743416490250927, 0.4743416490250602]
2025-08-28 03:13:29,733 - DEBUG - 中心残差: [0.903390278752281, 0.7322429175300766, -0.01408285006154033, 0.7909339749525571, 0.3383620569889414]
2025-08-28 03:13:29,734 - DEBUG - 深度残差: 21.91923844293413
2025-08-28 03:13:29,734 - DEBUG - 眼球外残差: [2.0009435564215727, 0.5776226504666211, 0.1667452963684644, 0.04839334369480952, 0.013895441364038698, 0.004011268406018202, 0.001157953447003225, 0.0003342723671681835, 9.649612058360208e-05, 2.7856030597348628e-05, 8.04134338196684e-06, 2.3213358831123855e-06]
2025-08-28 03:13:29,735 - DEBUG - 求解线性方程组结果: [-3.77775052e-05  5.74854745e-04  2.14660838e-04  2.53100272e-03]
2025-08-28 03:13:29,735 - DEBUG - 第7次LM优化，未裁剪前计算的步长：0.002604599615685295
2025-08-28 03:13:29,736 - DEBUG - 第7次LM优化，裁剪后计算的步长：0.002604599615685295
2025-08-28 03:13:29,737 - DEBUG - 第7次LM优化初始参数: 球心：[-22.025604 -15.771784 609.8921  ], 半径：10.265476368763487
2025-08-28 03:13:29,737 - DEBUG - 第7次LM优化准备更新参数: 球心：[-22.025642 -15.771209 609.89233 ], 半径：10.2680073714828
2025-08-28 03:13:29,737 - DEBUG - 表面残差: [0.47434164902510556, 0.47434164902508896, 0.4743416490250241, 0.47434164902509257, 0.47434164902506]
2025-08-28 03:13:29,737 - DEBUG - 中心残差: [0.903596558308513, 0.7324564349654746, -0.013623244734497119, 0.7910624473077542, 0.33827791664363627]
2025-08-28 03:13:29,737 - DEBUG - 深度残差: 21.91923844293413
2025-08-28 03:13:29,739 - DEBUG - 眼球外残差: [2.0009435564215727, 0.5776226504666211, 0.1667452963684644, 0.04840085538686025, 0.013895441364038698, 0.004011268406018202, 0.001157953447003225, 0.0003342723671681835, 9.649612058360208e-05, 2.7856030597348628e-05, 8.04134338196684e-06, 2.3213358831123855e-06]
2025-08-28 03:13:29,739 - DEBUG - 第7次LM优化，计算新目标函数值: 244.01958537001664
2025-08-28 03:13:29,739 - DEBUG - 目前的 置信度 {'surface_confidence': 0.2791446424166959, 'center_confidence': 0.9393584327459266, 'fitting_confidence': 0.26072942586815745, 'constraint_confidence': 0.0, 'overall_confidence': 0.26072942586815745, 'weighted_confidence': 0.2346564832813417}
2025-08-28 03:13:29,740 - DEBUG - 检查更新是否有效: 244.01958537001664 <= 244.01917547671817 = False
2025-08-28 03:13:29,740 - DEBUG - 第7次LM优化，lambda_lm: 10000.0
2025-08-28 03:13:29,740 - DEBUG - ------------------------------------------------------------------------------------------------------
2025-08-28 03:13:29,740 - DEBUG - 第8次LM优化，计算残差：

2025-08-28 03:13:29,741 - DEBUG - 表面残差: [0.47434164902510567, 0.47434164902508913, 0.47434164902502435, 0.4743416490250927, 0.4743416490250602]
2025-08-28 03:13:29,741 - DEBUG - 中心残差: [0.903390278752281, 0.7322429175300766, -0.01408285006154033, 0.7909339749525571, 0.3383620569889414]
2025-08-28 03:13:29,741 - DEBUG - 深度残差: 21.91923844293413
2025-08-28 03:13:29,741 - DEBUG - 眼球外残差: [2.0009435564215727, 0.5776226504666211, 0.1667452963684644, 0.04839334369480952, 0.013895441364038698, 0.004011268406018202, 0.001157953447003225, 0.0003342723671681835, 9.649612058360208e-05, 2.7856030597348628e-05, 8.04134338196684e-06, 2.3213358831123855e-06]
2025-08-28 03:13:29,741 - DEBUG - 求解线性方程组结果: [-3.78283975e-06  5.75314180e-05  2.14743940e-05  2.53310470e-04]
2025-08-28 03:13:29,742 - DEBUG - 第8次LM优化，未裁剪前计算的步长：0.0002606751193481893
2025-08-28 03:13:29,742 - DEBUG - 第8次LM优化，裁剪后计算的步长：0.0002606751193481893
2025-08-28 03:13:29,742 - DEBUG - 第8次LM优化初始参数: 球心：[-22.025604 -15.771784 609.8921  ], 半径：10.265476368763487
2025-08-28 03:13:29,742 - DEBUG - 第8次LM优化准备更新参数: 球心：[-22.025608 -15.771727 609.8921  ], 半径：10.265729679233695
2025-08-28 03:13:29,742 - DEBUG - 表面残差: [0.4743416490251056, 0.4743416490250891, 0.47434164902502435, 0.4743416490250927, 0.47434164902506015]
2025-08-28 03:13:29,742 - DEBUG - 中心残差: [0.9033875645475937, 0.7322447269998682, -0.014057517484459207, 0.7909285465431826, 0.338334010207173]
2025-08-28 03:13:29,742 - DEBUG - 深度残差: 21.91923844293413
2025-08-28 03:13:29,742 - DEBUG - 眼球外残差: [2.0009435564215727, 0.5776226504666211, 0.1667452963684644, 0.04839417998207996, 0.013895441364038698, 0.004011268406018202, 0.001157953447003225, 0.0003342723671681835, 9.649612058360208e-05, 2.7856030597348628e-05, 8.04134338196684e-06, 2.3213358831123855e-06]
2025-08-28 03:13:29,743 - DEBUG - 第8次LM优化，计算新目标函数值: 244.01916025067374
2025-08-28 03:13:29,743 - DEBUG - 目前的 置信度 {'surface_confidence': 0.2791446424166959, 'center_confidence': 0.9393584327459266, 'fitting_confidence': 0.26072942586815745, 'constraint_confidence': 0.0, 'overall_confidence': 0.26072942586815745, 'weighted_confidence': 0.2346564832813417}
2025-08-28 03:13:29,743 - DEBUG - 检查更新是否有效: 244.01916025067374 <= 244.01916025067374 = True
2025-08-28 03:13:29,743 - DEBUG - LM优化收敛，迭代次数: 9
2025-08-28 03:13:29,743 - DEBUG - LM优化收敛，最终参数: 球心：[-22.025608 -15.771727 609.8921  ], 半径：10.265729679233695
2025-08-28 03:13:29,743 - DEBUG - ------------------------------------------------------------------------------------------------------
2025-08-28 03:13:29,744 - DEBUG - right眼数据统计:
2025-08-28 03:13:29,744 - DEBUG -   拟合点数量: 5
2025-08-28 03:13:29,744 - DEBUG -   约束点数量: 12
2025-08-28 03:13:29,744 - DEBUG -   总点数: 17
2025-08-28 03:13:29,744 - DEBUG -   平均可见性: 0.920
2025-08-28 03:13:29,744 - DEBUG -   可见性样本数: 17
2025-08-28 03:13:29,744 - DEBUG - right眼数据质量: {'point_count': 17, 'fitting_point_count': 5, 'constraint_point_count': 12, 'visibility': 0.9200000166893005}
2025-08-28 03:13:29,744 - INFO - 数据质量: {'point_count': 17, 'fitting_point_count': 5, 'constraint_point_count': 12, 'visibility': 0.9200000166893005}
2025-08-28 03:13:29,744 - DEBUG - 可用策略数量: 4
2025-08-28 03:13:29,744 - DEBUG - 策略 1: high_quality
2025-08-28 03:13:29,744 - DEBUG -   最小点数: 8, 最小可见性: 0.9
2025-08-28 03:13:29,744 - DEBUG -   当前点数: 17, 当前可见性: 0.920
2025-08-28 03:13:29,744 - DEBUG -  当前点数: 17, 当前可见性: 0.920
2025-08-28 03:13:29,744 - INFO - 选择策略: high_quality
2025-08-28 03:13:29,744 - DEBUG - 虹膜点拟合外接圆，圆心：[ 48.88301  -15.214358 600.      ]，半径：4.47674036026001
2025-08-28 03:13:29,744 - DEBUG - ------------------------------------------------------------------------------------------------------
2025-08-28 03:13:29,744 - DEBUG - 第0次LM优化，计算残差：

2025-08-28 03:13:29,744 - DEBUG - 表面残差: [0.47434164902520726, 0.47434164902521114, 0.47434164902519643, 0.4743416490251998, 0.47434164902520504]
2025-08-28 03:13:29,744 - DEBUG - 中心残差: [1.4230249470748706, 1.4230249470752054, 5.363268462139642e-05, 0.4446774545890351, 1.233273341245191]
2025-08-28 03:13:29,744 - DEBUG - 深度残差: 21.91923844293413
2025-08-28 03:13:29,744 - DEBUG - 眼球外残差: [2.0009435564215727, 0.5776226504666211, 0.1667452963684644, 0.04813522087221842, 0.013895441364038698, 0.004011268406018202, 0.001157953447003225, 0.0003342723671681835, 9.649612058360208e-05, 2.7856030597348628e-05, 8.04134338196684e-06, 2.3213358831123855e-06]
2025-08-28 03:13:29,744 - DEBUG - 求解线性方程组结果: [1.59290857 2.7222579  0.45837199 8.82366237]
2025-08-28 03:13:29,744 - DEBUG - 第0次LM优化，未裁剪前计算的步长：9.381639954104868
2025-08-28 03:13:29,744 - DEBUG - 第0次LM优化，裁剪后计算的步长：4.0
2025-08-28 03:13:29,744 - DEBUG - 第0次LM优化初始参数: 球心：[ 48.88301  -15.214358 610.2882  ], 半径：4.47674036026001
2025-08-28 03:13:29,744 - DEBUG - 第0次LM优化准备更新参数: 球心：[ 49.562172 -14.053683 610.48364 ], 半径：8.238838420051891
2025-08-28 03:13:29,744 - DEBUG - 表面残差: [0.474341649025175, 0.4743416490251799, 0.47434164902515363, 0.4743416490251629, 0.47434164902516013]
2025-08-28 03:13:29,744 - DEBUG - 中心残差: [1.4230249470748706, 1.423024947075086, 0.4851118665500886, 0.9142068187037746, 0.7752938228096516]
2025-08-28 03:13:29,744 - DEBUG - 深度残差: 21.91923844293413
2025-08-28 03:13:29,744 - DEBUG - 眼球外残差: [2.0009435564215727, 0.5776226504666211, 0.1667452963684644, 0.04813522087221842, 0.013895441364038698, 0.004011268406018202, 0.001157953447003225, 0.0003342723671681835, 9.649612058360208e-05, 2.7856030597348628e-05, 8.04134338196684e-06, 2.3213358831123855e-06]
2025-08-28 03:13:29,744 - DEBUG - 第0次LM优化，计算新目标函数值: 245.83397836614938
2025-08-28 03:13:29,744 - DEBUG - 目前的 置信度 {'surface_confidence': 1.373788070563965e-05, 'center_confidence': 0.7744439452591235, 'fitting_confidence': 0.10384796870065524, 'constraint_confidence': 0.0, 'overall_confidence': 0.10384796870065524, 'weighted_confidence': 0.09346317183058972}
2025-08-28 03:13:29,747 - DEBUG - 检查更新是否有效: 245.83397836614938 <= 245.83397836614938 = True
2025-08-28 03:13:29,747 - DEBUG - 第0次LM优化，lambda_lm: 0.001
2025-08-28 03:13:29,747 - DEBUG - ------------------------------------------------------------------------------------------------------
2025-08-28 03:13:29,747 - DEBUG - 第1次LM优化，计算残差：

2025-08-28 03:13:29,748 - DEBUG - 表面残差: [0.474341649025175, 0.4743416490251799, 0.47434164902515363, 0.4743416490251629, 0.47434164902516013]
2025-08-28 03:13:29,748 - DEBUG - 中心残差: [1.4230249470748706, 1.423024947075086, 0.4851118665500886, 0.9142068187037746, 0.7752938228096516]
2025-08-28 03:13:29,748 - DEBUG - 深度残差: 21.91923844293413
2025-08-28 03:13:29,748 - DEBUG - 眼球外残差: [2.0009435564215727, 0.5776226504666211, 0.1667452963684644, 0.04813522087221842, 0.013895441364038698, 0.004011268406018202, 0.001157953447003225, 0.0003342723671681835, 9.649612058360208e-05, 2.7856030597348628e-05, 8.04134338196684e-06, 2.3213358831123855e-06]
2025-08-28 03:13:29,748 - DEBUG - 求解线性方程组结果: [ 0.7718455   0.68745079 -0.09365575  5.05312094]
2025-08-28 03:13:29,748 - DEBUG - 第1次LM优化，未裁剪前计算的步长：5.158598325398137
2025-08-28 03:13:29,748 - DEBUG - 第1次LM优化，裁剪后计算的步长：3.9999999999999996
2025-08-28 03:13:29,748 - DEBUG - 第1次LM优化初始参数: 球心：[ 49.562172 -14.053683 610.48364 ], 半径：8.238838420051891
2025-08-28 03:13:29,749 - DEBUG - 第1次LM优化准备更新参数: 球心：[ 50.160664 -13.520631 610.411   ], 半径：12.157050786600898
2025-08-28 03:13:29,749 - DEBUG - 表面残差: [0.47434164902498716, 0.4743416490249907, 0.24767175505098407, 0.44686633231432366, 0.20988097845532486]
2025-08-28 03:13:29,749 - DEBUG - 中心残差: [1.3903556937779984, 1.4230249470748917, 0.5884280679707566, 1.1860117997607753, 0.47505573818377894]
2025-08-28 03:13:29,749 - DEBUG - 深度残差: 21.91923844293413
2025-08-28 03:13:29,750 - DEBUG - 眼球外残差: [2.0009435564215727, 0.5776226504666211, 0.17610585401528525, 0.0510311518098752, 0.013895441364038698, 0.004011268406018202, 0.001218688404844199, 0.0003471491218853798, 9.649612058360208e-05, 2.7856030597348628e-05, 8.04134338196684e-06, 2.3213358831123855e-06]
2025-08-28 03:13:29,750 - DEBUG - 第1次LM优化，计算新目标函数值: 245.75799226624943
2025-08-28 03:13:29,750 - DEBUG - 目前的 置信度 {'surface_confidence': 0.01002406696731618, 'center_confidence': 0.8003586795655664, 'fitting_confidence': 0.11114037820139251, 'constraint_confidence': 0.0, 'overall_confidence': 0.11114037820139251, 'weighted_confidence': 0.10002634038125326}
2025-08-28 03:13:29,751 - DEBUG - 检查更新是否有效: 245.75799226624943 <= 245.75799226624943 = True
2025-08-28 03:13:29,751 - DEBUG - 第1次LM优化，lambda_lm: 0.0001
2025-08-28 03:13:29,751 - DEBUG - ------------------------------------------------------------------------------------------------------
2025-08-28 03:13:29,751 - DEBUG - 第2次LM优化，计算残差：

2025-08-28 03:13:29,753 - DEBUG - 表面残差: [0.47434164902498716, 0.4743416490249907, 0.24767175505098407, 0.44686633231432366, 0.20988097845532486]
2025-08-28 03:13:29,753 - DEBUG - 中心残差: [1.3903556937779984, 1.4230249470748917, 0.5884280679707566, 1.1860117997607753, 0.47505573818377894]
2025-08-28 03:13:29,753 - DEBUG - 深度残差: 21.91923844293413
2025-08-28 03:13:29,755 - DEBUG - 眼球外残差: [2.0009435564215727, 0.5776226504666211, 0.17610585401528525, 0.0510311518098752, 0.013895441364038698, 0.004011268406018202, 0.001218688404844199, 0.0003471491218853798, 9.649612058360208e-05, 2.7856030597348628e-05, 8.04134338196684e-06, 2.3213358831123855e-06]
2025-08-28 03:13:29,755 - DEBUG - 求解线性方程组结果: [ 0.33592815 -0.19183711 -0.19828084  1.03927169]
2025-08-28 03:13:29,755 - DEBUG - 第2次LM优化，未裁剪前计算的步长：1.1265212503601132
2025-08-28 03:13:29,755 - DEBUG - 第2次LM优化，裁剪后计算的步长：1.1265212503601132
2025-08-28 03:13:29,756 - DEBUG - 第2次LM优化初始参数: 球心：[ 50.160664 -13.520631 610.411   ], 半径：12.157050786600898
2025-08-28 03:13:29,756 - DEBUG - 第2次LM优化准备更新参数: 球心：[ 50.496593 -13.712468 610.2127  ], 半径：13.19632247186141
2025-08-28 03:13:29,756 - DEBUG - 表面残差: [0.16349191907980892, 0.12718026340738853, -0.17206412072464733, 0.1210464623924726, -0.14135470415805743]
2025-08-28 03:13:29,756 - DEBUG - 中心残差: [1.1984994212541222, 1.2128932829834287, 0.3151601305873211, 1.1944918799386808, 0.40728838028709086]
2025-08-28 03:13:29,756 - DEBUG - 深度残差: 21.91923844293413
2025-08-28 03:13:29,756 - DEBUG - 眼球外残差: [2.0009435564215727, 0.5776226504666211, 0.1915571758772446, 0.056115058172859986, 0.014016369999823175, 0.004011268406018202, 0.0013243961128595403, 0.0003735777799563692, 9.649612058360208e-05, 2.7856030597348628e-05, 8.04134338196684e-06, 2.3213358831123855e-06]
2025-08-28 03:13:29,756 - DEBUG - 第2次LM优化，计算新目标函数值: 244.7685849570797
2025-08-28 03:13:29,757 - DEBUG - 目前的 置信度 {'surface_confidence': 0.7328068601846732, 'center_confidence': 0.8292635017814167, 'fitting_confidence': 0.766187515893413, 'constraint_confidence': 0.0, 'overall_confidence': 0.766187515893413, 'weighted_confidence': 0.6895687643040718}
2025-08-28 03:13:29,757 - DEBUG - 检查更新是否有效: 244.7685849570797 <= 244.7685849570797 = True
2025-08-28 03:13:29,757 - DEBUG - 第2次LM优化，lambda_lm: 1e-05
2025-08-28 03:13:29,757 - DEBUG - ------------------------------------------------------------------------------------------------------
2025-08-28 03:13:29,757 - DEBUG - 第3次LM优化，计算残差：

2025-08-28 03:13:29,757 - DEBUG - 表面残差: [0.16349191907980892, 0.12718026340738853, -0.17206412072464733, 0.1210464623924726, -0.14135470415805743]
2025-08-28 03:13:29,758 - DEBUG - 中心残差: [1.1984994212541222, 1.2128932829834287, 0.3151601305873211, 1.1944918799386808, 0.40728838028709086]
2025-08-28 03:13:29,758 - DEBUG - 深度残差: 21.91923844293413
2025-08-28 03:13:29,758 - DEBUG - 眼球外残差: [2.0009435564215727, 0.5776226504666211, 0.1915571758772446, 0.056115058172859986, 0.014016369999823175, 0.004011268406018202, 0.0013243961128595403, 0.0003735777799563692, 9.649612058360208e-05, 2.7856030597348628e-05, 8.04134338196684e-06, 2.3213358831123855e-06]
2025-08-28 03:13:29,758 - DEBUG - 求解线性方程组结果: [-0.00763732  0.17484151 -0.04059758  0.0195541 ]
2025-08-28 03:13:29,759 - DEBUG - 第3次LM优化，未裁剪前计算的步长：0.18071638158592326
2025-08-28 03:13:29,759 - DEBUG - 第3次LM优化，裁剪后计算的步长：0.18071638158592326
2025-08-28 03:13:29,759 - DEBUG - 第3次LM优化初始参数: 球心：[ 50.496593 -13.712468 610.2127  ], 半径：13.19632247186141
2025-08-28 03:13:29,759 - DEBUG - 第3次LM优化准备更新参数: 球心：[ 50.488956 -13.537626 610.1721  ], 半径：13.21587657406071
2025-08-28 03:13:29,759 - DEBUG - 表面残差: [0.14436854896748233, 0.10770434826401631, -0.16339674904408755, 0.10710631849792268, -0.18509922814514432]
2025-08-28 03:13:29,759 - DEBUG - 中心残差: [1.1596799610819903, 1.17301618771816, 0.35971289579384835, 1.171222098419879, 0.294605458490678]
2025-08-28 03:13:29,759 - DEBUG - 深度残差: 21.91923844293413
2025-08-28 03:13:29,759 - DEBUG - 眼球外残差: [2.0009435564215727, 0.5776226504666211, 0.1915572383773721, 0.0561270514663064, 0.01404027259535402, 0.004011268406018202, 0.0013359532256364758, 0.0003765457291312084, 9.649612058360208e-05, 2.7856030597348628e-05, 8.04134338196684e-06, 2.3213358831123855e-06]
2025-08-28 03:13:29,759 - DEBUG - 第3次LM优化，计算新目标函数值: 244.62207128215695
2025-08-28 03:13:29,759 - DEBUG - 目前的 置信度 {'surface_confidence': 0.9606610468056953, 'center_confidence': 0.8707385625505722, 'fitting_confidence': 0.8847070788662614, 'constraint_confidence': 0.0, 'overall_confidence': 0.8847070788662614, 'weighted_confidence': 0.7962363709796353}
2025-08-28 03:13:29,761 - DEBUG - 检查更新是否有效: 244.62207128215695 <= 244.62207128215695 = True
2025-08-28 03:13:29,761 - DEBUG - 第3次LM优化，lambda_lm: 1.0000000000000002e-06
2025-08-28 03:13:29,761 - DEBUG - ------------------------------------------------------------------------------------------------------
2025-08-28 03:13:29,761 - DEBUG - 第4次LM优化，计算残差：

2025-08-28 03:13:29,761 - DEBUG - 表面残差: [0.14436854896748233, 0.10770434826401631, -0.16339674904408755, 0.10710631849792268, -0.18509922814514432]
2025-08-28 03:13:29,761 - DEBUG - 中心残差: [1.1596799610819903, 1.17301618771816, 0.35971289579384835, 1.171222098419879, 0.294605458490678]
2025-08-28 03:13:29,761 - DEBUG - 深度残差: 21.91923844293413
2025-08-28 03:13:29,761 - DEBUG - 眼球外残差: [2.0009435564215727, 0.5776226504666211, 0.1915572383773721, 0.0561270514663064, 0.01404027259535402, 0.004011268406018202, 0.0013359532256364758, 0.0003765457291312084, 9.649612058360208e-05, 2.7856030597348628e-05, 8.04134338196684e-06, 2.3213358831123855e-06]
2025-08-28 03:13:29,761 - DEBUG - 求解线性方程组结果: [ 1.13299611e-02 -1.27456138e-01  6.29001120e-06  5.16931286e-04]
2025-08-28 03:13:29,761 - DEBUG - 第4次LM优化，未裁剪前计算的步长：0.1279597683679356
2025-08-28 03:13:29,761 - DEBUG - 第4次LM优化，裁剪后计算的步长：0.1279597683679356
2025-08-28 03:13:29,761 - DEBUG - 第4次LM优化初始参数: 球心：[ 50.488956 -13.537626 610.1721  ], 半径：13.21587657406071
2025-08-28 03:13:29,761 - DEBUG - 第4次LM优化准备更新参数: 球心：[ 50.500286 -13.665082 610.1721  ], 半径：13.21639350534621
2025-08-28 03:13:29,761 - DEBUG - 表面残差: [0.14419543043632987, 0.10847124928955262, -0.18282262615689257, 0.10591084953456782, -0.16604280962363524]
2025-08-28 03:13:29,761 - DEBUG - 中心残差: [1.1596510095653263, 1.175807294871562, 0.30192566853222647, 1.1681260956066075, 0.3522651181319985]
2025-08-28 03:13:29,761 - DEBUG - 深度残差: 21.91923844293413
2025-08-28 03:13:29,761 - DEBUG - 眼球外残差: [2.0009435564215727, 0.5776226504666211, 0.1920915172197971, 0.056287112125500596, 0.014064872366844533, 0.004011268406018202, 0.001331412867156442, 0.0003753957797489885, 9.649612058360208e-05, 2.7856030597348628e-05, 8.04134338196684e-06, 2.3213358831123855e-06]
2025-08-28 03:13:29,761 - DEBUG - 第4次LM优化，计算新目标函数值: 244.6212858056034
2025-08-28 03:13:29,761 - DEBUG - 目前的 置信度 {'surface_confidence': 0.9604935428617679, 'center_confidence': 0.8783158482803823, 'fitting_confidence': 0.8881103900940186, 'constraint_confidence': 0.0, 'overall_confidence': 0.8881103900940186, 'weighted_confidence': 0.7992993510846168}
2025-08-28 03:13:29,761 - DEBUG - 检查更新是否有效: 244.6212858056034 <= 244.6212858056034 = True
2025-08-28 03:13:29,761 - DEBUG - 第4次LM优化，lambda_lm: 1.0000000000000002e-07
2025-08-28 03:13:29,761 - DEBUG - ------------------------------------------------------------------------------------------------------
2025-08-28 03:13:29,761 - DEBUG - 第5次LM优化，计算残差：

2025-08-28 03:13:29,761 - DEBUG - 表面残差: [0.14419543043632987, 0.10847124928955262, -0.18282262615689257, 0.10591084953456782, -0.16604280962363524]
2025-08-28 03:13:29,761 - DEBUG - 中心残差: [1.1596510095653263, 1.175807294871562, 0.30192566853222647, 1.1681260956066075, 0.3522651181319985]
2025-08-28 03:13:29,761 - DEBUG - 深度残差: 21.91923844293413
2025-08-28 03:13:29,761 - DEBUG - 眼球外残差: [2.0009435564215727, 0.5776226504666211, 0.1920915172197971, 0.056287112125500596, 0.014064872366844533, 0.004011268406018202, 0.001331412867156442, 0.0003753957797489885, 9.649612058360208e-05, 2.7856030597348628e-05, 8.04134338196684e-06, 2.3213358831123855e-06]
2025-08-28 03:13:29,764 - DEBUG - 求解线性方程组结果: [-1.07120374e-02  9.27880673e-02 -2.69538917e-04 -5.00890463e-05]
2025-08-28 03:13:29,765 - DEBUG - 第5次LM优化，未裁剪前计算的步长：0.09340475545094384
2025-08-28 03:13:29,765 - DEBUG - 第5次LM优化，裁剪后计算的步长：0.09340475545094384
2025-08-28 03:13:29,765 - DEBUG - 第5次LM优化初始参数: 球心：[ 50.500286 -13.665082 610.1721  ], 半径：13.21639350534621
2025-08-28 03:13:29,765 - DEBUG - 第5次LM优化准备更新参数: 球心：[ 50.489574 -13.572294 610.1719  ], 半径：13.216343416299884
2025-08-28 03:13:29,765 - DEBUG - 表面残差: [0.1440879244594302, 0.10815203534704644, -0.16884129875880693, 0.10612874654184112, -0.1801646591357698]
2025-08-28 03:13:29,766 - DEBUG - 中心残差: [1.1592809729929627, 1.174802134402379, 0.34382213208481893, 1.168732267986763, 0.3098520509539303]
2025-08-28 03:13:29,766 - DEBUG - 深度残差: 21.91923844293413
2025-08-28 03:13:29,766 - DEBUG - 眼球外残差: [2.0009435564215727, 0.5776226504666211, 0.1917198042706871, 0.05617094069000699, 0.014046078591888828, 0.004011268406018202, 0.0013347512038268455, 0.00037627272312399426, 9.649612058360208e-05, 2.7856030597348628e-05, 8.04134338196684e-06, 2.3213358831123855e-06]
2025-08-28 03:13:29,766 - DEBUG - 第5次LM优化，计算新目标函数值: 244.61975081102207
2025-08-28 03:13:29,767 - DEBUG - 目前的 置信度 {'surface_confidence': 0.9605224870249712, 'center_confidence': 0.8783672822292165, 'fitting_confidence': 0.8881626060538028, 'constraint_confidence': 0.0, 'overall_confidence': 0.8881626060538028, 'weighted_confidence': 0.7993463454484225}
2025-08-28 03:13:29,767 - DEBUG - 检查更新是否有效: 244.61975081102207 <= 244.61975081102207 = True
2025-08-28 03:13:29,767 - DEBUG - 第5次LM优化，lambda_lm: 1.0000000000000002e-08
2025-08-28 03:13:29,768 - DEBUG - ------------------------------------------------------------------------------------------------------
2025-08-28 03:13:29,768 - DEBUG - 第6次LM优化，计算残差：

2025-08-28 03:13:29,768 - DEBUG - 表面残差: [0.1440879244594302, 0.10815203534704644, -0.16884129875880693, 0.10612874654184112, -0.1801646591357698]
2025-08-28 03:13:29,769 - DEBUG - 中心残差: [1.1592809729929627, 1.174802134402379, 0.34382213208481893, 1.168732267986763, 0.3098520509539303]
2025-08-28 03:13:29,769 - DEBUG - 深度残差: 21.91923844293413
2025-08-28 03:13:29,769 - DEBUG - 眼球外残差: [2.0009435564215727, 0.5776226504666211, 0.1917198042706871, 0.05617094069000699, 0.014046078591888828, 0.004011268406018202, 0.0013347512038268455, 0.00037627272312399426, 9.649612058360208e-05, 2.7856030597348628e-05, 8.04134338196684e-06, 2.3213358831123855e-06]
2025-08-28 03:13:29,771 - DEBUG - 求解线性方程组结果: [ 8.84767952e-03 -6.76593624e-02 -1.62071245e-04  5.02850047e-05]
2025-08-28 03:13:29,772 - DEBUG - 第6次LM优化，未裁剪前计算的步长：0.06823561793442176
2025-08-28 03:13:29,772 - DEBUG - 第6次LM优化，裁剪后计算的步长：0.06823561793442176
2025-08-28 03:13:29,772 - DEBUG - 第6次LM优化初始参数: 球心：[ 50.489574 -13.572294 610.1719  ], 半径：13.216343416299884
2025-08-28 03:13:29,772 - DEBUG - 第6次LM优化准备更新参数: 球心：[ 50.49842  -13.639954 610.1717  ], 半径：13.216393701304579
2025-08-28 03:13:29,773 - DEBUG - 表面残差: [0.14402226252546477, 0.10807792922072064, -0.1791781143859729, 0.10603745045249599, -0.1699718336650752]
2025-08-28 03:13:29,773 - DEBUG - 中心残差: [1.1591316917351633, 1.1746275205674983, 0.3128593897474178, 1.1685060842628245, 0.34047823191011084]
2025-08-28 03:13:29,773 - DEBUG - 深度残差: 21.91923844293413
2025-08-28 03:13:29,773 - DEBUG - 眼球外残差: [2.0009435564215727, 0.5776226504666211, 0.19199269940176328, 0.05625819285937974, 0.014060785805407473, 0.004011268406018202, 0.0013323651880634956, 0.0003756339655927885, 9.649612058360208e-05, 2.7856030597348628e-05, 8.04134338196684e-06, 2.3213358831123855e-06]
2025-08-28 03:13:29,773 - DEBUG - 第6次LM优化，计算新目标函数值: 244.61894513025496
2025-08-28 03:13:29,773 - DEBUG - 目前的 置信度 {'surface_confidence': 0.9605455718372312, 'center_confidence': 0.8784444916389589, 'fitting_confidence': 0.8882520032380701, 'constraint_confidence': 0.0, 'overall_confidence': 0.8882520032380701, 'weighted_confidence': 0.799426802914263}
2025-08-28 03:13:29,773 - DEBUG - 检查更新是否有效: 244.61894513025496 <= 244.61894513025496 = True
2025-08-28 03:13:29,774 - DEBUG - 第6次LM优化，lambda_lm: 1e-08
2025-08-28 03:13:29,774 - DEBUG - ------------------------------------------------------------------------------------------------------
2025-08-28 03:13:29,774 - DEBUG - 第7次LM优化，计算残差：

2025-08-28 03:13:29,774 - DEBUG - 表面残差: [0.14402226252546477, 0.10807792922072064, -0.1791781143859729, 0.10603745045249599, -0.1699718336650752]
2025-08-28 03:13:29,774 - DEBUG - 中心残差: [1.1591316917351633, 1.1746275205674983, 0.3128593897474178, 1.1685060842628245, 0.34047823191011084]
2025-08-28 03:13:29,774 - DEBUG - 深度残差: 21.91923844293413
2025-08-28 03:13:29,774 - DEBUG - 眼球外残差: [2.0009435564215727, 0.5776226504666211, 0.19199269940176328, 0.05625819285937974, 0.014060785805407473, 0.004011268406018202, 0.0013323651880634956, 0.0003756339655927885, 9.649612058360208e-05, 2.7856030597348628e-05, 8.04134338196684e-06, 2.3213358831123855e-06]
2025-08-28 03:13:29,774 - DEBUG - 求解线性方程组结果: [-6.89146122e-03  4.93805962e-02 -5.51133434e-05 -2.58991992e-05]
2025-08-28 03:13:29,775 - DEBUG - 第7次LM优化，未裁剪前计算的步长：0.04985919400964159
2025-08-28 03:13:29,775 - DEBUG - 第7次LM优化，裁剪后计算的步长：0.04985919400964159
2025-08-28 03:13:29,775 - DEBUG - 第7次LM优化初始参数: 球心：[ 50.49842  -13.639954 610.1717  ], 半径：13.216393701304579
2025-08-28 03:13:29,775 - DEBUG - 第7次LM优化准备更新参数: 球心：[ 50.491528 -13.590573 610.17163 ], 半径：13.216367802105344
2025-08-28 03:13:29,775 - DEBUG - 表面残差: [0.1439906442359673, 0.10814583176975615, -0.17169319516154324, 0.10595969068331504, -0.17748591112075976]
2025-08-28 03:13:29,775 - DEBUG - 中心残差: [1.1590122667289238, 1.1748066580768577, 0.33528957728295966, 1.1682482348175345, 0.3179114294053101]
2025-08-28 03:13:29,775 - DEBUG - 深度残差: 21.91923844293413
2025-08-28 03:13:29,775 - DEBUG - 眼球外残差: [2.0009435564215727, 0.5776226504666211, 0.191797954671979, 0.05619497989727848, 0.014049978005735165, 0.004011268406018202, 0.0013341218731413628, 0.00037610977573696367, 9.649612058360208e-05, 2.7856030597348628e-05, 8.04134338196684e-06, 2.3213358831123855e-06]
2025-08-28 03:13:29,775 - DEBUG - 第7次LM优化，计算新目标函数值: 244.6185018169484
2025-08-28 03:13:29,775 - DEBUG - 目前的 置信度 {'surface_confidence': 0.9605516868375268, 'center_confidence': 0.8784911147154268, 'fitting_confidence': 0.8882890358516808, 'constraint_confidence': 0.0, 'overall_confidence': 0.8882890358516808, 'weighted_confidence': 0.7994601322665128}
2025-08-28 03:13:29,775 - DEBUG - 检查更新是否有效: 244.6185018169484 <= 244.6185018169484 = True
2025-08-28 03:13:29,775 - DEBUG - 第7次LM优化，lambda_lm: 1e-08
2025-08-28 03:13:29,775 - DEBUG - ------------------------------------------------------------------------------------------------------
2025-08-28 03:13:29,775 - DEBUG - 第8次LM优化，计算残差：

2025-08-28 03:13:29,775 - DEBUG - 表面残差: [0.1439906442359673, 0.10814583176975615, -0.17169319516154324, 0.10595969068331504, -0.17748591112075976]
2025-08-28 03:13:29,775 - DEBUG - 中心残差: [1.1590122667289238, 1.1748066580768577, 0.33528957728295966, 1.1682482348175345, 0.3179114294053101]
2025-08-28 03:13:29,775 - DEBUG - 深度残差: 21.91923844293413
2025-08-28 03:13:29,775 - DEBUG - 眼球外残差: [2.0009435564215727, 0.5776226504666211, 0.191797954671979, 0.05619497989727848, 0.014049978005735165, 0.004011268406018202, 0.0013341218731413628, 0.00037610977573696367, 9.649612058360208e-05, 2.7856030597348628e-05, 8.04134338196684e-06, 2.3213358831123855e-06]
2025-08-28 03:13:29,775 - DEBUG - 求解线性方程组结果: [ 5.21842534e-03 -3.60583591e-02 -3.29586017e-05  2.42708851e-05]
2025-08-28 03:13:29,775 - DEBUG - 第8次LM优化，未裁剪前计算的步长：0.036434034859215335
2025-08-28 03:13:29,775 - DEBUG - 第8次LM优化，裁剪后计算的步长：0.036434034859215335
2025-08-28 03:13:29,775 - DEBUG - 第8次LM优化初始参数: 球心：[ 50.491528 -13.590573 610.17163 ], 半径：13.216367802105344
2025-08-28 03:13:29,775 - DEBUG - 第8次LM优化准备更新参数: 球心：[ 50.496746 -13.626632 610.1716  ], 半径：13.216392072990493
2025-08-28 03:13:29,775 - DEBUG - 表面残差: [0.14397120755453263, 0.10802747740638567, -0.17719864267253368, 0.10601474384163083, -0.17203200326117918]
2025-08-28 03:13:29,775 - DEBUG - 中心残差: [1.1589769820679892, 1.174474620370116, 0.3187962601333578, 1.1684364196758514, 0.33429617836742137]
2025-08-28 03:13:29,779 - DEBUG - 深度残差: 21.91923844293413
2025-08-28 03:13:29,779 - DEBUG - 眼球外残差: [2.0009435564215727, 0.5776226504666211, 0.1919411172304006, 0.05624177809864056, 0.01405809062402937, 0.004011268406018202, 0.0013328519975344998, 0.00037576364206247105, 9.649612058360208e-05, 2.7856030597348628e-05, 8.04134338196684e-06, 2.3213358831123855e-06]
2025-08-28 03:13:29,779 - DEBUG - 第8次LM优化，计算新目标函数值: 244.61826760708638
2025-08-28 03:13:29,779 - DEBUG - 目前的 置信度 {'surface_confidence': 0.9605591858995677, 'center_confidence': 0.8785123030999256, 'fitting_confidence': 0.8883165588787889, 'constraint_confidence': 0.0, 'overall_confidence': 0.8883165588787889, 'weighted_confidence': 0.79948490299091}
2025-08-28 03:13:29,779 - DEBUG - 检查更新是否有效: 244.61826760708638 <= 244.61826760708638 = True
2025-08-28 03:13:29,779 - DEBUG - 第8次LM优化，lambda_lm: 1e-08
2025-08-28 03:13:29,779 - DEBUG - ------------------------------------------------------------------------------------------------------
2025-08-28 03:13:29,779 - DEBUG - 第9次LM优化，计算残差：

2025-08-28 03:13:29,780 - DEBUG - 表面残差: [0.14397120755453263, 0.10802747740638567, -0.17719864267253368, 0.10601474384163083, -0.17203200326117918]
2025-08-28 03:13:29,780 - DEBUG - 中心残差: [1.1589769820679892, 1.174474620370116, 0.3187962601333578, 1.1684364196758514, 0.33429617836742137]
2025-08-28 03:13:29,780 - DEBUG - 深度残差: 21.91923844293413
2025-08-28 03:13:29,780 - DEBUG - 眼球外残差: [2.0009435564215727, 0.5776226504666211, 0.1919411172304006, 0.05624177809864056, 0.01405809062402937, 0.004011268406018202, 0.0013328519975344998, 0.00037576364206247105, 9.649612058360208e-05, 2.7856030597348628e-05, 8.04134338196684e-06, 2.3213358831123855e-06]
2025-08-28 03:13:29,780 - DEBUG - 求解线性方程组结果: [-3.88881923e-03  2.63392181e-02  6.56899679e-06 -1.46673800e-05]
2025-08-28 03:13:29,780 - DEBUG - 第9次LM优化，未裁剪前计算的步长：0.02662475505129794
2025-08-28 03:13:29,780 - DEBUG - 第9次LM优化，裁剪后计算的步长：0.02662475505129794
2025-08-28 03:13:29,782 - DEBUG - 第9次LM优化初始参数: 球心：[ 50.496746 -13.626632 610.1716  ], 半径：13.216392072990493
2025-08-28 03:13:29,782 - DEBUG - 第9次LM优化准备更新参数: 球心：[ 50.49286  -13.600292 610.1716  ], 半径：13.21637740561047
2025-08-28 03:13:29,782 - DEBUG - 表面残差: [0.14396619528179605, 0.10811173231003018, -0.1731917588391969, 0.10594519381299711, -0.17603322956846273]
2025-08-28 03:13:29,782 - DEBUG - 中心残差: [1.1589480305513251, 1.174713470382595, 0.33080299693491383, 1.1682138548914958, 0.32227858474711635]
2025-08-28 03:13:29,782 - DEBUG - 深度残差: 21.91923844293413
2025-08-28 03:13:29,782 - DEBUG - 眼球外残差: [2.0009435564215727, 0.5776226504666211, 0.19183751403914895, 0.05620773432785258, 0.014052165732567434, 0.004011268406018202, 0.0013337836486629665, 0.0003760185024868742, 9.649612058360208e-05, 2.7856030597348628e-05, 8.04134338196684e-06, 2.3213358831123855e-06]
2025-08-28 03:13:29,782 - DEBUG - 第9次LM优化，计算新目标函数值: 244.61818262999915
2025-08-28 03:13:29,783 - DEBUG - 目前的 置信度 {'surface_confidence': 0.9605601229034173, 'center_confidence': 0.8785266678824163, 'fitting_confidence': 0.8883257586384866, 'constraint_confidence': 0.0, 'overall_confidence': 0.8883257586384866, 'weighted_confidence': 0.799493182774638}
2025-08-28 03:13:29,783 - DEBUG - 检查更新是否有效: 244.61818262999915 <= 244.61818262999915 = True
2025-08-28 03:13:29,783 - DEBUG - 第9次LM优化，lambda_lm: 1e-08
2025-08-28 03:13:29,783 - DEBUG - ------------------------------------------------------------------------------------------------------
2025-08-28 03:13:29,783 - DEBUG - 第10次LM优化，计算残差：

2025-08-28 03:13:29,783 - DEBUG - 表面残差: [0.14396619528179605, 0.10811173231003018, -0.1731917588391969, 0.10594519381299711, -0.17603322956846273]
2025-08-28 03:13:29,784 - DEBUG - 中心残差: [1.1589480305513251, 1.174713470382595, 0.33080299693491383, 1.1682138548914958, 0.32227858474711635]
2025-08-28 03:13:29,784 - DEBUG - 深度残差: 21.91923844293413
2025-08-28 03:13:29,784 - DEBUG - 眼球外残差: [2.0009435564215727, 0.5776226504666211, 0.19183751403914895, 0.05620773432785258, 0.014052165732567434, 0.004011268406018202, 0.0013337836486629665, 0.0003760185024868742, 9.649612058360208e-05, 2.7856030597348628e-05, 8.04134338196684e-06, 2.3213358831123855e-06]
2025-08-28 03:13:29,785 - DEBUG - 求解线性方程组结果: [ 2.87061768e-03 -1.92433804e-02 -4.95229177e-06  1.21508069e-05]
2025-08-28 03:13:29,786 - DEBUG - 第10次LM优化，未裁剪前计算的步长：0.019456317953600515
2025-08-28 03:13:29,787 - DEBUG - 第10次LM优化，裁剪后计算的步长：0.019456317953600515
2025-08-28 03:13:29,787 - DEBUG - 第10次LM优化初始参数: 球心：[ 50.49286  -13.600292 610.1716  ], 半径：13.21637740561047
2025-08-28 03:13:29,787 - DEBUG - 第10次LM优化准备更新参数: 球心：[ 50.49573  -13.619535 610.1716  ], 半径：13.216389556417411
2025-08-28 03:13:29,789 - DEBUG - 表面残差: [0.14396717811203885, 0.10804214581840416, -0.176121513914601, 0.10599985758038799, -0.1731111593381277]
2025-08-28 03:13:29,789 - DEBUG - 中心残差: [1.1589625063096571, 1.1745162381753205, 0.32202525897630513, 1.168389373461272, 0.33105632270572505]
2025-08-28 03:13:29,789 - DEBUG - 深度残差: 21.91923844293413
2025-08-28 03:13:29,789 - DEBUG - 眼球外残差: [2.0009435564215727, 0.5776226504666211, 0.1919131884800246, 0.05623266290288663, 0.01405652127228283, 0.004011268406018202, 0.0013331039169111394, 0.00037583215619203456, 9.649612058360208e-05, 2.7856030597348628e-05, 8.04134338196684e-06, 2.3213358831123855e-06]
2025-08-28 03:13:29,790 - DEBUG - 第10次LM优化，计算新目标函数值: 244.61819100152968
2025-08-28 03:13:29,790 - DEBUG - 目前的 置信度 {'surface_confidence': 0.9605630253094704, 'center_confidence': 0.8785299228311005, 'fitting_confidence': 0.8883334806394598, 'constraint_confidence': 0.0, 'overall_confidence': 0.8883334806394598, 'weighted_confidence': 0.7995001325755139}
2025-08-28 03:13:29,790 - DEBUG - 检查更新是否有效: 244.61819100152968 <= 244.61818262999915 = False
2025-08-28 03:13:29,790 - DEBUG - 第10次LM优化，lambda_lm: 1e-07
2025-08-28 03:13:29,790 - DEBUG - ------------------------------------------------------------------------------------------------------
2025-08-28 03:13:29,790 - DEBUG - 第11次LM优化，计算残差：

2025-08-28 03:13:29,791 - DEBUG - 表面残差: [0.14396619528179605, 0.10811173231003018, -0.1731917588391969, 0.10594519381299711, -0.17603322956846273]
2025-08-28 03:13:29,791 - DEBUG - 中心残差: [1.1589480305513251, 1.174713470382595, 0.33080299693491383, 1.1682138548914958, 0.32227858474711635]
2025-08-28 03:13:29,791 - DEBUG - 深度残差: 21.91923844293413
2025-08-28 03:13:29,791 - DEBUG - 眼球外残差: [2.0009435564215727, 0.5776226504666211, 0.19183751403914895, 0.05620773432785258, 0.014052165732567434, 0.004011268406018202, 0.0013337836486629665, 0.0003760185024868742, 9.649612058360208e-05, 2.7856030597348628e-05, 8.04134338196684e-06, 2.3213358831123855e-06]
2025-08-28 03:13:29,791 - DEBUG - 求解线性方程组结果: [ 2.87061734e-03 -1.92433787e-02 -4.95229285e-06  1.21508062e-05]
2025-08-28 03:13:29,791 - DEBUG - 第11次LM优化，未裁剪前计算的步长：0.019456316165222507
2025-08-28 03:13:29,791 - DEBUG - 第11次LM优化，裁剪后计算的步长：0.019456316165222507
2025-08-28 03:13:29,792 - DEBUG - 第11次LM优化初始参数: 球心：[ 50.49286  -13.600292 610.1716  ], 半径：13.21637740561047
2025-08-28 03:13:29,792 - DEBUG - 第11次LM优化准备更新参数: 球心：[ 50.49573  -13.619535 610.1716  ], 半径：13.216389556416644
2025-08-28 03:13:29,792 - DEBUG - 表面残差: [0.14396717811228152, 0.10804214581864682, -0.17612151391435835, 0.10599985758063066, -0.17311115933788504]
2025-08-28 03:13:29,792 - DEBUG - 中心残差: [1.1589625063096571, 1.1745162381753205, 0.32202525897630513, 1.168389373461272, 0.33105632270572505]
2025-08-28 03:13:29,792 - DEBUG - 深度残差: 21.91923844293413
2025-08-28 03:13:29,792 - DEBUG - 眼球外残差: [2.0009435564215727, 0.5776226504666211, 0.19191318848001446, 0.056232662902883666, 0.014056521272282053, 0.004011268406018202, 0.001333103916911069, 0.0003758321561920145, 9.649612058360208e-05, 2.7856030597348628e-05, 8.04134338196684e-06, 2.3213358831123855e-06]
2025-08-28 03:13:29,792 - DEBUG - 第11次LM优化，计算新目标函数值: 244.61819100152965
2025-08-28 03:13:29,793 - DEBUG - 目前的 置信度 {'surface_confidence': 0.9605630253094704, 'center_confidence': 0.8785299228311005, 'fitting_confidence': 0.8883334806394598, 'constraint_confidence': 0.0, 'overall_confidence': 0.8883334806394598, 'weighted_confidence': 0.7995001325755139}
2025-08-28 03:13:29,793 - DEBUG - 检查更新是否有效: 244.61819100152965 <= 244.61818262999915 = False
2025-08-28 03:13:29,793 - DEBUG - 第11次LM优化，lambda_lm: 1e-06
2025-08-28 03:13:29,793 - DEBUG - ------------------------------------------------------------------------------------------------------
2025-08-28 03:13:29,793 - DEBUG - 第12次LM优化，计算残差：

2025-08-28 03:13:29,793 - DEBUG - 表面残差: [0.14396619528179605, 0.10811173231003018, -0.1731917588391969, 0.10594519381299711, -0.17603322956846273]
2025-08-28 03:13:29,793 - DEBUG - 中心残差: [1.1589480305513251, 1.174713470382595, 0.33080299693491383, 1.1682138548914958, 0.32227858474711635]
2025-08-28 03:13:29,793 - DEBUG - 深度残差: 21.91923844293413
2025-08-28 03:13:29,793 - DEBUG - 眼球外残差: [2.0009435564215727, 0.5776226504666211, 0.19183751403914895, 0.05620773432785258, 0.014052165732567434, 0.004011268406018202, 0.0013337836486629665, 0.0003760185024868742, 9.649612058360208e-05, 2.7856030597348628e-05, 8.04134338196684e-06, 2.3213358831123855e-06]
2025-08-28 03:13:29,794 - DEBUG - 求解线性方程组结果: [ 2.87061388e-03 -1.92433611e-02 -4.95230370e-06  1.21507985e-05]
2025-08-28 03:13:29,794 - DEBUG - 第12次LM优化，未裁剪前计算的步长：0.019456298281460577
2025-08-28 03:13:29,794 - DEBUG - 第12次LM优化，裁剪后计算的步长：0.019456298281460577
2025-08-28 03:13:29,794 - DEBUG - 第12次LM优化初始参数: 球心：[ 50.49286  -13.600292 610.1716  ], 半径：13.21637740561047
2025-08-28 03:13:29,794 - DEBUG - 第12次LM优化准备更新参数: 球心：[ 50.49573  -13.619535 610.1716  ], 半径：13.216389556408966
2025-08-28 03:13:29,794 - DEBUG - 表面残差: [0.14396717811470935, 0.10804214582107463, -0.17612151391193054, 0.10599985758305848, -0.17311115933545723]
2025-08-28 03:13:29,794 - DEBUG - 中心残差: [1.1589625063096571, 1.1745162381753205, 0.32202525897630513, 1.168389373461272, 0.33105632270572505]
2025-08-28 03:13:29,794 - DEBUG - 深度残差: 21.91923844293413
2025-08-28 03:13:29,794 - DEBUG - 眼球外残差: [2.0009435564215727, 0.5776226504666211, 0.19191318847991298, 0.05623266290285407, 0.0140565212722743, 0.004011268406018202, 0.0013331039169103638, 0.0003758321561918141, 9.649612058360208e-05, 2.7856030597348628e-05, 8.04134338196684e-06, 2.3213358831123855e-06]
2025-08-28 03:13:29,794 - DEBUG - 第12次LM优化，计算新目标函数值: 244.61819100152968
2025-08-28 03:13:29,794 - DEBUG - 目前的 置信度 {'surface_confidence': 0.9605630253094704, 'center_confidence': 0.8785299228311005, 'fitting_confidence': 0.8883334806394598, 'constraint_confidence': 0.0, 'overall_confidence': 0.8883334806394598, 'weighted_confidence': 0.7995001325755139}
2025-08-28 03:13:29,796 - DEBUG - 检查更新是否有效: 244.61819100152968 <= 244.61818262999915 = False
2025-08-28 03:13:29,796 - DEBUG - 第12次LM优化，lambda_lm: 9.999999999999999e-06
2025-08-28 03:13:29,796 - DEBUG - ------------------------------------------------------------------------------------------------------
2025-08-28 03:13:29,796 - DEBUG - 第13次LM优化，计算残差：

2025-08-28 03:13:29,796 - DEBUG - 表面残差: [0.14396619528179605, 0.10811173231003018, -0.1731917588391969, 0.10594519381299711, -0.17603322956846273]
2025-08-28 03:13:29,796 - DEBUG - 中心残差: [1.1589480305513251, 1.174713470382595, 0.33080299693491383, 1.1682138548914958, 0.32227858474711635]
2025-08-28 03:13:29,796 - DEBUG - 深度残差: 21.91923844293413
2025-08-28 03:13:29,796 - DEBUG - 眼球外残差: [2.0009435564215727, 0.5776226504666211, 0.19183751403914895, 0.05620773432785258, 0.014052165732567434, 0.004011268406018202, 0.0013337836486629665, 0.0003760185024868742, 9.649612058360208e-05, 2.7856030597348628e-05, 8.04134338196684e-06, 2.3213358831123855e-06]
2025-08-28 03:13:29,796 - DEBUG - 求解线性方程组结果: [ 2.87057934e-03 -1.92431854e-02 -4.95241217e-06  1.21507217e-05]
2025-08-28 03:13:29,796 - DEBUG - 第13次LM优化，未裁剪前计算的步长：0.01945611944565709
2025-08-28 03:13:29,798 - DEBUG - 第13次LM优化，裁剪后计算的步长：0.01945611944565709
2025-08-28 03:13:29,798 - DEBUG - 第13次LM优化初始参数: 球心：[ 50.49286  -13.600292 610.1716  ], 半径：13.21637740561047
2025-08-28 03:13:29,798 - DEBUG - 第13次LM优化准备更新参数: 球心：[ 50.49573  -13.619535 610.1716  ], 半径：13.216389556332198
2025-08-28 03:13:29,798 - DEBUG - 表面残差: [0.14396717813898577, 0.10804214584535106, -0.17612151388765412, 0.10599985760733491, -0.17311115931118082]
2025-08-28 03:13:29,798 - DEBUG - 中心残差: [1.1589625063096571, 1.1745162381753205, 0.32202525897630513, 1.168389373461272, 0.33105632270572505]
2025-08-28 03:13:29,798 - DEBUG - 深度残差: 21.91923844293413
2025-08-28 03:13:29,798 - DEBUG - 眼球外残差: [2.0009435564215727, 0.5776226504666211, 0.19191318847889782, 0.056232662902558184, 0.014056521272196733, 0.004011268406018202, 0.001333103916903313, 0.0003758321561898102, 9.649612058360208e-05, 2.7856030597348628e-05, 8.04134338196684e-06, 2.3213358831123855e-06]
2025-08-28 03:13:29,798 - DEBUG - 第13次LM优化，计算新目标函数值: 244.61819100152965
2025-08-28 03:13:29,799 - DEBUG - 目前的 置信度 {'surface_confidence': 0.9605630253094704, 'center_confidence': 0.8785299228311005, 'fitting_confidence': 0.8883334806394598, 'constraint_confidence': 0.0, 'overall_confidence': 0.8883334806394598, 'weighted_confidence': 0.7995001325755139}
2025-08-28 03:13:29,799 - DEBUG - 检查更新是否有效: 244.61819100152965 <= 244.61818262999915 = False
2025-08-28 03:13:29,799 - DEBUG - 第13次LM优化，lambda_lm: 9.999999999999999e-05
2025-08-28 03:13:29,799 - DEBUG - ------------------------------------------------------------------------------------------------------
2025-08-28 03:13:29,799 - DEBUG - 第14次LM优化，计算残差：

2025-08-28 03:13:29,799 - DEBUG - 表面残差: [0.14396619528179605, 0.10811173231003018, -0.1731917588391969, 0.10594519381299711, -0.17603322956846273]
2025-08-28 03:13:29,800 - DEBUG - 中心残差: [1.1589480305513251, 1.174713470382595, 0.33080299693491383, 1.1682138548914958, 0.32227858474711635]
2025-08-28 03:13:29,800 - DEBUG - 深度残差: 21.91923844293413
2025-08-28 03:13:29,801 - DEBUG - 眼球外残差: [2.0009435564215727, 0.5776226504666211, 0.19183751403914895, 0.05620773432785258, 0.014052165732567434, 0.004011268406018202, 0.0013337836486629665, 0.0003760185024868742, 9.649612058360208e-05, 2.7856030597348628e-05, 8.04134338196684e-06, 2.3213358831123855e-06]
2025-08-28 03:13:29,802 - DEBUG - 求解线性方程组结果: [ 2.87023398e-03 -1.92414290e-02 -4.95349664e-06  1.21499542e-05]
2025-08-28 03:13:29,802 - DEBUG - 第14次LM优化，未裁剪前计算的步长：0.019454331269181523
2025-08-28 03:13:29,803 - DEBUG - 第14次LM优化，裁剪后计算的步长：0.019454331269181523
2025-08-28 03:13:29,803 - DEBUG - 第14次LM优化初始参数: 球心：[ 50.49286  -13.600292 610.1716  ], 半径：13.21637740561047
2025-08-28 03:13:29,803 - DEBUG - 第14次LM优化准备更新参数: 球心：[ 50.495728 -13.619534 610.1716  ], 半径：13.216389555564696
2025-08-28 03:13:29,804 - DEBUG - 表面残差: [0.1439671783816911, 0.10804274924465355, -0.17612091048835163, 0.10599925469344305, -0.17311146064677407]
2025-08-28 03:13:29,805 - DEBUG - 中心残差: [1.1589625063096571, 1.174518047645112, 0.32202706844609663, 1.1683875639914807, 0.33105541797082927]
2025-08-28 03:13:29,805 - DEBUG - 深度残差: 21.91923844293413
2025-08-28 03:13:29,805 - DEBUG - 眼球外残差: [2.0009435564215727, 0.5776226504666211, 0.1919131884687492, 0.05623265554795199, 0.014056518380741335, 0.004011268406018202, 0.001333104004420899, 0.00037583220595848653, 9.649612058360208e-05, 2.7856030597348628e-05, 8.04134338196684e-06, 2.3213358831123855e-06]
2025-08-28 03:13:29,805 - DEBUG - 第14次LM优化，计算新目标函数值: 244.61819124255436
2025-08-28 03:13:29,805 - DEBUG - 目前的 置信度 {'surface_confidence': 0.9605630253094704, 'center_confidence': 0.8785299228311005, 'fitting_confidence': 0.8883334806394598, 'constraint_confidence': 0.0, 'overall_confidence': 0.8883334806394598, 'weighted_confidence': 0.7995001325755139}
2025-08-28 03:13:29,806 - DEBUG - 检查更新是否有效: 244.61819124255436 <= 244.61818262999915 = False
2025-08-28 03:13:29,806 - DEBUG - 第14次LM优化，lambda_lm: 0.001
2025-08-28 03:13:29,806 - DEBUG - ------------------------------------------------------------------------------------------------------
2025-08-28 03:13:29,806 - DEBUG - 第15次LM优化，计算残差：

2025-08-28 03:13:29,807 - DEBUG - 表面残差: [0.14396619528179605, 0.10811173231003018, -0.1731917588391969, 0.10594519381299711, -0.17603322956846273]
2025-08-28 03:13:29,807 - DEBUG - 中心残差: [1.1589480305513251, 1.174713470382595, 0.33080299693491383, 1.1682138548914958, 0.32227858474711635]
2025-08-28 03:13:29,807 - DEBUG - 深度残差: 21.91923844293413
2025-08-28 03:13:29,807 - DEBUG - 眼球外残差: [2.0009435564215727, 0.5776226504666211, 0.19183751403914895, 0.05620773432785258, 0.014052165732567434, 0.004011268406018202, 0.0013337836486629665, 0.0003760185024868742, 9.649612058360208e-05, 2.7856030597348628e-05, 8.04134338196684e-06, 2.3213358831123855e-06]
2025-08-28 03:13:29,807 - DEBUG - 求解线性方程组结果: [ 2.86678467e-03 -1.92238822e-02 -4.96431428e-06  1.21422977e-05]
2025-08-28 03:13:29,808 - DEBUG - 第15次LM优化，未裁剪前计算的步长：0.019436467641700202
2025-08-28 03:13:29,808 - DEBUG - 第15次LM优化，裁剪后计算的步长：0.019436467641700202
2025-08-28 03:13:29,808 - DEBUG - 第15次LM优化初始参数: 球心：[ 50.49286  -13.600292 610.1716  ], 半径：13.21637740561047
2025-08-28 03:13:29,808 - DEBUG - 第15次LM优化准备更新参数: 球心：[ 50.495728 -13.619516 610.1716  ], 半径：13.216389547908154
2025-08-28 03:13:29,808 - DEBUG - 表面残差: [0.14396718080290227, 0.10804214850926758, -0.17611849544075175, 0.10599955869295284, -0.17311417243025015]
2025-08-28 03:13:29,808 - DEBUG - 中心残差: [1.1589625063096571, 1.1745162381753205, 0.32203430632526264, 1.1683884687263764, 0.3310472753567675]
2025-08-28 03:13:29,809 - DEBUG - 深度残差: 21.91923844293413
2025-08-28 03:13:29,809 - DEBUG - 眼球外残差: [2.0009435564215727, 0.5776226504666211, 0.1919131127052771, 0.0562326371393236, 0.014056516445885698, 0.004011268406018202, 0.0013331046168343328, 0.0003758323800191454, 9.649612058360208e-05, 2.7856030597348628e-05, 8.04134338196684e-06, 2.3213358831123855e-06]
2025-08-28 03:13:29,809 - DEBUG - 第15次LM优化，计算新目标函数值: 244.6181898057513
2025-08-28 03:13:29,809 - DEBUG - 目前的 置信度 {'surface_confidence': 0.9605630253094704, 'center_confidence': 0.8785299228311005, 'fitting_confidence': 0.8883334806394598, 'constraint_confidence': 0.0, 'overall_confidence': 0.8883334806394598, 'weighted_confidence': 0.7995001325755139}
2025-08-28 03:13:29,809 - DEBUG - 检查更新是否有效: 244.6181898057513 <= 244.61818262999915 = False
2025-08-28 03:13:29,809 - DEBUG - 第15次LM优化，lambda_lm: 0.01
2025-08-28 03:13:29,809 - DEBUG - ------------------------------------------------------------------------------------------------------
2025-08-28 03:13:29,809 - DEBUG - 第16次LM优化，计算残差：

2025-08-28 03:13:29,809 - DEBUG - 表面残差: [0.14396619528179605, 0.10811173231003018, -0.1731917588391969, 0.10594519381299711, -0.17603322956846273]
2025-08-28 03:13:29,809 - DEBUG - 中心残差: [1.1589480305513251, 1.174713470382595, 0.33080299693491383, 1.1682138548914958, 0.32227858474711635]
2025-08-28 03:13:29,809 - DEBUG - 深度残差: 21.91923844293413
2025-08-28 03:13:29,809 - DEBUG - 眼球外残差: [2.0009435564215727, 0.5776226504666211, 0.19183751403914895, 0.05620773432785258, 0.014052165732567434, 0.004011268406018202, 0.0013337836486629665, 0.0003760185024868742, 9.649612058360208e-05, 2.7856030597348628e-05, 8.04134338196684e-06, 2.3213358831123855e-06]
2025-08-28 03:13:29,809 - DEBUG - 求解线性方程组结果: [ 2.83271546e-03 -1.90501646e-02 -5.06983843e-06  1.20675354e-05]
2025-08-28 03:13:29,809 - DEBUG - 第16次LM优化，未裁剪前计算的步长：0.0192596266288478
2025-08-28 03:13:29,809 - DEBUG - 第16次LM优化，裁剪后计算的步长：0.0192596266288478
2025-08-28 03:13:29,811 - DEBUG - 第16次LM优化初始参数: 球心：[ 50.49286  -13.600292 610.1716  ], 半径：13.21637740561047
2025-08-28 03:13:29,812 - DEBUG - 第16次LM优化准备更新参数: 球心：[ 50.495693 -13.619343 610.1716  ], 半径：13.216389473145862
2025-08-28 03:13:29,812 - DEBUG - 表面残差: [0.14396720444481498, 0.10804428319927037, -0.1760919329085636, 0.10599747128677543, -0.1731406876786129]
2025-08-28 03:13:29,812 - DEBUG - 中心残差: [1.1589625063096571, 1.1745225713195908, 0.32211392299608904, 1.168382135582106, 0.3309676586859411]
2025-08-28 03:13:29,812 - DEBUG - 深度残差: 21.91923844293413
2025-08-28 03:13:29,812 - DEBUG - 眼球外残差: [2.0009435564215727, 0.5776226504666211, 0.19191245597819148, 0.056232405274620104, 0.014056471083087387, 0.004011268406018202, 0.0013331106535560242, 0.0003758341206757312, 9.649612058360208e-05, 2.7856030597348628e-05, 8.04134338196684e-06, 2.3213358831123855e-06]
2025-08-28 03:13:29,812 - DEBUG - 第16次LM优化，计算新目标函数值: 244.61818891915095
2025-08-28 03:13:29,812 - DEBUG - 目前的 置信度 {'surface_confidence': 0.9605630253094704, 'center_confidence': 0.8785299228311005, 'fitting_confidence': 0.8883334806394598, 'constraint_confidence': 0.0, 'overall_confidence': 0.8883334806394598, 'weighted_confidence': 0.7995001325755139}
2025-08-28 03:13:29,813 - DEBUG - 检查更新是否有效: 244.61818891915095 <= 244.61818262999915 = False
2025-08-28 03:13:29,813 - DEBUG - 第16次LM优化，lambda_lm: 0.1
2025-08-28 03:13:29,813 - DEBUG - ------------------------------------------------------------------------------------------------------
2025-08-28 03:13:29,813 - DEBUG - 第17次LM优化，计算残差：

2025-08-28 03:13:29,813 - DEBUG - 表面残差: [0.14396619528179605, 0.10811173231003018, -0.1731917588391969, 0.10594519381299711, -0.17603322956846273]
2025-08-28 03:13:29,813 - DEBUG - 中心残差: [1.1589480305513251, 1.174713470382595, 0.33080299693491383, 1.1682138548914958, 0.32227858474711635]
2025-08-28 03:13:29,813 - DEBUG - 深度残差: 21.91923844293413
2025-08-28 03:13:29,813 - DEBUG - 眼球外残差: [2.0009435564215727, 0.5776226504666211, 0.19183751403914895, 0.05620773432785258, 0.014052165732567434, 0.004011268406018202, 0.0013337836486629665, 0.0003760185024868742, 9.649612058360208e-05, 2.7856030597348628e-05, 8.04134338196684e-06, 2.3213358831123855e-06]
2025-08-28 03:13:29,814 - DEBUG - 求解线性方程组结果: [ 2.52983992e-03 -1.74717965e-02 -5.89931505e-06  1.14629342e-05]
2025-08-28 03:13:29,814 - DEBUG - 第17次LM优化，未裁剪前计算的步长：0.01765400607198822
2025-08-28 03:13:29,814 - DEBUG - 第17次LM优化，裁剪后计算的步长：0.01765400607198822
2025-08-28 03:13:29,814 - DEBUG - 第17次LM优化初始参数: 球心：[ 50.49286  -13.600292 610.1716  ], 半径：13.21637740561047
2025-08-28 03:13:29,814 - DEBUG - 第17次LM优化准备更新参数: 球心：[ 50.495388 -13.617764 610.1716  ], 半径：13.216388868544653
2025-08-28 03:13:29,814 - DEBUG - 表面残差: [0.14396649090160862, 0.10806226751057627, -0.17585108223460352, 0.10597986935884834, -0.1733820607040899]
2025-08-28 03:13:29,814 - DEBUG - 中心残差: [1.15895979210497, 1.1745759506784403, 0.32283590144290103, 1.1683287562232565, 0.33024296603444186]
2025-08-28 03:13:29,814 - DEBUG - 深度残差: 21.91923844293413
2025-08-28 03:13:29,814 - DEBUG - 眼球外残差: [2.0009435564215727, 0.5776226504666211, 0.19190650857282687, 0.056230300404687274, 0.01405607252679985, 0.004011268406018202, 0.001333165779440885, 0.00037585008734805875, 9.649612058360208e-05, 2.7856030597348628e-05, 8.04134338196684e-06, 2.3213358831123855e-06]
2025-08-28 03:13:29,815 - DEBUG - 第17次LM优化，计算新目标函数值: 244.61817748426313
2025-08-28 03:13:29,815 - DEBUG - 目前的 置信度 {'surface_confidence': 0.9605630253094704, 'center_confidence': 0.8785299228311005, 'fitting_confidence': 0.8883334806394598, 'constraint_confidence': 0.0, 'overall_confidence': 0.8883334806394598, 'weighted_confidence': 0.7995001325755139}
2025-08-28 03:13:29,815 - DEBUG - 检查更新是否有效: 244.61817748426313 <= 244.61817748426313 = True
2025-08-28 03:13:29,815 - DEBUG - 第17次LM优化，lambda_lm: 0.01
2025-08-28 03:13:29,815 - DEBUG - ------------------------------------------------------------------------------------------------------
2025-08-28 03:13:29,815 - DEBUG - 第18次LM优化，计算残差：

2025-08-28 03:13:29,815 - DEBUG - 表面残差: [0.14396649090160862, 0.10806226751057627, -0.17585108223460352, 0.10597986935884834, -0.1733820607040899]
2025-08-28 03:13:29,815 - DEBUG - 中心残差: [1.15895979210497, 1.1745759506784403, 0.32283590144290103, 1.1683287562232565, 0.33024296603444186]
2025-08-28 03:13:29,815 - DEBUG - 深度残差: 21.91923844293413
2025-08-28 03:13:29,816 - DEBUG - 眼球外残差: [2.0009435564215727, 0.5776226504666211, 0.19190650857282687, 0.056230300404687274, 0.01405607252679985, 0.004011268406018202, 0.001333165779440885, 0.00037585008734805875, 9.649612058360208e-05, 2.7856030597348628e-05, 8.04134338196684e-06, 2.3213358831123855e-06]
2025-08-28 03:13:29,816 - DEBUG - 求解线性方程组结果: [-1.52209832e-03  1.08814366e-02 -1.40753488e-05 -6.57510065e-06]
2025-08-28 03:13:29,816 - DEBUG - 第18次LM优化，未裁剪前计算的步长：0.010987387645065518
2025-08-28 03:13:29,816 - DEBUG - 第18次LM优化，裁剪后计算的步长：0.010987387645065518
2025-08-28 03:13:29,816 - DEBUG - 第18次LM优化初始参数: 球心：[ 50.495388 -13.617764 610.1716  ], 半径：13.216388868544653
2025-08-28 03:13:29,816 - DEBUG - 第18次LM优化准备更新参数: 球心：[ 50.493866 -13.606883 610.1716  ], 半径：13.216382293444005
2025-08-28 03:13:29,816 - DEBUG - 表面残差: [0.14396495119141514, 0.10808244143788087, -0.17419665550726798, 0.10596686967330861, -0.17503323370754217]
2025-08-28 03:13:29,816 - DEBUG - 中心残差: [1.1589489352862208, 1.1746302347721855, 0.3277929439367391, 1.1682835194784689, 0.32528320933591653]
2025-08-28 03:13:29,818 - DEBUG - 深度残差: 21.91923844293413
2025-08-28 03:13:29,818 - DEBUG - 眼球外残差: [2.0009435564215727, 0.5776226504666211, 0.19186339918303277, 0.056216308442028524, 0.014053675484927947, 0.004011268406018202, 0.0013335513995125507, 0.00037595458446406586, 9.649612058360208e-05, 2.7856030597348628e-05, 8.04134338196684e-06, 2.3213358831123855e-06]
2025-08-28 03:13:29,818 - DEBUG - 第18次LM优化，计算新目标函数值: 244.6181523577519
2025-08-28 03:13:29,818 - DEBUG - 目前的 置信度 {'surface_confidence': 0.9605636064219711, 'center_confidence': 0.8785312070317228, 'fitting_confidence': 0.8883343417350151, 'constraint_confidence': 0.0, 'overall_confidence': 0.8883343417350151, 'weighted_confidence': 0.7995009075615136}
2025-08-28 03:13:29,820 - DEBUG - 检查更新是否有效: 244.6181523577519 <= 244.6181523577519 = True
2025-08-28 03:13:29,820 - DEBUG - LM优化收敛，迭代次数: 19
2025-08-28 03:13:29,820 - DEBUG - LM优化收敛，最终参数: 球心：[ 50.493866 -13.606883 610.1716  ], 半径：13.216382293444005
2025-08-28 03:13:29,821 - DEBUG - ------------------------------------------------------------------------------------------------------
2025-08-28 03:13:29,822 - INFO - 拟合结果: left：
拟合结果：
 球心：[-22.025608 -15.771727 609.8921  ]
 半径：10.265729679233695
 置信度：0.23470988998899647
 收敛：True
 迭代次数：9
 最终残差范数：22.091590050366143
 使用策略：lm
2025-08-28 03:13:29,822 - INFO - 
================================================================================
2025-08-28 03:13:29,823 - INFO - LEFT眼距离分析报告
2025-08-28 03:13:29,823 - INFO - ================================================================================
2025-08-28 03:13:29,823 - INFO - 眼球中心: [-22.03, -15.77, 609.89] mm
2025-08-28 03:13:29,823 - INFO - 眼球半径: 10.27 mm
2025-08-28 03:13:29,823 - INFO - 拟合置信度: 0.235
2025-08-28 03:13:29,823 - INFO - 最终残差: 22.092
2025-08-28 03:13:29,823 - INFO - ================================================================================
2025-08-28 03:13:29,823 - INFO - 
【PUPIL】点分析 (1个点):
2025-08-28 03:13:29,824 - INFO - ------------------------------------------------------------
2025-08-28 03:13:29,824 - INFO -   点1: 距离球心=9.90225mm, 距离球面=-0.36348mm (球内), 可见性=0.9200000166893005
2025-08-28 03:13:29,824 - INFO -   统计: 1个球内, 0个球外
2025-08-28 03:13:29,824 - INFO - 
【IRIS】点分析 (4个点):
2025-08-28 03:13:29,824 - INFO - ------------------------------------------------------------
2025-08-28 03:13:29,824 - INFO -   点1: 距离球心=11.99185mm, 距离球面=+1.72612mm (球外), 可见性=0.9200000166893005
2025-08-28 03:13:29,825 - INFO -   点2: 距离球心=11.20518mm, 距离球面=+0.93945mm (球外), 可见性=0.9200000166893005
2025-08-28 03:13:29,825 - INFO -   点3: 距离球心=12.05371mm, 距离球面=+1.78798mm (球外), 可见性=0.9200000166893005
2025-08-28 03:13:29,825 - INFO -   点4: 距离球心=11.57664mm, 距离球面=+1.31091mm (球外), 可见性=0.9200000166893005
2025-08-28 03:13:29,825 - INFO -   统计: 0个球内, 4个球外
2025-08-28 03:13:29,825 - INFO - 
【INNER_CANTHUS】点分析 (1个点):
2025-08-28 03:13:29,825 - INFO - ------------------------------------------------------------
2025-08-28 03:13:29,825 - INFO -   点1: 距离球心=19.62909mm, 距离球面=+9.36336mm (球外), 可见性=0.9200000166893005
2025-08-28 03:13:29,825 - INFO -   统计: 0个球内, 1个球外
2025-08-28 03:13:29,825 - INFO - 
【UPPER_EYELID】点分析 (5个点):
2025-08-28 03:13:29,826 - INFO - ------------------------------------------------------------
2025-08-28 03:13:29,826 - INFO -   点1: 距离球心=14.83524mm, 距离球面=+4.56951mm (球外), 可见性=0.9200000166893005
2025-08-28 03:13:29,826 - INFO -   点2: 距离球心=11.52929mm, 距离球面=+1.26356mm (球外), 可见性=0.9200000166893005
2025-08-28 03:13:29,826 - INFO -   点3: 距离球心=10.19129mm, 距离球面=-0.07444mm (球内), 可见性=0.9200000166893005
2025-08-28 03:13:29,826 - INFO -   点4: 距离球心=11.29079mm, 距离球面=+1.02506mm (球外), 可见性=0.9200000166893005
2025-08-28 03:13:29,826 - INFO -   点5: 距离球心=17.96203mm, 距离球面=+7.69630mm (球外), 可见性=0.9200000166893005
2025-08-28 03:13:29,826 - INFO -   统计: 1个球内, 4个球外
2025-08-28 03:13:29,826 - INFO - 
【LOWER_EYELID】点分析 (5个点):
2025-08-28 03:13:29,826 - INFO - ------------------------------------------------------------
2025-08-28 03:13:29,826 - INFO -   点1: 距离球心=10.95201mm, 距离球面=+0.68628mm (球外), 可见性=0.9200000166893005
2025-08-28 03:13:29,826 - INFO -   点2: 距离球心=12.44231mm, 距离球面=+2.17658mm (球外), 可见性=0.9200000166893005
2025-08-28 03:13:29,827 - INFO -   点3: 距离球心=15.40148mm, 距离球面=+5.13575mm (球外), 可见性=0.9200000166893005
2025-08-28 03:13:29,827 - INFO -   点4: 距离球心=18.05207mm, 距离球面=+7.78634mm (球外), 可见性=0.9200000166893005
2025-08-28 03:13:29,827 - INFO -   点5: 距离球心=13.38768mm, 距离球面=+3.12195mm (球外), 可见性=0.9200000166893005
2025-08-28 03:13:29,827 - INFO -   统计: 0个球内, 5个球外
2025-08-28 03:13:29,827 - INFO - 
【OUTER_CANTHUS】点分析 (1个点):
2025-08-28 03:13:29,827 - INFO - ------------------------------------------------------------
2025-08-28 03:13:29,827 - INFO -   点1: 距离球心=15.11192mm, 距离球面=+4.84619mm (球外), 可见性=0.9200000166893005
2025-08-28 03:13:29,827 - INFO -   统计: 0个球内, 1个球外
2025-08-28 03:13:29,827 - INFO - 
================================================================================
2025-08-28 03:13:29,827 - INFO - LEFT眼总体统计:
2025-08-28 03:13:29,827 - INFO - 总点数: 17
2025-08-28 03:13:29,827 - INFO - 球内点数: 2 (11.76471%)
2025-08-28 03:13:29,827 - INFO - 球外点数: 15 (88.23529%)
2025-08-28 03:13:29,827 - INFO - ================================================================================
2025-08-28 03:13:29,829 - INFO - 拟合结果: right：
拟合结果：
 球心：[ 50.493866 -13.606883 610.1716  ]
 半径：13.216382293444005
 置信度：0.7995029180453337
 收敛：True
 迭代次数：19
 最终残差范数：22.118687912453716
 使用策略：lm
2025-08-28 03:13:29,829 - INFO - 
================================================================================
2025-08-28 03:13:29,829 - INFO - RIGHT眼距离分析报告
2025-08-28 03:13:29,829 - INFO - ================================================================================
2025-08-28 03:13:29,829 - INFO - 眼球中心: [50.49, -13.61, 610.17] mm
2025-08-28 03:13:29,829 - INFO - 眼球半径: 13.22 mm
2025-08-28 03:13:29,829 - INFO - 拟合置信度: 0.800
2025-08-28 03:13:29,829 - INFO - 最终残差: 22.119
2025-08-28 03:13:29,829 - INFO - ================================================================================
2025-08-28 03:13:29,829 - INFO - 
【PUPIL】点分析 (1个点):
2025-08-28 03:13:29,829 - INFO - ------------------------------------------------------------
2025-08-28 03:13:29,829 - INFO -   点1: 距离球心=10.17164mm, 距离球面=-3.04474mm (球内), 可见性=0.9200000166893005
2025-08-28 03:13:29,830 - INFO -   统计: 1个球内, 0个球外
2025-08-28 03:13:29,830 - INFO - 
【IRIS】点分析 (4个点):
2025-08-28 03:13:29,830 - INFO - ------------------------------------------------------------
2025-08-28 03:13:29,830 - INFO -   点1: 距离球心=12.45817mm, 距离球面=-0.75821mm (球内), 可见性=0.9200000166893005
2025-08-28 03:13:29,830 - INFO -   点2: 距离球心=11.56552mm, 距离球面=-1.65086mm (球内), 可见性=0.9200000166893005
2025-08-28 03:13:29,830 - INFO -   点3: 距离球心=12.45148mm, 距离球面=-0.76490mm (球内), 可见性=0.9200000166893005
2025-08-28 03:13:29,830 - INFO -   点4: 距离球心=11.56288mm, 距离球面=-1.65350mm (球内), 可见性=0.9200000166893005
2025-08-28 03:13:29,830 - INFO -   统计: 4个球内, 0个球外
2025-08-28 03:13:29,830 - INFO - 
【INNER_CANTHUS】点分析 (1个点):
2025-08-28 03:13:29,830 - INFO - ------------------------------------------------------------
2025-08-28 03:13:29,831 - INFO -   点1: 距离球心=17.97270mm, 距离球面=+4.75632mm (球外), 可见性=0.9200000166893005
2025-08-28 03:13:29,831 - INFO -   统计: 0个球内, 1个球外
2025-08-28 03:13:29,831 - INFO - 
【UPPER_EYELID】点分析 (5个点):
2025-08-28 03:13:29,831 - INFO - ------------------------------------------------------------
2025-08-28 03:13:29,831 - INFO -   点1: 距离球心=13.67311mm, 距离球面=+0.45673mm (球外), 可见性=0.9200000166893005
2025-08-28 03:13:29,831 - INFO -   点2: 距离球心=11.22689mm, 距离球面=-1.98949mm (球内), 可见性=0.9200000166893005
2025-08-28 03:13:29,831 - INFO -   点3: 距离球心=11.01044mm, 距离球面=-2.20594mm (球内), 可见性=0.9200000166893005
2025-08-28 03:13:29,831 - INFO -   点4: 距离球心=13.05914mm, 距离球面=-0.15725mm (球内), 可见性=0.9200000166893005
2025-08-28 03:13:29,831 - INFO -   点5: 距离球心=16.40973mm, 距离球面=+3.19335mm (球外), 可见性=0.9200000166893005
2025-08-28 03:13:29,831 - INFO -   统计: 3个球内, 2个球外
2025-08-28 03:13:29,831 - INFO - 
【LOWER_EYELID】点分析 (5个点):
2025-08-28 03:13:29,831 - INFO - ------------------------------------------------------------
2025-08-28 03:13:29,831 - INFO -   点1: 距离球心=11.21419mm, 距离球面=-2.00219mm (球内), 可见性=0.9200000166893005
2025-08-28 03:13:29,832 - INFO -   点2: 距离球心=11.55654mm, 距离球面=-1.65985mm (球内), 可见性=0.9200000166893005
2025-08-28 03:13:29,832 - INFO -   点3: 距离球心=13.91909mm, 距离球面=+0.70271mm (球外), 可见性=0.9200000166893005
2025-08-28 03:13:29,832 - INFO -   点4: 距离球心=16.41493mm, 距离球面=+3.19855mm (球外), 可见性=0.9200000166893005
2025-08-28 03:13:29,832 - INFO -   点5: 距离球心=15.06236mm, 距离球面=+1.84597mm (球外), 可见性=0.9200000166893005
2025-08-28 03:13:29,832 - INFO -   统计: 2个球内, 3个球外
2025-08-28 03:13:29,832 - INFO - 
【OUTER_CANTHUS】点分析 (1个点):
2025-08-28 03:13:29,832 - INFO - ------------------------------------------------------------
2025-08-28 03:13:29,832 - INFO -   点1: 距离球心=16.93320mm, 距离球面=+3.71682mm (球外), 可见性=0.9200000166893005
2025-08-28 03:13:29,832 - INFO -   统计: 0个球内, 1个球外
2025-08-28 03:13:29,833 - INFO - 
================================================================================
2025-08-28 03:13:29,833 - INFO - RIGHT眼总体统计:
2025-08-28 03:13:29,833 - INFO - 总点数: 17
2025-08-28 03:13:29,833 - INFO - 球内点数: 10 (58.82353%)
2025-08-28 03:13:29,834 - INFO - 球外点数: 7 (41.17647%)
2025-08-28 03:13:29,834 - INFO - ================================================================================
