2025-08-27 03:48:13,833 - INFO - 日志文件创建: logs\recognition_20250827_034813.log
2025-08-27 03:48:17,615 - DEBUG - 深度图范围: min=593.659668, max=612.380676
2025-08-27 03:48:17,617 - DEBUG - 检测到毫米单位，乘以depth_scale=0.001
2025-08-27 03:48:17,619 - INFO - 批量转换完成：成功 1/1 个关键点
2025-08-27 03:48:17,619 - INFO - 批量转换完成：成功 4/4 个关键点
2025-08-27 03:48:17,619 - INFO - 批量转换完成：成功 1/1 个关键点
2025-08-27 03:48:17,619 - INFO - 批量转换完成：成功 5/5 个关键点
2025-08-27 03:48:17,620 - INFO - 批量转换完成：成功 5/5 个关键点
2025-08-27 03:48:17,621 - INFO - 批量转换完成：成功 1/1 个关键点
2025-08-27 03:48:17,621 - INFO - 批量转换完成：成功 1/1 个关键点
2025-08-27 03:48:17,621 - INFO - 批量转换完成：成功 4/4 个关键点
2025-08-27 03:48:17,621 - INFO - 批量转换完成：成功 1/1 个关键点
2025-08-27 03:48:17,621 - INFO - 批量转换完成：成功 5/5 个关键点
2025-08-27 03:48:17,621 - INFO - 批量转换完成：成功 5/5 个关键点
2025-08-27 03:48:17,622 - INFO - 批量转换完成：成功 1/1 个关键点
2025-08-27 03:48:17,623 - INFO - 帧 0: 更新拟合数据
2025-08-27 03:48:17,636 - INFO - --------------------------------------------------
2025-08-27 03:48:17,637 - INFO - 开始RANSAC球体拟合...
2025-08-27 03:48:17,638 - DEBUG - left眼数据统计:
2025-08-27 03:48:17,639 - DEBUG -   拟合点数量: 6
2025-08-27 03:48:17,640 - DEBUG -   约束点数量: 11
2025-08-27 03:48:17,640 - DEBUG -   总点数: 17
2025-08-27 03:48:17,641 - DEBUG -   平均可见性: 1.000
2025-08-27 03:48:17,641 - DEBUG -   可见性样本数: 17
2025-08-27 03:48:17,641 - DEBUG - left眼数据质量: {'point_count': 17, 'fitting_point_count': 6, 'constraint_point_count': 11, 'visibility': 1.0}
2025-08-27 03:48:17,642 - INFO - 数据质量: {'point_count': 17, 'fitting_point_count': 6, 'constraint_point_count': 11, 'visibility': 1.0}
2025-08-27 03:48:17,642 - DEBUG - 可用策略数量: 4
2025-08-27 03:48:17,642 - DEBUG - 策略 1: high_quality
2025-08-27 03:48:17,642 - DEBUG -   最小点数: 8, 最小可见性: 0.9
2025-08-27 03:48:17,642 - DEBUG -   当前点数: 17, 当前可见性: 1.000
2025-08-27 03:48:17,642 - INFO - 选择策略: high_quality
2025-08-27 03:48:17,643 - DEBUG - ------------------------------------------------------------------------------------------------------
2025-08-27 03:48:17,644 - DEBUG - 第0次LM优化，
计算表面残差：
[-8.225      -3.1143733  -3.76465759 -2.96305428 -3.81611595  9.91679573]
 中心残差：
[-8.45       -3.0643733  -3.71465759 -2.91305428 -3.76611595  9.66679573]
2025-08-27 03:48:17,645 - DEBUG - 求解线性方程组结果: [  7.15864822  -0.31157285   5.52889793 -13.59102352]
2025-08-27 03:48:17,645 - DEBUG - 第0次LM优化，未裁剪前计算的步长：16.328746260757317
2025-08-27 03:48:17,645 - DEBUG - 第0次LM优化，裁剪后计算的步长：0.9999999999999999
2025-08-27 03:48:17,645 - DEBUG - 第0次LM优化初始参数: 球心：[ -9.933191  78.16349  600.7197  ], 半径：12.0
2025-08-27 03:48:17,646 - DEBUG - 第0次LM优化准备更新参数: 球心：[ -9.494783  78.14441  601.05835 ], 半径：11.16766276483554
2025-08-27 03:48:17,646 - DEBUG - 约束点限制: 原始半径=11.168, 约束后半径=11.168
2025-08-27 03:48:17,646 - DEBUG - 第0次LM优化，应用约束点限制参数范围后: 球心：[ -9.494783  78.14441  601.05835 ], 半径：11.16766276483554
2025-08-27 03:48:17,647 - DEBUG - 第0次LM优化，
计算新表面残差：
[-6.83837843 -2.71010423 -2.90767932 -1.67919135 -3.01063895 10.30406461]
 新中心残差：
[-7.89571567 -3.49244146 -3.69001656 -2.46152859 -3.79297619  9.22172737]
2025-08-27 03:48:17,647 - DEBUG - 第0次LM优化，计算新目标函数值: 22.0649846785533
2025-08-27 03:48:17,648 - DEBUG - 目前的 置信度 {'surface_confidence': 0.0016974354720870847, 'center_confidence': 0.005657945296750095, 'fitting_confidence': 0.0036711181818485455, 'constraint_confidence': 0.030233245078241433, 'overall_confidence': 0.020858376761867473, 'weighted_confidence': 0.01163975625076641}
2025-08-27 03:48:17,648 - DEBUG - 检查更新是否有效: 22.0649846785533 <= 22.0649846785533 = True
2025-08-27 03:48:17,648 - DEBUG - 第0次LM优化，lambda_lm: 0.001
2025-08-27 03:48:17,648 - DEBUG - ------------------------------------------------------------------------------------------------------
2025-08-27 03:48:17,649 - DEBUG - 第1次LM优化，
计算表面残差：
[-6.83837843 -2.71010423 -2.90767932 -1.67919135 -3.01063895 10.30406461]
 中心残差：
[-7.89571567 -3.49244146 -3.69001656 -2.46152859 -3.79297619  9.22172737]
2025-08-27 03:48:17,649 - DEBUG - 求解线性方程组结果: [ 5.90813871  0.12888486  5.60423345 -6.72826418]
2025-08-27 03:48:17,649 - DEBUG - 第1次LM优化，未裁剪前计算的步长：10.564075240878298
2025-08-27 03:48:17,650 - DEBUG - 第1次LM优化，裁剪后计算的步长：1.0
2025-08-27 03:48:17,650 - DEBUG - 第1次LM优化初始参数: 球心：[ -9.494783  78.14441  601.05835 ], 半径：11.16766276483554
2025-08-27 03:48:17,650 - DEBUG - 第1次LM优化准备更新参数: 球心：[ -8.935516  78.15661  601.58887 ], 半径：10.530762324059957
2025-08-27 03:48:17,650 - DEBUG - 约束点限制: 原始半径=10.531, 约束后半径=10.531
2025-08-27 03:48:17,651 - DEBUG - 第1次LM优化，应用约束点限制参数范围后: 球心：[ -8.935516  78.15661  601.58887 ], 半径：10.530762324059957
2025-08-27 03:48:17,651 - DEBUG - 第1次LM优化，
计算新表面残差：
[-5.43258129 -2.57650684 -2.14097236 -0.44302295 -2.37889741 10.38492524]
 新中心残差：
[-7.12681897 -3.99574451 -3.56021004 -1.86226063 -3.79813509  8.66568756]
2025-08-27 03:48:17,651 - DEBUG - 第1次LM优化，计算新目标函数值: 18.582349323869984
2025-08-27 03:48:17,651 - DEBUG - 目前的 置信度 {'surface_confidence': 0.08786989143223767, 'center_confidence': 0.001798095159105292, 'fitting_confidence': 0.029157144877562463, 'constraint_confidence': 0.027191628268308985, 'overall_confidence': 0.02788534001275139, 'weighted_confidence': 0.028567489894786417}
2025-08-27 03:48:17,651 - DEBUG - 检查更新是否有效: 18.582349323869984 <= 18.582349323869984 = True
2025-08-27 03:48:17,652 - DEBUG - 第1次LM优化，lambda_lm: 0.0001
2025-08-27 03:48:17,652 - DEBUG - ------------------------------------------------------------------------------------------------------
2025-08-27 03:48:17,652 - DEBUG - 第2次LM优化，
计算表面残差：
[-5.43258129 -2.57650684 -2.14097236 -0.44302295 -2.37889741 10.38492524]
 中心残差：
[-7.12681897 -3.99574451 -3.56021004 -1.86226063 -3.79813509  8.66568756]
2025-08-27 03:48:17,653 - DEBUG - 求解线性方程组结果: [ 1.06777884  0.64423945  5.21169946 -0.46367285]
2025-08-27 03:48:17,653 - DEBUG - 第2次LM优化，未裁剪前计算的步长：5.3788474463198765
2025-08-27 03:48:17,653 - DEBUG - 第2次LM优化，裁剪后计算的步长：0.9999999999999999
2025-08-27 03:48:17,654 - DEBUG - 第2次LM优化初始参数: 球心：[ -8.935516  78.15661  601.58887 ], 半径：10.530762324059957
2025-08-27 03:48:17,654 - DEBUG - 第2次LM优化准备更新参数: 球心：[ -8.737002  78.27638  602.5578  ], 半径：10.444559312274238
2025-08-27 03:48:17,654 - DEBUG - 约束点限制: 原始半径=10.445, 约束后半径=10.445
2025-08-27 03:48:17,655 - DEBUG - 第2次LM优化，应用约束点限制参数范围后: 球心：[ -8.737002  78.27638  602.5578  ], 半径：10.444559312274238
2025-08-27 03:48:17,656 - DEBUG - 第2次LM优化，
计算新表面残差：
[-4.47362502 -2.47351153 -1.79266198 -0.01445277 -2.28772576 10.31908205]
 新中心残差：
[-6.2540657  -3.97895222 -3.29810266 -1.51989346 -3.79316645  8.51364136]
2025-08-27 03:48:17,657 - DEBUG - 第2次LM优化，计算新目标函数值: 13.998867374105888
2025-08-27 03:48:17,659 - DEBUG - 目前的 置信度 {'surface_confidence': 0.1807025618343878, 'center_confidence': 0.00033958699678408947, 'fitting_confidence': 0.043588730732624516, 'constraint_confidence': 0.03668328537529203, 'overall_confidence': 0.039120501383762316, 'weighted_confidence': 0.04151709712542477}
2025-08-27 03:48:17,659 - DEBUG - 检查更新是否有效: 13.998867374105888 <= 13.998867374105888 = True
2025-08-27 03:48:17,659 - DEBUG - 第2次LM优化，lambda_lm: 1e-05
2025-08-27 03:48:17,660 - DEBUG - ------------------------------------------------------------------------------------------------------
2025-08-27 03:48:17,660 - DEBUG - 第3次LM优化，
计算表面残差：
[-4.47362502 -2.47351153 -1.79266198 -0.01445277 -2.28772576 10.31908205]
 中心残差：
[-6.2540657  -3.97895222 -3.29810266 -1.51989346 -3.79316645  8.51364136]
2025-08-27 03:48:17,660 - DEBUG - 求解线性方程组结果: [ 0.46428322  0.6273646   4.54831944 -0.1181804 ]
2025-08-27 03:48:17,660 - DEBUG - 第3次LM优化，未裁剪前计算的步长：4.61631039003038
2025-08-27 03:48:17,660 - DEBUG - 第3次LM优化，裁剪后计算的步长：1.0
2025-08-27 03:48:17,662 - DEBUG - 第3次LM优化初始参数: 球心：[ -8.737002  78.27638  602.5578  ], 半径：10.444559312274238
2025-08-27 03:48:17,662 - DEBUG - 第3次LM优化准备更新参数: 球心：[ -8.636428  78.412285 603.5431  ], 半径：10.418958694456322
2025-08-27 03:48:17,663 - DEBUG - 约束点限制: 原始半径=10.419, 约束后半径=10.419
2025-08-27 03:48:17,664 - DEBUG - 第3次LM优化，应用约束点限制参数范围后: 球心：[ -8.636428  78.412285 603.5431  ], 半径：10.418958694456322
2025-08-27 03:48:17,665 - DEBUG - 第3次LM优化，
计算新表面残差：
[-3.52708853 -2.1947676  -1.39742053  0.35249459 -2.1401893  10.33930585]
 新中心残差：
[-5.33312984 -3.72580891 -2.92846184 -1.17854671 -3.6712306   8.50826454]
2025-08-27 03:48:17,666 - DEBUG - 第3次LM优化，计算新目标函数值: 10.304892427035444
2025-08-27 03:48:17,667 - DEBUG - 目前的 置信度 {'surface_confidence': 0.243232457441106, 'center_confidence': 0.00020573563029004362, 'fitting_confidence': 0.08673528733633383, 'constraint_confidence': 0.041290261345545275, 'overall_confidence': 0.05732968228347065, 'weighted_confidence': 0.07310177953909726}
2025-08-27 03:48:17,668 - DEBUG - 检查更新是否有效: 10.304892427035444 <= 10.304892427035444 = True
2025-08-27 03:48:17,668 - DEBUG - 第3次LM优化，lambda_lm: 1.0000000000000002e-06
2025-08-27 03:48:17,669 - DEBUG - ------------------------------------------------------------------------------------------------------
2025-08-27 03:48:17,670 - DEBUG - 第4次LM优化，
计算表面残差：
[-3.52708853 -2.1947676  -1.39742053  0.35249459 -2.1401893  10.33930585]
 中心残差：
[-5.33312984 -3.72580891 -2.92846184 -1.17854671 -3.6712306   8.50826454]
2025-08-27 03:48:17,671 - DEBUG - 求解线性方程组结果: [0.06389682 0.39510495 3.8832753  0.23418649]
2025-08-27 03:48:17,671 - DEBUG - 第4次LM优化，未裁剪前计算的步长：3.9108644913234443
2025-08-27 03:48:17,672 - DEBUG - 第4次LM优化，裁剪后计算的步长：1.0
2025-08-27 03:48:17,673 - DEBUG - 第4次LM优化初始参数: 球心：[ -8.636428  78.412285 603.5431  ], 半径：10.418958694456322
2025-08-27 03:48:17,674 - DEBUG - 第4次LM优化准备更新参数: 球心：[ -8.62009  78.51331 604.536  ], 半径：10.478839698425775
2025-08-27 03:48:17,674 - DEBUG - 约束点限制: 原始半径=10.479, 约束后半径=10.479
2025-08-27 03:48:17,675 - DEBUG - 第4次LM优化，应用约束点限制参数范围后: 球心：[ -8.62009  78.51331 604.536  ], 半径：10.478839698425775
2025-08-27 03:48:17,676 - DEBUG - 第4次LM优化，
计算新表面残差：
[-2.65283529 -1.81011764 -1.03639833  0.64752539 -1.92040531 10.4017393 ]
 新中心残差：
[-4.39899559 -3.28127794 -2.50755863 -0.82363491 -3.39156561  8.63057899]
2025-08-27 03:48:17,678 - DEBUG - 第4次LM优化，计算新目标函数值: 7.576725472860308
2025-08-27 03:48:17,678 - DEBUG - 目前的 置信度 {'surface_confidence': 0.35525662463824337, 'center_confidence': 0.0002020496593083032, 'fitting_confidence': 0.07153853129412299, 'constraint_confidence': 0.04172007730540562, 'overall_confidence': 0.05224423753671764, 'weighted_confidence': 0.06259299509750778}
2025-08-27 03:48:17,678 - DEBUG - 检查更新是否有效: 7.576725472860308 <= 7.576725472860308 = True
2025-08-27 03:48:17,678 - DEBUG - 第4次LM优化，lambda_lm: 1.0000000000000002e-07
2025-08-27 03:48:17,681 - DEBUG - ------------------------------------------------------------------------------------------------------
2025-08-27 03:48:17,681 - DEBUG - 第5次LM优化，
计算表面残差：
[-2.65283529 -1.81011764 -1.03639833  0.64752539 -1.92040531 10.4017393 ]
 中心残差：
[-4.39899559 -3.28127794 -2.50755863 -0.82363491 -3.39156561  8.63057899]
2025-08-27 03:48:17,681 - DEBUG - 求解线性方程组结果: [-0.30843179  0.0509563   3.36350369  0.41637912]
2025-08-27 03:48:17,681 - DEBUG - 第5次LM优化，未裁剪前计算的步长：3.403565099857089
2025-08-27 03:48:17,681 - DEBUG - 第5次LM优化，裁剪后计算的步长：0.9999999999999998
2025-08-27 03:48:17,681 - DEBUG - 第5次LM优化初始参数: 球心：[ -8.62009  78.51331 604.536  ], 半径：10.478839698425775
2025-08-27 03:48:17,685 - DEBUG - 第5次LM优化准备更新参数: 球心：[ -8.71071  78.52828 605.52423], 半径：10.601175868101173
2025-08-27 03:48:17,686 - DEBUG - 约束点限制: 原始半径=10.601, 约束后半径=10.601
2025-08-27 03:48:17,686 - DEBUG - 第5次LM优化，应用约束点限制参数范围后: 球心：[ -8.71071  78.52828 605.52423], 半径：10.601175868101173
2025-08-27 03:48:17,687 - DEBUG - 第5次LM优化，
计算新表面残差：
[-1.85517997 -1.32371157 -0.74751204  0.86991388 -1.58547801 10.54181806]
 新中心残差：
[-3.4790041  -2.67253571 -2.09633617 -0.47891026 -2.93430214  8.89299393]
2025-08-27 03:48:17,688 - DEBUG - 第5次LM优化，计算新目标函数值: 5.7711411837126745
2025-08-27 03:48:17,689 - DEBUG - 目前的 置信度 {'surface_confidence': 0.3144682478306202, 'center_confidence': 0.00030300338592777366, 'fitting_confidence': 0.07514435474101859, 'constraint_confidence': 0.040798711596081276, 'overall_confidence': 0.05292070329429444, 'weighted_confidence': 0.06484066179753739}
2025-08-27 03:48:17,690 - DEBUG - 检查更新是否有效: 5.7711411837126745 <= 5.7711411837126745 = True
2025-08-27 03:48:17,690 - DEBUG - 第5次LM优化，lambda_lm: 1.0000000000000002e-08
2025-08-27 03:48:17,690 - DEBUG - ------------------------------------------------------------------------------------------------------
2025-08-27 03:48:17,690 - DEBUG - 第6次LM优化，
计算表面残差：
[-1.85517997 -1.32371157 -0.74751204  0.86991388 -1.58547801 10.54181806]
 中心残差：
[-3.4790041  -2.67253571 -2.09633617 -0.47891026 -2.93430214  8.89299393]
2025-08-27 03:48:17,690 - DEBUG - 求解线性方程组结果: [-0.64712566 -0.25036258  3.13131648  0.62621713]
2025-08-27 03:48:17,690 - DEBUG - 第6次LM优化，未裁剪前计算的步长：3.2678347345740213
2025-08-27 03:48:17,694 - DEBUG - 第6次LM优化，裁剪后计算的步长：1.0
2025-08-27 03:48:17,694 - DEBUG - 第6次LM优化初始参数: 球心：[ -8.71071  78.52828 605.52423], 半径：10.601175868101173
2025-08-27 03:48:17,694 - DEBUG - 第6次LM优化准备更新参数: 球心：[ -8.908738  78.45167  606.4825  ], 半径：10.79280646771314
2025-08-27 03:48:17,694 - DEBUG - 约束点限制: 原始半径=10.793, 约束后半径=10.793
2025-08-27 03:48:17,696 - DEBUG - 第6次LM优化，应用约束点限制参数范围后: 球心：[ -8.908738  78.45167  606.4825  ], 半径：10.79280646771314
2025-08-27 03:48:17,696 - DEBUG - 第6次LM优化，
计算新表面残差：
[-1.1576094  -0.79055541 -0.55368083  1.00096375 -1.17972988 10.74204461]
 新中心残差：
[-2.58980293 -1.94774895 -1.71087437 -0.15622978 -2.33692341  9.28485107]
2025-08-27 03:48:17,696 - DEBUG - 第6次LM优化，计算新目标函数值: 4.7427633500073405
2025-08-27 03:48:17,697 - DEBUG - 目前的 置信度 {'surface_confidence': 0.39865514819653597, 'center_confidence': 0.0006926897214121863, 'fitting_confidence': 0.058029808721823756, 'constraint_confidence': 0.040992857928374836, 'overall_confidence': 0.04700589938488622, 'weighted_confidence': 0.05291872348378908}
2025-08-27 03:48:17,697 - DEBUG - 检查更新是否有效: 4.7427633500073405 <= 4.7427633500073405 = True
2025-08-27 03:48:17,698 - DEBUG - 第6次LM优化，lambda_lm: 1e-08
2025-08-27 03:48:17,698 - DEBUG - ------------------------------------------------------------------------------------------------------
2025-08-27 03:48:17,699 - DEBUG - 第7次LM优化，
计算表面残差：
[-1.1576094  -0.79055541 -0.55368083  1.00096375 -1.17972988 10.74204461]
 中心残差：
[-2.58980293 -1.94774895 -1.71087437 -0.15622978 -2.33692341  9.28485107]
2025-08-27 03:48:17,700 - DEBUG - 求解线性方程组结果: [-0.67473432 -0.09134641  3.04818678  1.37566588]
2025-08-27 03:48:17,700 - DEBUG - 第7次LM优化，未裁剪前计算的步长：3.412844830392678
2025-08-27 03:48:17,701 - DEBUG - 第7次LM优化，裁剪后计算的步长：0.9999999999999999
2025-08-27 03:48:17,701 - DEBUG - 第7次LM优化初始参数: 球心：[ -8.908738  78.45167  606.4825  ], 半径：10.79280646771314
2025-08-27 03:48:17,701 - DEBUG - 第7次LM优化准备更新参数: 球心：[ -9.106442  78.424904 607.3756  ], 半径：11.195891269499992
2025-08-27 03:48:17,702 - DEBUG - 约束点限制: 原始半径=11.196, 约束后半径=11.196
2025-08-27 03:48:17,702 - DEBUG - 第7次LM优化，应用约束点限制参数范围后: 球心：[ -9.106442  78.424904 607.3756  ], 半径：11.195891269499992
2025-08-27 03:48:17,702 - DEBUG - 第7次LM优化，
计算新表面残差：
[-0.70876501 -0.46259545 -0.49018048  0.95433284 -1.00099514 10.75396644]
 新中心残差：
[-1.73787374 -1.21670418 -1.24428921  0.20022411 -1.75510387  9.69985771]
2025-08-27 03:48:17,702 - DEBUG - 第7次LM优化，计算新目标函数值: 4.257804874004778
2025-08-27 03:48:17,703 - DEBUG - 目前的 置信度 {'surface_confidence': 0.4636940988895312, 'center_confidence': 0.0021371480460794312, 'fitting_confidence': 0.044414549404708965, 'constraint_confidence': 0.04232741900670864, 'overall_confidence': 0.0430640532648264, 'weighted_confidence': 0.04378841028530886}
2025-08-27 03:48:17,703 - DEBUG - 检查更新是否有效: 4.257804874004778 <= 4.257804874004778 = True
2025-08-27 03:48:17,704 - DEBUG - 第7次LM优化，lambda_lm: 1e-08
2025-08-27 03:48:17,704 - DEBUG - ------------------------------------------------------------------------------------------------------
2025-08-27 03:48:17,705 - DEBUG - 第8次LM优化，
计算表面残差：
[-0.70876501 -0.46259545 -0.49018048  0.95433284 -1.00099514 10.75396644]
 中心残差：
[-1.73787374 -1.21670418 -1.24428921  0.20022411 -1.75510387  9.69985771]
2025-08-27 03:48:17,707 - DEBUG - 求解线性方程组结果: [-0.4516672  -0.10046144  2.10371848  1.23325753]
2025-08-27 03:48:17,708 - DEBUG - 第8次LM优化，未裁剪前计算的步长：2.4820659439285504
2025-08-27 03:48:17,708 - DEBUG - 第8次LM优化，裁剪后计算的步长：1.0
2025-08-27 03:48:17,708 - DEBUG - 第8次LM优化初始参数: 球心：[ -9.106442  78.424904 607.3756  ], 半径：11.195891269499992
2025-08-27 03:48:17,711 - DEBUG - 第8次LM优化准备更新参数: 球心：[ -9.288415  78.38443  608.2232  ], 半径：11.69275862048398
2025-08-27 03:48:17,712 - DEBUG - 约束点限制: 原始半径=11.693, 约束后半径=11.693
2025-08-27 03:48:17,713 - DEBUG - 第8次LM优化，应用约束点限制参数范围后: 球心：[ -9.288415  78.38443  608.2232  ], 半径：11.69275862048398
2025-08-27 03:48:17,714 - DEBUG - 第8次LM优化，
计算新表面残差：
[-0.38338772 -0.24480215 -0.49862639  0.8574632  -0.88833491 10.67138284]
 新中心残差：
[-0.9156291  -0.50204353 -0.75586777  0.60022182 -1.14557629 10.11414146]
2025-08-27 03:48:17,714 - DEBUG - 第8次LM优化，计算新目标函数值: 3.860967894580458
2025-08-27 03:48:17,715 - DEBUG - 目前的 置信度 {'surface_confidence': 0.4378046077859364, 'center_confidence': 0.006119951835839697, 'fitting_confidence': 0.05253334468831892, 'constraint_confidence': 0.04409801797895738, 'overall_confidence': 0.04707519211167322, 'weighted_confidence': 0.050002746675510454}
2025-08-27 03:48:17,715 - DEBUG - 检查更新是否有效: 3.860967894580458 <= 3.860967894580458 = True
2025-08-27 03:48:17,715 - DEBUG - 第8次LM优化，lambda_lm: 1e-08
2025-08-27 03:48:17,715 - DEBUG - ------------------------------------------------------------------------------------------------------
2025-08-27 03:48:17,715 - DEBUG - 第9次LM优化，
计算表面残差：
[-0.38338772 -0.24480215 -0.49862639  0.8574632  -0.88833491 10.67138284]
 中心残差：
[-0.9156291  -0.50204353 -0.75586777  0.60022182 -1.14557629 10.11414146]
2025-08-27 03:48:17,717 - DEBUG - 求解线性方程组结果: [-0.07317484 -0.18244296  0.95997407  0.5803626 ]
2025-08-27 03:48:17,717 - DEBUG - 第9次LM优化，未裁剪前计算的步长：1.1388638859858526
2025-08-27 03:48:17,717 - DEBUG - 第9次LM优化，裁剪后计算的步长：1.0
2025-08-27 03:48:17,717 - DEBUG - 第9次LM优化初始参数: 球心：[ -9.288415  78.38443  608.2232  ], 半径：11.69275862048398
2025-08-27 03:48:17,717 - DEBUG - 第9次LM优化准备更新参数: 球心：[ -9.352668  78.224236 609.0661  ], 半径：12.202356479979604
2025-08-27 03:48:17,717 - DEBUG - 约束点限制: 原始半径=12.202, 约束后半径=12.202
2025-08-27 03:48:17,717 - DEBUG - 第9次LM优化，应用约束点限制参数范围后: 球心：[ -9.352668  78.224236 609.0661  ], 半径：12.202356479979604
2025-08-27 03:48:17,719 - DEBUG - 第9次LM优化，
计算新表面残差：
[-0.06059718 -0.11154342 -0.54263949  0.88517499 -0.67744899 10.47882066]
 新中心残差：
[-0.0832407   0.14081306 -0.29028301  1.13753147 -0.42509251 10.43117714]
2025-08-27 03:48:17,719 - DEBUG - 第9次LM优化，计算新目标函数值: 3.632036590325463
2025-08-27 03:48:17,719 - DEBUG - 目前的 置信度 {'surface_confidence': 0.4099735863130632, 'center_confidence': 0.015135036300625142, 'fitting_confidence': 0.06272027270494937, 'constraint_confidence': 0.04371467064721412, 'overall_confidence': 0.05042253019700302, 'weighted_confidence': 0.05701859208762879}
2025-08-27 03:48:17,720 - DEBUG - 检查更新是否有效: 3.632036590325463 <= 3.632036590325463 = True
2025-08-27 03:48:17,720 - DEBUG - 第9次LM优化，lambda_lm: 1e-08
2025-08-27 03:48:17,720 - DEBUG - ------------------------------------------------------------------------------------------------------
2025-08-27 03:48:17,721 - DEBUG - 第10次LM优化，
计算表面残差：
[-0.06059718 -0.11154342 -0.54263949  0.88517499 -0.67744899 10.47882066]
 中心残差：
[-0.0832407   0.14081306 -0.29028301  1.13753147 -0.42509251 10.43117714]
2025-08-27 03:48:17,722 - DEBUG - 求解线性方程组结果: [ 0.35853568 -0.09855564  0.27439164  0.17345886]
2025-08-27 03:48:17,722 - DEBUG - 第10次LM优化，未裁剪前计算的步长：0.49359882273163863
2025-08-27 03:48:17,722 - DEBUG - 第10次LM优化，裁剪后计算的步长：0.49359882273163863
2025-08-27 03:48:17,723 - DEBUG - 第10次LM优化初始参数: 球心：[ -9.352668  78.224236 609.0661  ], 半径：12.202356479979604
2025-08-27 03:48:17,723 - DEBUG - 第10次LM优化准备更新参数: 球心：[ -8.994132  78.12568  609.3405  ], 半径：12.37581534129106
2025-08-27 03:48:17,725 - DEBUG - 约束点限制: 原始半径=12.376, 约束后半径=12.376
2025-08-27 03:48:17,727 - DEBUG - 第10次LM优化，应用约束点限制参数范围后: 球心：[ -8.994132  78.12568  609.3405  ], 半径：12.37581534129106
2025-08-27 03:48:17,727 - DEBUG - 第10次LM优化，
计算新表面残差：
[ 0.07105012 -0.31480174 -0.52990584  1.16597314 -0.58000426 10.05674272]
 新中心残差：
[ 0.22186546  0.1110136  -0.1040905   1.59178848 -0.15418892 10.18255806]
2025-08-27 03:48:17,727 - DEBUG - 第10次LM优化，计算新目标函数值: 3.611974711714405
2025-08-27 03:48:17,727 - DEBUG - 目前的 置信度 {'surface_confidence': 0.38529419350319644, 'center_confidence': 0.02744576930516282, 'fitting_confidence': 0.06976948623887291, 'constraint_confidence': 0.043556180412691305, 'overall_confidence': 0.052807935410167164, 'weighted_confidence': 0.061905494491018426}
2025-08-27 03:48:17,727 - DEBUG - 检查更新是否有效: 3.611974711714405 <= 3.611974711714405 = True
2025-08-27 03:48:17,727 - DEBUG - 第10次LM优化，lambda_lm: 1e-08
2025-08-27 03:48:17,727 - DEBUG - ------------------------------------------------------------------------------------------------------
2025-08-27 03:48:17,727 - DEBUG - 第11次LM优化，
计算表面残差：
[ 0.07105012 -0.31480174 -0.52990584  1.16597314 -0.58000426 10.05674272]
 中心残差：
[ 0.22186546  0.1110136  -0.1040905   1.59178848 -0.15418892 10.18255806]
2025-08-27 03:48:17,729 - DEBUG - 求解线性方程组结果: [ 0.22465491 -0.04163155  0.06889337  0.01100434]
2025-08-27 03:48:17,729 - DEBUG - 第11次LM优化，未裁剪前计算的步长：0.23889413091797582
2025-08-27 03:48:17,729 - DEBUG - 第11次LM优化，裁剪后计算的步长：0.23889413091797582
2025-08-27 03:48:17,729 - DEBUG - 第11次LM优化初始参数: 球心：[ -8.994132  78.12568  609.3405  ], 半径：12.37581534129106
2025-08-27 03:48:17,729 - DEBUG - 第11次LM优化准备更新参数: 球心：[ -8.769477  78.084045 609.4094  ], 半径：12.386819682741848
2025-08-27 03:48:17,731 - DEBUG - 约束点限制: 原始半径=12.387, 约束后半径=12.387
2025-08-27 03:48:17,731 - DEBUG - 第11次LM优化，应用约束点限制参数范围后: 球心：[ -8.769477  78.084045 609.4094  ], 半径：12.386819682741848
2025-08-27 03:48:17,731 - DEBUG - 第11次LM优化，
计算新表面残差：
[ 0.1558128  -0.41438621 -0.4789862   1.36693913 -0.50511211  9.85778252]
 新中心残差：
[ 0.31763248  0.02243347 -0.04216652  1.80375881 -0.06829243  9.9946022 ]
2025-08-27 03:48:17,731 - DEBUG - 第11次LM优化，计算新目标函数值: 3.6122382958490165
2025-08-27 03:48:17,732 - DEBUG - 目前的 置信度 {'surface_confidence': 0.4025591282864333, 'center_confidence': 0.017333240399425007, 'fitting_confidence': 0.06375483929007349, 'constraint_confidence': 0.04512365970897294, 'overall_confidence': 0.05169937014936137, 'weighted_confidence': 0.05816548541574332}
2025-08-27 03:48:17,732 - DEBUG - 检查更新是否有效: 3.6122382958490165 <= 3.611974711714405 = False
2025-08-27 03:48:17,732 - DEBUG - 第11次LM优化，lambda_lm: 1e-07
2025-08-27 03:48:17,732 - DEBUG - ------------------------------------------------------------------------------------------------------
2025-08-27 03:48:17,732 - DEBUG - 第12次LM优化，
计算表面残差：
[ 0.07105012 -0.31480174 -0.52990584  1.16597314 -0.58000426 10.05674272]
 中心残差：
[ 0.22186546  0.1110136  -0.1040905   1.59178848 -0.15418892 10.18255806]
2025-08-27 03:48:17,733 - DEBUG - 求解线性方程组结果: [ 0.22465489 -0.04163155  0.06889335  0.01100433]
2025-08-27 03:48:17,733 - DEBUG - 第12次LM优化，未裁剪前计算的步长：0.23889410447559253
2025-08-27 03:48:17,733 - DEBUG - 第12次LM优化，裁剪后计算的步长：0.23889410447559253
2025-08-27 03:48:17,733 - DEBUG - 第12次LM优化初始参数: 球心：[ -8.994132  78.12568  609.3405  ], 半径：12.37581534129106
2025-08-27 03:48:17,733 - DEBUG - 第12次LM优化准备更新参数: 球心：[ -8.769477  78.084045 609.4094  ], 半径：12.386819671657028
2025-08-27 03:48:17,733 - DEBUG - 约束点限制: 原始半径=12.387, 约束后半径=12.387
2025-08-27 03:48:17,734 - DEBUG - 第12次LM优化，应用约束点限制参数范围后: 球心：[ -8.769477  78.084045 609.4094  ], 半径：12.386819671657028
2025-08-27 03:48:17,734 - DEBUG - 第12次LM优化，
计算新表面残差：
[ 0.15581281 -0.4143862  -0.47898619  1.36693914 -0.5051121   9.85778253]
 新中心残差：
[ 0.31763248  0.02243347 -0.04216652  1.80375881 -0.06829243  9.9946022 ]
2025-08-27 03:48:17,734 - DEBUG - 第12次LM优化，计算新目标函数值: 3.6122382957307644
2025-08-27 03:48:17,734 - DEBUG - 目前的 置信度 {'surface_confidence': 0.4025591282864333, 'center_confidence': 0.017333240399425007, 'fitting_confidence': 0.06375483929007349, 'constraint_confidence': 0.04512365970897294, 'overall_confidence': 0.05169937014936137, 'weighted_confidence': 0.05816548541574332}
2025-08-27 03:48:17,735 - DEBUG - 检查更新是否有效: 3.6122382957307644 <= 3.611974711714405 = False
2025-08-27 03:48:17,735 - DEBUG - 第12次LM优化，lambda_lm: 1e-06
2025-08-27 03:48:17,735 - DEBUG - ------------------------------------------------------------------------------------------------------
2025-08-27 03:48:17,735 - DEBUG - 第13次LM优化，
计算表面残差：
[ 0.07105012 -0.31480174 -0.52990584  1.16597314 -0.58000426 10.05674272]
 中心残差：
[ 0.22186546  0.1110136  -0.1040905   1.59178848 -0.15418892 10.18255806]
2025-08-27 03:48:17,735 - DEBUG - 求解线性方程组结果: [ 0.22465466 -0.0416315   0.06889322  0.01100422]
2025-08-27 03:48:17,736 - DEBUG - 第13次LM优化，未裁剪前计算的步长：0.2388938400521824
2025-08-27 03:48:17,736 - DEBUG - 第13次LM优化，裁剪后计算的步长：0.2388938400521824
2025-08-27 03:48:17,736 - DEBUG - 第13次LM优化初始参数: 球心：[ -8.994132  78.12568  609.3405  ], 半径：12.37581534129106
2025-08-27 03:48:17,736 - DEBUG - 第13次LM优化准备更新参数: 球心：[ -8.769478  78.084045 609.4094  ], 半径：12.386819560809212
2025-08-27 03:48:17,737 - DEBUG - 约束点限制: 原始半径=12.387, 约束后半径=12.387
2025-08-27 03:48:17,737 - DEBUG - 第13次LM优化，应用约束点限制参数范围后: 球心：[ -8.769478  78.084045 609.4094  ], 半径：12.386819560809212
2025-08-27 03:48:17,737 - DEBUG - 第13次LM优化，
计算新表面残差：
[ 0.15581292 -0.41438609 -0.47898608  1.36693925 -0.50511294  9.85778264]
 新中心残差：
[ 0.31763248  0.02243347 -0.04216652  1.80375881 -0.06829338  9.9946022 ]
2025-08-27 03:48:17,738 - DEBUG - 第13次LM优化，计算新目标函数值: 3.612238431258748
2025-08-27 03:48:17,739 - DEBUG - 目前的 置信度 {'surface_confidence': 0.4025591282864333, 'center_confidence': 0.017333240399425007, 'fitting_confidence': 0.06375483929007349, 'constraint_confidence': 0.04512365970897294, 'overall_confidence': 0.05169937014936137, 'weighted_confidence': 0.05816548541574332}
2025-08-27 03:48:17,740 - DEBUG - 检查更新是否有效: 3.612238431258748 <= 3.611974711714405 = False
2025-08-27 03:48:17,740 - DEBUG - 第13次LM优化，lambda_lm: 9.999999999999999e-06
2025-08-27 03:48:17,740 - DEBUG - ------------------------------------------------------------------------------------------------------
2025-08-27 03:48:17,741 - DEBUG - 第14次LM优化，
计算表面残差：
[ 0.07105012 -0.31480174 -0.52990584  1.16597314 -0.58000426 10.05674272]
 中心残差：
[ 0.22186546  0.1110136  -0.1040905   1.59178848 -0.15418892 10.18255806]
2025-08-27 03:48:17,742 - DEBUG - 求解线性方程组结果: [ 0.22465241 -0.04163103  0.06889186  0.01100311]
2025-08-27 03:48:17,742 - DEBUG - 第14次LM优化，未裁剪前计算的步长：0.23889119586041577
2025-08-27 03:48:17,742 - DEBUG - 第14次LM优化，裁剪后计算的步长：0.23889119586041577
2025-08-27 03:48:17,742 - DEBUG - 第14次LM优化初始参数: 球心：[ -8.994132  78.12568  609.3405  ], 半径：12.37581534129106
2025-08-27 03:48:17,742 - DEBUG - 第14次LM优化准备更新参数: 球心：[ -8.76948   78.084045 609.4094  ], 半径：12.386818452371248
2025-08-27 03:48:17,742 - DEBUG - 约束点限制: 原始半径=12.387, 约束后半径=12.387
2025-08-27 03:48:17,743 - DEBUG - 第14次LM优化，应用约束点限制参数范围后: 球心：[ -8.76948   78.084045 609.4094  ], 半径：12.386818452371248
2025-08-27 03:48:17,743 - DEBUG - 第14次LM优化，
计算新表面残差：
[ 0.15581403 -0.41438307 -0.47898497  1.36693845 -0.50511183  9.85778566]
 新中心残差：
[ 0.31763248  0.02243538 -0.04216652  1.8037569  -0.06829338  9.99460411]
2025-08-27 03:48:17,743 - DEBUG - 第14次LM优化，计算新目标函数值: 3.61223823253836
2025-08-27 03:48:17,744 - DEBUG - 目前的 置信度 {'surface_confidence': 0.4025591282864333, 'center_confidence': 0.017333240399425007, 'fitting_confidence': 0.06375483929007349, 'constraint_confidence': 0.04512365970897294, 'overall_confidence': 0.05169937014936137, 'weighted_confidence': 0.05816548541574332}
2025-08-27 03:48:17,744 - DEBUG - 检查更新是否有效: 3.61223823253836 <= 3.611974711714405 = False
2025-08-27 03:48:17,744 - DEBUG - 第14次LM优化，lambda_lm: 9.999999999999999e-05
2025-08-27 03:48:17,744 - DEBUG - ------------------------------------------------------------------------------------------------------
2025-08-27 03:48:17,745 - DEBUG - 第15次LM优化，
计算表面残差：
[ 0.07105012 -0.31480174 -0.52990584  1.16597314 -0.58000426 10.05674272]
 中心残差：
[ 0.22186546  0.1110136  -0.1040905   1.59178848 -0.15418892 10.18255806]
2025-08-27 03:48:17,745 - DEBUG - 求解线性方程组结果: [ 0.22462987 -0.04162636  0.06887825  0.01099203]
2025-08-27 03:48:17,745 - DEBUG - 第15次LM优化，未裁剪前计算的步长：0.2388647581751697
2025-08-27 03:48:17,745 - DEBUG - 第15次LM优化，裁剪后计算的步长：0.2388647581751697
2025-08-27 03:48:17,745 - DEBUG - 第15次LM优化初始参数: 球心：[ -8.994132  78.12568  609.3405  ], 半径：12.37581534129106
2025-08-27 03:48:17,745 - DEBUG - 第15次LM优化准备更新参数: 球心：[ -8.769503  78.08405  609.4094  ], 半径：12.386807372008452
2025-08-27 03:48:17,745 - DEBUG - 约束点限制: 原始半径=12.387, 约束后半径=12.387
2025-08-27 03:48:17,745 - DEBUG - 第15次LM优化，应用约束点限制参数范围后: 球心：[ -8.769503  78.08405  609.4094  ], 半径：12.386807372008452
2025-08-27 03:48:17,745 - DEBUG - 第15次LM优化，
计算新表面残差：
[ 0.15582225 -0.41435769 -0.47897294  1.36693237 -0.50510647  9.85781963]
 新中心残差：
[ 0.31762962  0.02244968 -0.04216557  1.80373974 -0.0682991   9.994627  ]
2025-08-27 03:48:17,745 - DEBUG - 第15次LM优化，计算新目标函数值: 3.612238786766382
2025-08-27 03:48:17,745 - DEBUG - 目前的 置信度 {'surface_confidence': 0.4025591282864333, 'center_confidence': 0.017333240399425007, 'fitting_confidence': 0.06375483929007349, 'constraint_confidence': 0.04512365970897294, 'overall_confidence': 0.05169937014936137, 'weighted_confidence': 0.05816548541574332}
2025-08-27 03:48:17,745 - DEBUG - 检查更新是否有效: 3.612238786766382 <= 3.611974711714405 = False
2025-08-27 03:48:17,745 - DEBUG - 第15次LM优化，lambda_lm: 0.001
2025-08-27 03:48:17,745 - DEBUG - ------------------------------------------------------------------------------------------------------
2025-08-27 03:48:17,749 - DEBUG - 第16次LM优化，
计算表面残差：
[ 0.07105012 -0.31480174 -0.52990584  1.16597314 -0.58000426 10.05674272]
 中心残差：
[ 0.22186546  0.1110136  -0.1040905   1.59178848 -0.15418892 10.18255806]
2025-08-27 03:48:17,749 - DEBUG - 求解线性方程组结果: [ 0.2244048  -0.04157971  0.0687426   0.01088163]
2025-08-27 03:48:17,749 - DEBUG - 第16次LM优化，未裁剪前计算的步长：0.23860080357677732
2025-08-27 03:48:17,749 - DEBUG - 第16次LM优化，裁剪后计算的步长：0.23860080357677732
2025-08-27 03:48:17,750 - DEBUG - 第16次LM优化初始参数: 球心：[ -8.994132  78.12568  609.3405  ], 半径：12.37581534129106
2025-08-27 03:48:17,750 - DEBUG - 第16次LM优化准备更新参数: 球心：[ -8.769728  78.0841   609.40924 ], 半径：12.386696968774967
2025-08-27 03:48:17,750 - DEBUG - 约束点限制: 原始半径=12.387, 约束后半径=12.387
2025-08-27 03:48:17,750 - DEBUG - 第16次LM优化，应用约束点限制参数范围后: 球心：[ -8.769728  78.0841   609.40924 ], 半径：12.386696968774967
2025-08-27 03:48:17,751 - DEBUG - 第16次LM优化，
计算新表面残差：
[ 0.15571999 -0.41425015 -0.47900845  1.36675095 -0.50517155  9.8580769 ]
 新中心残差：
[ 0.31741695  0.02244682 -0.04231148  1.80344791 -0.06847458  9.99477386]
2025-08-27 03:48:17,751 - DEBUG - 第16次LM优化，计算新目标函数值: 3.612213411606589
2025-08-27 03:48:17,751 - DEBUG - 目前的 置信度 {'surface_confidence': 0.4025591282864333, 'center_confidence': 0.017333240399425007, 'fitting_confidence': 0.06375483929007349, 'constraint_confidence': 0.04512365970897294, 'overall_confidence': 0.05169937014936137, 'weighted_confidence': 0.05816548541574332}
2025-08-27 03:48:17,751 - DEBUG - 检查更新是否有效: 3.612213411606589 <= 3.611974711714405 = False
2025-08-27 03:48:17,751 - DEBUG - 第16次LM优化，lambda_lm: 0.01
2025-08-27 03:48:17,751 - DEBUG - ------------------------------------------------------------------------------------------------------
2025-08-27 03:48:17,752 - DEBUG - 第17次LM优化，
计算表面残差：
[ 0.07105012 -0.31480174 -0.52990584  1.16597314 -0.58000426 10.05674272]
 中心残差：
[ 0.22186546  0.1110136  -0.1040905   1.59178848 -0.15418892 10.18255806]
2025-08-27 03:48:17,752 - DEBUG - 求解线性方程组结果: [ 0.22218073 -0.04111898  0.06742241  0.00981638]
2025-08-27 03:48:17,752 - DEBUG - 第17次LM优化，未裁剪前计算的步长：0.23600252382857673
2025-08-27 03:48:17,752 - DEBUG - 第17次LM优化，裁剪后计算的步长：0.23600252382857673
2025-08-27 03:48:17,753 - DEBUG - 第17次LM优化初始参数: 球心：[ -8.994132  78.12568  609.3405  ], 半径：12.37581534129106
2025-08-27 03:48:17,753 - DEBUG - 第17次LM优化准备更新参数: 球心：[ -8.771952  78.08456  609.40796 ], 半径：12.385631725596612
2025-08-27 03:48:17,753 - DEBUG - 约束点限制: 原始半径=12.386, 约束后半径=12.386
2025-08-27 03:48:17,754 - DEBUG - 第17次LM优化，应用约束点限制参数范围后: 球心：[ -8.771952  78.08456  609.40796 ], 半径：12.385631725596612
2025-08-27 03:48:17,754 - DEBUG - 第17次LM优化，
计算新表面残差：
[ 0.15521643 -0.41279771 -0.47899129  1.36529563 -0.50545575  9.86078627]
 新中心残差：
[ 0.31584816  0.02283401 -0.04335957  1.80092735 -0.06982403  9.996418  ]
2025-08-27 03:48:17,755 - DEBUG - 第17次LM优化，计算新目标函数值: 3.6120467407500567
2025-08-27 03:48:17,755 - DEBUG - 目前的 置信度 {'surface_confidence': 0.4025591282864333, 'center_confidence': 0.017333240399425007, 'fitting_confidence': 0.06375483929007349, 'constraint_confidence': 0.04512365970897294, 'overall_confidence': 0.05169937014936137, 'weighted_confidence': 0.05816548541574332}
2025-08-27 03:48:17,756 - DEBUG - 检查更新是否有效: 3.6120467407500567 <= 3.611974711714405 = False
2025-08-27 03:48:17,756 - DEBUG - 第17次LM优化，lambda_lm: 0.1
2025-08-27 03:48:17,756 - DEBUG - ------------------------------------------------------------------------------------------------------
2025-08-27 03:48:17,756 - DEBUG - 第18次LM优化，
计算表面残差：
[ 0.07105012 -0.31480174 -0.52990584  1.16597314 -0.58000426 10.05674272]
 中心残差：
[ 0.22186546  0.1110136  -0.1040905   1.59178848 -0.15418892 10.18255806]
2025-08-27 03:48:17,757 - DEBUG - 求解线性方程组结果: [ 0.20227432 -0.03701984  0.05702242  0.00209105]
2025-08-27 03:48:17,757 - DEBUG - 第18次LM优化，未裁剪前计算的步长：0.21340407273009224
2025-08-27 03:48:17,758 - DEBUG - 第18次LM优化，裁剪后计算的步长：0.21340407273009224
2025-08-27 03:48:17,758 - DEBUG - 第18次LM优化初始参数: 球心：[ -8.994132  78.12568  609.3405  ], 半径：12.37581534129106
2025-08-27 03:48:17,759 - DEBUG - 第18次LM优化准备更新参数: 球心：[ -8.791858  78.08866  609.3975  ], 半径：12.377906387024854
2025-08-27 03:48:17,759 - DEBUG - 约束点限制: 原始半径=12.378, 约束后半径=12.378
2025-08-27 03:48:17,759 - DEBUG - 第18次LM优化，应用约束点限制参数范围后: 球心：[ -8.791858  78.08866  609.3975  ], 半径：12.377906387024854
2025-08-27 03:48:17,759 - DEBUG - 第18次LM优化，
计算新表面残差：
[ 0.14994319 -0.40076749 -0.4798557   1.35117706 -0.50902383  9.88361018]
 新中心残差：
[ 0.30284958  0.0271389  -0.05194931  1.77908344 -0.08111744 10.01151657]
2025-08-27 03:48:17,759 - DEBUG - 第18次LM优化，计算新目标函数值: 3.610809275216918
2025-08-27 03:48:17,759 - DEBUG - 目前的 置信度 {'surface_confidence': 0.4025591282864333, 'center_confidence': 0.017333240399425007, 'fitting_confidence': 0.06375483929007349, 'constraint_confidence': 0.04512365970897294, 'overall_confidence': 0.05169937014936137, 'weighted_confidence': 0.05816548541574332}
2025-08-27 03:48:17,760 - DEBUG - 检查更新是否有效: 3.610809275216918 <= 3.610809275216918 = True
2025-08-27 03:48:17,760 - DEBUG - 第18次LM优化，lambda_lm: 0.01
2025-08-27 03:48:17,760 - DEBUG - ------------------------------------------------------------------------------------------------------
2025-08-27 03:48:17,760 - DEBUG - 第19次LM优化，
计算表面残差：
[ 0.14994319 -0.40076749 -0.4798557   1.35117706 -0.50902383  9.88361018]
 中心残差：
[ 0.30284958  0.0271389  -0.05194931  1.77908344 -0.08111744 10.01151657]
2025-08-27 03:48:17,760 - DEBUG - 求解线性方程组结果: [ 0.08726976 -0.01011452  0.02640954  0.00908936]
2025-08-27 03:48:17,760 - DEBUG - 第19次LM优化，未裁剪前计算的步长：0.09218674084536337
2025-08-27 03:48:17,760 - DEBUG - 第19次LM优化，裁剪后计算的步长：0.09218674084536337
2025-08-27 03:48:17,760 - DEBUG - 第19次LM优化初始参数: 球心：[ -8.791858  78.08866  609.3975  ], 半径：12.377906387024854
2025-08-27 03:48:17,760 - DEBUG - 第19次LM优化准备更新参数: 球心：[ -8.704588  78.078545 609.42395 ], 半径：12.386995744674834
2025-08-27 03:48:17,760 - DEBUG - 约束点限制: 原始半径=12.387, 约束后半径=12.387
2025-08-27 03:48:17,760 - DEBUG - 第19次LM优化，应用约束点限制参数范围后: 球心：[ -8.704588  78.078545 609.42395 ], 半径：12.386995744674834
2025-08-27 03:48:17,760 - DEBUG - 第19次LM优化，
计算新表面残差：
[ 0.17891974 -0.44301419 -0.46009068  1.4239387  -0.48798661  9.80208354]
 新中心残差：
[ 3.40915489e-01 -6.01844788e-03 -2.30949402e-02  1.86093445e+00
 -5.09908676e-02  9.93907928e+00]
2025-08-27 03:48:17,760 - DEBUG - 第19次LM优化，计算新目标函数值: 3.613817060827421
2025-08-27 03:48:17,764 - DEBUG - 目前的 置信度 {'surface_confidence': 0.39984049896786517, 'center_confidence': 0.012258214075841808, 'fitting_confidence': 0.06194243199721677, 'constraint_confidence': 0.0442018216598154, 'overall_confidence': 0.05046321354360412, 'weighted_confidence': 0.05662024889599636}
2025-08-27 03:48:17,765 - DEBUG - 检查更新是否有效: 3.613817060827421 <= 3.610809275216918 = False
2025-08-27 03:48:17,765 - DEBUG - 第19次LM优化，lambda_lm: 0.1
2025-08-27 03:48:17,765 - DEBUG - ------------------------------------------------------------------------------------------------------
2025-08-27 03:48:17,765 - DEBUG - 第20次LM优化，
计算表面残差：
[ 0.14994319 -0.40076749 -0.4798557   1.35117706 -0.50902383  9.88361018]
 中心残差：
[ 0.30284958  0.0271389  -0.05194931  1.77908344 -0.08111744 10.01151657]
2025-08-27 03:48:17,766 - DEBUG - 求解线性方程组结果: [ 0.07959607 -0.00899716  0.02207768  0.00538221]
2025-08-27 03:48:17,766 - DEBUG - 第20次LM优化，未裁剪前计算的步长：0.08326388884599802
2025-08-27 03:48:17,766 - DEBUG - 第20次LM优化，裁剪后计算的步长：0.08326388884599802
2025-08-27 03:48:17,767 - DEBUG - 第20次LM优化初始参数: 球心：[ -8.791858  78.08866  609.3975  ], 半径：12.377906387024854
2025-08-27 03:48:17,767 - DEBUG - 第20次LM优化准备更新参数: 球心：[ -8.712261  78.079666 609.4196  ], 半径：12.383288595188485
2025-08-27 03:48:17,767 - DEBUG - 约束点限制: 原始半径=12.383, 约束后半径=12.383
2025-08-27 03:48:17,768 - DEBUG - 第20次LM优化，应用约束点限制参数范围后: 球心：[ -8.712261  78.079666 609.4196  ], 半径：12.383288595188485
2025-08-27 03:48:17,768 - DEBUG - 第20次LM优化，
计算新表面残差：
[ 0.1772558  -0.43798716 -0.46027548  1.4190418  -0.48860819  9.81144789]
 新中心残差：
[ 3.35544395e-01 -4.69856262e-03 -2.69868851e-02  1.85233040e+00
 -5.53195953e-02  9.94473648e+00]
2025-08-27 03:48:17,769 - DEBUG - 第20次LM优化，计算新目标函数值: 3.613140556947933
2025-08-27 03:48:17,769 - DEBUG - 目前的 置信度 {'surface_confidence': 0.39984049896786517, 'center_confidence': 0.012258214075841808, 'fitting_confidence': 0.06194243199721677, 'constraint_confidence': 0.0442018216598154, 'overall_confidence': 0.05046321354360412, 'weighted_confidence': 0.05662024889599636}
2025-08-27 03:48:17,769 - DEBUG - 检查更新是否有效: 3.613140556947933 <= 3.610809275216918 = False
2025-08-27 03:48:17,769 - DEBUG - 第20次LM优化，lambda_lm: 1.0
2025-08-27 03:48:17,770 - DEBUG - ------------------------------------------------------------------------------------------------------
2025-08-27 03:48:17,770 - DEBUG - 第21次LM优化，
计算表面残差：
[ 0.14994319 -0.40076749 -0.4798557   1.35117706 -0.50902383  9.88361018]
 中心残差：
[ 0.30284958  0.0271389  -0.05194931  1.77908344 -0.08111744 10.01151657]
2025-08-27 03:48:17,771 - DEBUG - 求解线性方程组结果: [ 0.04264334 -0.00419161  0.00946088 -0.00156081]
2025-08-27 03:48:17,771 - DEBUG - 第21次LM优化，未裁剪前计算的步长：0.04390864050571676
2025-08-27 03:48:17,771 - DEBUG - 第21次LM优化，裁剪后计算的步长：0.04390864050571676
2025-08-27 03:48:17,771 - DEBUG - 第21次LM优化初始参数: 球心：[ -8.791858  78.08866  609.3975  ], 半径：12.377906387024854
2025-08-27 03:48:17,771 - DEBUG - 第21次LM优化准备更新参数: 球心：[ -8.749214  78.08447  609.407   ], 半径：12.376345573479604
2025-08-27 03:48:17,771 - DEBUG - 约束点限制: 原始半径=12.376, 约束后半径=12.376
2025-08-27 03:48:17,771 - DEBUG - 第21次LM优化，应用约束点限制参数范围后: 球心：[ -8.749214  78.08447  609.407   ], 半径：12.376345573479604
2025-08-27 03:48:17,773 - DEBUG - 第21次LM优化，
计算新表面残差：
[ 0.16657683 -0.41814951 -0.46632818  1.3902764  -0.49590353  9.84857661]
 新中心残差：
[ 3.17922401e-01  8.19606781e-03 -3.99826050e-02  1.81662197e+00
 -6.95579529e-02  9.97492218e+00]
2025-08-27 03:48:17,773 - DEBUG - 第21次LM优化，计算新目标函数值: 3.611480814375962
2025-08-27 03:48:17,774 - DEBUG - 目前的 置信度 {'surface_confidence': 0.39984049896786517, 'center_confidence': 0.012258214075841808, 'fitting_confidence': 0.06194243199721677, 'constraint_confidence': 0.0442018216598154, 'overall_confidence': 0.05046321354360412, 'weighted_confidence': 0.05662024889599636}
2025-08-27 03:48:17,774 - DEBUG - 检查更新是否有效: 3.611480814375962 <= 3.610809275216918 = False
2025-08-27 03:48:17,774 - DEBUG - 第21次LM优化，lambda_lm: 10.0
2025-08-27 03:48:17,774 - DEBUG - ------------------------------------------------------------------------------------------------------
2025-08-27 03:48:17,775 - DEBUG - 第22次LM优化，
计算表面残差：
[ 0.14994319 -0.40076749 -0.4798557   1.35117706 -0.50902383  9.88361018]
 中心残差：
[ 0.30284958  0.0271389  -0.05194931  1.77908344 -0.08111744 10.01151657]
2025-08-27 03:48:17,775 - DEBUG - 求解线性方程组结果: [ 0.00756547 -0.00062752  0.00163595 -0.00076012]
2025-08-27 03:48:17,775 - DEBUG - 第22次LM优化，未裁剪前计算的步长：0.007802838947839562
2025-08-27 03:48:17,775 - DEBUG - 第22次LM优化，裁剪后计算的步长：0.007802838947839562
2025-08-27 03:48:17,776 - DEBUG - 第22次LM优化初始参数: 球心：[ -8.791858  78.08866  609.3975  ], 半径：12.377906387024854
2025-08-27 03:48:17,776 - DEBUG - 第22次LM优化准备更新参数: 球心：[ -8.784292  78.088036 609.3992  ], 半径：12.37714626529697
2025-08-27 03:48:17,776 - DEBUG - 约束点限制: 原始半径=12.377, 约束后半径=12.377
2025-08-27 03:48:17,776 - DEBUG - 第22次LM优化，应用约束点限制参数范围后: 球心：[ -8.784292  78.088036 609.3992  ], 半径：12.37714626529697
2025-08-27 03:48:17,777 - DEBUG - 第22次LM优化，
计算新表面残差：
[ 0.15333164 -0.40339195 -0.47692978  1.35856331 -0.50632488  9.87787388]
 新中心残差：
[ 0.30547791  0.02375431 -0.04978352  1.78570957 -0.07917862 10.00502014]
2025-08-27 03:48:17,777 - DEBUG - 第22次LM优化，计算新目标函数值: 3.6108879459149708
2025-08-27 03:48:17,777 - DEBUG - 目前的 置信度 {'surface_confidence': 0.39984049896786517, 'center_confidence': 0.012258214075841808, 'fitting_confidence': 0.06194243199721677, 'constraint_confidence': 0.0442018216598154, 'overall_confidence': 0.05046321354360412, 'weighted_confidence': 0.05662024889599636}
2025-08-27 03:48:17,777 - DEBUG - 检查更新是否有效: 3.6108879459149708 <= 3.610809275216918 = False
2025-08-27 03:48:17,777 - DEBUG - 第22次LM优化，lambda_lm: 100.0
2025-08-27 03:48:17,778 - DEBUG - ------------------------------------------------------------------------------------------------------
2025-08-27 03:48:17,779 - DEBUG - 第23次LM优化，
计算表面残差：
[ 0.14994319 -0.40076749 -0.4798557   1.35117706 -0.50902383  9.88361018]
 中心残差：
[ 0.30284958  0.0271389  -0.05194931  1.77908344 -0.08111744 10.01151657]
2025-08-27 03:48:17,779 - DEBUG - 求解线性方程组结果: [ 8.19580212e-04 -6.53980178e-05  1.79281449e-04 -9.23916237e-05]
2025-08-27 03:48:17,779 - DEBUG - 第23次LM优化，未裁剪前计算的步长：0.0008465616782673945
2025-08-27 03:48:17,779 - DEBUG - 第23次LM优化，裁剪后计算的步长：0.0008465616782673945
2025-08-27 03:48:17,779 - DEBUG - 第23次LM优化初始参数: 球心：[ -8.791858  78.08866  609.3975  ], 半径：12.377906387024854
2025-08-27 03:48:17,779 - DEBUG - 第23次LM优化准备更新参数: 球心：[ -8.7910385  78.08859   609.3977   ], 半径：12.377813995401183
2025-08-27 03:48:17,779 - DEBUG - 约束点限制: 原始半径=12.378, 约束后半径=12.378
2025-08-27 03:48:17,779 - DEBUG - 第23次LM优化，应用约束点限制参数范围后: 球心：[ -8.7910385  78.08859   609.3977   ], 半径：12.377813995401183
2025-08-27 03:48:17,779 - DEBUG - 第23次LM优化，
计算新表面残差：
[ 0.15032455 -0.40103844 -0.47952679  1.35198947 -0.50871686  9.88299876]
 新中心残差：
[ 0.30313854  0.02677555 -0.0517128   1.77980347 -0.08090286 10.01081276]
2025-08-27 03:48:17,781 - DEBUG - 第23次LM优化，计算新目标函数值: 3.6108168617212733
2025-08-27 03:48:17,781 - DEBUG - 目前的 置信度 {'surface_confidence': 0.39984049896786517, 'center_confidence': 0.012258214075841808, 'fitting_confidence': 0.06194243199721677, 'constraint_confidence': 0.0442018216598154, 'overall_confidence': 0.05046321354360412, 'weighted_confidence': 0.05662024889599636}
2025-08-27 03:48:17,781 - DEBUG - 检查更新是否有效: 3.6108168617212733 <= 3.610809275216918 = False
2025-08-27 03:48:17,781 - DEBUG - 第23次LM优化，lambda_lm: 1000.0
2025-08-27 03:48:17,782 - DEBUG - ------------------------------------------------------------------------------------------------------
2025-08-27 03:48:17,782 - DEBUG - 第24次LM优化，
计算表面残差：
[ 0.14994319 -0.40076749 -0.4798557   1.35117706 -0.50902383  9.88361018]
 中心残差：
[ 0.30284958  0.0271389  -0.05194931  1.77908344 -0.08111744 10.01151657]
2025-08-27 03:48:17,782 - DEBUG - 求解线性方程组结果: [ 8.26450577e-05 -6.56576248e-06  1.81072135e-05 -9.42979625e-06]
2025-08-27 03:48:17,782 - DEBUG - 第24次LM优化，未裁剪前计算的步长：8.538212363656849e-05
2025-08-27 03:48:17,783 - DEBUG - 第24次LM优化，裁剪后计算的步长：8.538212363656849e-05
2025-08-27 03:48:17,783 - DEBUG - 第24次LM优化初始参数: 球心：[ -8.791858  78.08866  609.3975  ], 半径：12.377906387024854
2025-08-27 03:48:17,784 - DEBUG - 第24次LM优化准备更新参数: 球心：[ -8.791775  78.08865  609.3975  ], 半径：12.377896957228602
2025-08-27 03:48:17,784 - DEBUG - 约束点限制: 原始半径=12.378, 约束后半径=12.378
2025-08-27 03:48:17,784 - DEBUG - 第24次LM优化，应用约束点限制参数范围后: 球心：[ -8.791775  78.08865  609.3975  ], 半径：12.377896957228602
2025-08-27 03:48:17,786 - DEBUG - 第24次LM优化，
计算新表面残差：
[ 0.14996311 -0.40080955 -0.47983673  1.35124657 -0.50900581  9.88353951]
 新中心残差：
[ 0.30286007  0.0270874  -0.05193977  1.77914352 -0.08110886 10.01143646]
2025-08-27 03:48:17,787 - DEBUG - 第24次LM优化，计算新目标函数值: 3.6108066377795747
2025-08-27 03:48:17,788 - DEBUG - 目前的 置信度 {'surface_confidence': 0.39984049896786517, 'center_confidence': 0.012258214075841808, 'fitting_confidence': 0.06194243199721677, 'constraint_confidence': 0.0442018216598154, 'overall_confidence': 0.05046321354360412, 'weighted_confidence': 0.05662024889599636}
2025-08-27 03:48:17,788 - DEBUG - 检查更新是否有效: 3.6108066377795747 <= 3.6108066377795747 = True
2025-08-27 03:48:17,789 - INFO - LM优化收敛，迭代次数: 25
2025-08-27 03:48:17,789 - DEBUG - right眼数据统计:
2025-08-27 03:48:17,789 - DEBUG -   拟合点数量: 6
2025-08-27 03:48:17,789 - DEBUG -   约束点数量: 11
2025-08-27 03:48:17,789 - DEBUG -   总点数: 17
2025-08-27 03:48:17,789 - DEBUG -   平均可见性: 1.000
2025-08-27 03:48:17,789 - DEBUG -   可见性样本数: 17
2025-08-27 03:48:17,790 - DEBUG - right眼数据质量: {'point_count': 17, 'fitting_point_count': 6, 'constraint_point_count': 11, 'visibility': 1.0}
2025-08-27 03:48:17,790 - INFO - 数据质量: {'point_count': 17, 'fitting_point_count': 6, 'constraint_point_count': 11, 'visibility': 1.0}
2025-08-27 03:48:17,790 - DEBUG - 可用策略数量: 4
2025-08-27 03:48:17,790 - DEBUG - 策略 1: high_quality
2025-08-27 03:48:17,790 - DEBUG -   最小点数: 8, 最小可见性: 0.9
2025-08-27 03:48:17,790 - DEBUG -   当前点数: 17, 当前可见性: 1.000
2025-08-27 03:48:17,790 - INFO - 选择策略: high_quality
2025-08-27 03:48:17,790 - DEBUG - ------------------------------------------------------------------------------------------------------
2025-08-27 03:48:17,792 - DEBUG - 第0次LM优化，
计算表面残差：
[-8.225      -2.22539768 -3.67590151 -2.51416073 -3.79651842  5.83127785]
 中心残差：
[-8.45       -2.17539768 -3.62590151 -2.46416073 -3.74651842  5.58127785]
2025-08-27 03:48:17,793 - DEBUG - 求解线性方程组结果: [-3.98863313  0.92989329  5.30933319 -9.28013573]
2025-08-27 03:48:17,793 - DEBUG - 第0次LM优化，未裁剪前计算的步长：11.449184860404522
2025-08-27 03:48:17,794 - DEBUG - 第0次LM优化，裁剪后计算的步长：1.0
2025-08-27 03:48:17,794 - DEBUG - 第0次LM优化初始参数: 球心：[ 85.886665  72.44121  600.75446 ], 半径：12.0
2025-08-27 03:48:17,794 - DEBUG - 第0次LM优化准备更新参数: 球心：[ 85.53829  72.52243 601.2182 ], 半径：11.189450092253265
2025-08-27 03:48:17,794 - DEBUG - 约束点限制: 原始半径=11.189, 约束后半径=11.189
2025-08-27 03:48:17,794 - DEBUG - 第0次LM优化，应用约束点限制参数范围后: 球心：[ 85.53829  72.52243 601.2182 ], 半径：11.189450092253265
2025-08-27 03:48:17,794 - DEBUG - 第0次LM优化，
计算新表面残差：
[-6.82877044 -1.06722586 -2.76974623 -2.05641977 -3.02359478  6.28807943]
 新中心残差：
[-7.86432035 -1.82777576 -3.53029613 -2.81696968 -3.78414469  5.22752953]
2025-08-27 03:48:17,794 - DEBUG - 第0次LM优化，计算新目标函数值: 18.426095860992504
2025-08-27 03:48:17,794 - DEBUG - 目前的 置信度 {'surface_confidence': 0.029237630141112473, 'center_confidence': 2.8869632651485857e-10, 'fitting_confidence': 0.014258087045845406, 'constraint_confidence': 0.04220085203482879, 'overall_confidence': 0.03233869968577583, 'weighted_confidence': 0.02264091654254042}
2025-08-27 03:48:17,794 - DEBUG - 检查更新是否有效: 18.426095860992504 <= 18.426095860992504 = True
2025-08-27 03:48:17,794 - DEBUG - 第0次LM优化，lambda_lm: 0.001
2025-08-27 03:48:17,794 - DEBUG - ------------------------------------------------------------------------------------------------------
2025-08-27 03:48:17,798 - DEBUG - 第1次LM优化，
计算表面残差：
[-6.82877044 -1.06722586 -2.76974623 -2.05641977 -3.02359478  6.28807943]
 中心残差：
[-7.86432035 -1.82777576 -3.53029613 -2.81696968 -3.78414469  5.22752953]
2025-08-27 03:48:17,798 - DEBUG - 求解线性方程组结果: [-1.93415697  1.76359005  5.41882668 -3.60681967]
2025-08-27 03:48:17,798 - DEBUG - 第1次LM优化，未裁剪前计算的步长：7.015984871129906
2025-08-27 03:48:17,798 - DEBUG - 第1次LM优化，裁剪后计算的步长：1.0
2025-08-27 03:48:17,798 - DEBUG - 第1次LM优化初始参数: 球心：[ 85.53829  72.52243 601.2182 ], 半径：11.189450092253265
2025-08-27 03:48:17,798 - DEBUG - 第1次LM优化准备更新参数: 球心：[ 85.26261   72.773796 601.99054 ], 半径：10.67536408269081
2025-08-27 03:48:17,798 - DEBUG - 约束点限制: 原始半径=10.675, 约束后半径=10.675
2025-08-27 03:48:17,798 - DEBUG - 第1次LM优化，应用约束点限制参数范围后: 球心：[ 85.26261   72.773796 601.99054 ], 半径：10.67536408269081
2025-08-27 03:48:17,800 - DEBUG - 第1次LM优化，
计算新表面残差：
[-5.47629885 -0.22475736 -1.91162316 -1.75942246 -2.62086694  6.53786224]
 新中心残差：
[-7.02593477 -1.49939327 -3.18625908 -3.03405838 -3.89550285  4.96322632]
2025-08-27 03:48:17,800 - DEBUG - 第1次LM优化，计算新目标函数值: 14.267343508549684
2025-08-27 03:48:17,800 - DEBUG - 目前的 置信度 {'surface_confidence': 0.1997599908798591, 'center_confidence': 3.4807795228034826e-11, 'fitting_confidence': 0.030163051056150775, 'constraint_confidence': 0.04174811465066566, 'overall_confidence': 0.037659268676130994, 'weighted_confidence': 0.03363857013450524}
2025-08-27 03:48:17,800 - DEBUG - 检查更新是否有效: 14.267343508549684 <= 14.267343508549684 = True
2025-08-27 03:48:17,800 - DEBUG - 第1次LM优化，lambda_lm: 0.0001
2025-08-27 03:48:17,800 - DEBUG - ------------------------------------------------------------------------------------------------------
2025-08-27 03:48:17,801 - DEBUG - 第2次LM优化，
计算表面残差：
[-5.47629885 -0.22475736 -1.91162316 -1.75942246 -2.62086694  6.53786224]
 中心残差：
[-7.02593477 -1.49939327 -3.18625908 -3.03405838 -3.89550285  4.96322632]
2025-08-27 03:48:17,801 - DEBUG - 求解线性方程组结果: [-0.25607371  1.54045791  4.84684004 -0.72083798]
2025-08-27 03:48:17,801 - DEBUG - 第2次LM优化，未裁剪前计算的步长：5.142961212789726
2025-08-27 03:48:17,801 - DEBUG - 第2次LM优化，裁剪后计算的步长：1.0
2025-08-27 03:48:17,801 - DEBUG - 第2次LM优化初始参数: 球心：[ 85.26261   72.773796 601.99054 ], 半径：10.67536408269081
2025-08-27 03:48:17,802 - DEBUG - 第2次LM优化准备更新参数: 球心：[ 85.21282   73.073326 602.933   ], 半径：10.535203977448802
2025-08-27 03:48:17,802 - DEBUG - 约束点限制: 原始半径=10.535, 约束后半径=10.535
2025-08-27 03:48:17,802 - DEBUG - 第2次LM优化，应用约束点限制参数范围后: 球心：[ 85.21282   73.073326 602.933   ], 半径：10.535203977448802
2025-08-27 03:48:17,802 - DEBUG - 第2次LM优化，
计算新表面残差：
[-4.3938519   0.12023483 -1.28195824 -1.48761715 -2.51180424  6.69295116]
 新中心残差：
[-6.08364792 -1.2945612  -2.69675426 -2.90241318 -3.92660027  4.97815514]
2025-08-27 03:48:17,802 - DEBUG - 第2次LM优化，计算新目标函数值: 10.35949211477664
2025-08-27 03:48:17,803 - DEBUG - 目前的 置信度 {'surface_confidence': 0.22638527377170312, 'center_confidence': 6.7123719044095386e-12, 'fitting_confidence': 0.07421548133215873, 'constraint_confidence': 0.05409623063992008, 'overall_confidence': 0.06119714264894548, 'weighted_confidence': 0.06817970612448714}
2025-08-27 03:48:17,803 - DEBUG - 检查更新是否有效: 10.35949211477664 <= 10.35949211477664 = True
2025-08-27 03:48:17,803 - DEBUG - 第2次LM优化，lambda_lm: 1e-05
2025-08-27 03:48:17,803 - DEBUG - ------------------------------------------------------------------------------------------------------
2025-08-27 03:48:17,803 - DEBUG - 第3次LM优化，
计算表面残差：
[-4.3938519   0.12023483 -1.28195824 -1.48761715 -2.51180424  6.69295116]
 中心残差：
[-6.08364792 -1.2945612  -2.69675426 -2.90241318 -3.92660027  4.97815514]
2025-08-27 03:48:17,804 - DEBUG - 求解线性方程组结果: [-0.09767642  0.74030772  4.15396614 -0.04015501]
2025-08-27 03:48:17,804 - DEBUG - 第3次LM优化，未裁剪前计算的步长：4.220739668440116
2025-08-27 03:48:17,804 - DEBUG - 第3次LM优化，裁剪后计算的步长：1.0
2025-08-27 03:48:17,804 - DEBUG - 第3次LM优化初始参数: 球心：[ 85.21282   73.073326 602.933   ], 半径：10.535203977448802
2025-08-27 03:48:17,804 - DEBUG - 第3次LM优化准备更新参数: 球心：[ 85.18968   73.248726 603.9172  ], 半径：10.525690238875876
2025-08-27 03:48:17,804 - DEBUG - 约束点限制: 原始半径=10.526, 约束后半径=10.526
2025-08-27 03:48:17,804 - DEBUG - 第3次LM优化，应用约束点限制参数范围后: 球心：[ 85.18968   73.248726 603.9172  ], 半径：10.525690238875876
2025-08-27 03:48:17,804 - DEBUG - 第3次LM优化，
计算新表面残差：
[-3.41292645  0.40552066 -0.80269696 -1.20594861 -2.27140834  6.80948241]
 新中心残差：
[-5.11223621 -1.0187891  -2.22700672 -2.63025837 -3.6957181   5.08517265]
2025-08-27 03:48:17,804 - DEBUG - 第3次LM优化，计算新目标函数值: 7.266544764143623
2025-08-27 03:48:17,804 - DEBUG - 目前的 置信度 {'surface_confidence': 0.40673983383400153, 'center_confidence': 7.41811429812716e-12, 'fitting_confidence': 0.08898978775897365, 'constraint_confidence': 0.0537836078579974, 'overall_confidence': 0.06620931841128314, 'weighted_confidence': 0.07842793378868076}
2025-08-27 03:48:17,808 - DEBUG - 检查更新是否有效: 7.266544764143623 <= 7.266544764143623 = True
2025-08-27 03:48:17,808 - DEBUG - 第3次LM优化，lambda_lm: 1.0000000000000002e-06
2025-08-27 03:48:17,808 - DEBUG - ------------------------------------------------------------------------------------------------------
2025-08-27 03:48:17,808 - DEBUG - 第4次LM优化，
计算表面残差：
[-3.41292645  0.40552066 -0.80269696 -1.20594861 -2.27140834  6.80948241]
 中心残差：
[-5.11223621 -1.0187891  -2.22700672 -2.63025837 -3.6957181   5.08517265]
2025-08-27 03:48:17,808 - DEBUG - 求解线性方程组结果: [ 0.02115531 -0.00533898  3.55243913  0.44059667]
2025-08-27 03:48:17,808 - DEBUG - 第4次LM优化，未裁剪前计算的步长：3.579724188253264
2025-08-27 03:48:17,808 - DEBUG - 第4次LM优化，裁剪后计算的步长：1.0
2025-08-27 03:48:17,808 - DEBUG - 第4次LM优化初始参数: 球心：[ 85.18968   73.248726 603.9172  ], 半径：10.525690238875876
2025-08-27 03:48:17,810 - DEBUG - 第4次LM优化准备更新参数: 球心：[ 85.195595  73.24724  604.90955 ], 半径：10.648771416406378
2025-08-27 03:48:17,810 - DEBUG - 约束点限制: 原始半径=10.649, 约束后半径=10.649
2025-08-27 03:48:17,810 - DEBUG - 第4次LM优化，应用约束点限制参数范围后: 球心：[ 85.195595  73.24724  604.90955 ], 半径：10.648771416406378
2025-08-27 03:48:17,810 - DEBUG - 第4次LM优化，
计算新表面残差：
[-2.58517717  0.61020876 -0.52897619 -0.94087099 -1.89301561  6.88332163]
 新中心残差：
[-4.16140575 -0.69101982 -1.83020477 -2.24209957 -3.19424419  5.28209305]
2025-08-27 03:48:17,810 - DEBUG - 第4次LM优化，计算新目标函数值: 5.135564736257833
2025-08-27 03:48:17,811 - DEBUG - 目前的 置信度 {'surface_confidence': 0.49413952511930065, 'center_confidence': 1.4655635616964122e-11, 'fitting_confidence': 0.0638767098929988, 'constraint_confidence': 0.05147095039660647, 'overall_confidence': 0.05584945374827434, 'weighted_confidence': 0.0601549820440811}
2025-08-27 03:48:17,811 - DEBUG - 检查更新是否有效: 5.135564736257833 <= 5.135564736257833 = True
2025-08-27 03:48:17,811 - DEBUG - 第4次LM优化，lambda_lm: 1.0000000000000002e-07
2025-08-27 03:48:17,811 - DEBUG - ------------------------------------------------------------------------------------------------------
2025-08-27 03:48:17,811 - DEBUG - 第5次LM优化，
计算表面残差：
[-2.58517717  0.61020876 -0.52897619 -0.94087099 -1.89301561  6.88332163]
 中心残差：
[-4.16140575 -0.69101982 -1.83020477 -2.24209957 -3.19424419  5.28209305]
2025-08-27 03:48:17,812 - DEBUG - 求解线性方程组结果: [ 0.26381837 -0.35137955  3.21412485  0.75623653]
2025-08-27 03:48:17,812 - DEBUG - 第5次LM优化，未裁剪前计算的步长：3.330999844588558
2025-08-27 03:48:17,812 - DEBUG - 第5次LM优化，裁剪后计算的步长：1.0
2025-08-27 03:48:17,813 - DEBUG - 第5次LM优化初始参数: 球心：[ 85.195595  73.24724  604.90955 ], 半径：10.648771416406378
2025-08-27 03:48:17,813 - DEBUG - 第5次LM优化准备更新参数: 球心：[ 85.274796  73.141754 605.87445 ], 半径：10.875801305467428
2025-08-27 03:48:17,813 - DEBUG - 约束点限制: 原始半径=10.876, 约束后半径=10.876
2025-08-27 03:48:17,814 - DEBUG - 第5次LM优化，应用约束点限制参数范围后: 球心：[ 85.274796  73.141754 605.87445 ], 半径：10.875801305467428
2025-08-27 03:48:17,814 - DEBUG - 第5次LM优化，
计算新表面残差：
[-1.89700444  0.708831   -0.38015445 -0.65038379 -1.47534354  6.97198846]
 新中心残差：
[-3.24620314 -0.3653677  -1.45435314 -1.72458248 -2.54954224  5.59778976]
2025-08-27 03:48:17,814 - DEBUG - 第5次LM优化，计算新目标函数值: 3.8514548493112235
2025-08-27 03:48:17,815 - DEBUG - 目前的 置信度 {'surface_confidence': 0.395474823115105, 'center_confidence': 4.958953310897884e-11, 'fitting_confidence': 0.06640531378982614, 'constraint_confidence': 0.049789542657416, 'overall_confidence': 0.055653932468854875, 'weighted_confidence': 0.0614205824501031}
2025-08-27 03:48:17,815 - DEBUG - 检查更新是否有效: 3.8514548493112235 <= 3.8514548493112235 = True
2025-08-27 03:48:17,815 - DEBUG - 第5次LM优化，lambda_lm: 1.0000000000000002e-08
2025-08-27 03:48:17,815 - DEBUG - ------------------------------------------------------------------------------------------------------
2025-08-27 03:48:17,815 - DEBUG - 第6次LM优化，
计算表面残差：
[-1.89700444  0.708831   -0.38015445 -0.65038379 -1.47534354  6.97198846]
 中心残差：
[-3.24620314 -0.3653677  -1.45435314 -1.72458248 -2.54954224  5.59778976]
2025-08-27 03:48:17,815 - DEBUG - 求解线性方程组结果: [ 0.39686046 -0.44820317  3.23046196  1.2282669 ]
2025-08-27 03:48:17,815 - DEBUG - 第6次LM优化，未裁剪前计算的步长：3.5075501907442743
2025-08-27 03:48:17,816 - DEBUG - 第6次LM优化，裁剪后计算的步长：0.9999999999999999
2025-08-27 03:48:17,816 - DEBUG - 第6次LM优化初始参数: 球心：[ 85.274796  73.141754 605.87445 ], 半径：10.875801305467428
2025-08-27 03:48:17,816 - DEBUG - 第6次LM优化准备更新参数: 球心：[ 85.38794  73.01397 606.7955 ], 半径：11.22597930184526
2025-08-27 03:48:17,816 - DEBUG - 约束点限制: 原始半径=11.226, 约束后半径=11.226
2025-08-27 03:48:17,816 - DEBUG - 第6次LM优化，应用约束点限制参数范围后: 球心：[ 85.38794  73.01397 606.7955 ], 半径：11.22597930184526
2025-08-27 03:48:17,816 - DEBUG - 第6次LM优化，
计算新表面残差：
[-1.36241204  0.70763963 -0.31935794 -0.4133578  -1.13883216  7.00279382]
 新中心残差：
[-2.36143274 -0.01638107 -1.04337864 -1.1373785  -1.86285286  5.97877312]
2025-08-27 03:48:17,817 - DEBUG - 第6次LM优化，计算新目标函数值: 3.258690846565056
2025-08-27 03:48:17,817 - DEBUG - 目前的 置信度 {'surface_confidence': 0.3988079152566184, 'center_confidence': 3.2206420106251936e-10, 'fitting_confidence': 0.061877245864134935, 'constraint_confidence': 0.048460497202293056, 'overall_confidence': 0.05319582025941372, 'weighted_confidence': 0.057852221265582364}
2025-08-27 03:48:17,817 - DEBUG - 检查更新是否有效: 3.258690846565056 <= 3.258690846565056 = True
2025-08-27 03:48:17,817 - DEBUG - 第6次LM优化，lambda_lm: 1e-08
2025-08-27 03:48:17,817 - DEBUG - ------------------------------------------------------------------------------------------------------
2025-08-27 03:48:17,817 - DEBUG - 第7次LM优化，
计算表面残差：
[-1.36241204  0.70763963 -0.31935794 -0.4133578  -1.13883216  7.00279382]
 中心残差：
[-2.36143274 -0.01638107 -1.04337864 -1.1373785  -1.86285286  5.97877312]
2025-08-27 03:48:17,817 - DEBUG - 求解线性方程组结果: [ 0.33643966 -0.4603165   2.52511909  1.21260691]
2025-08-27 03:48:17,817 - DEBUG - 第7次LM优化，未裁剪前计算的步长：2.858622898625769
2025-08-27 03:48:17,817 - DEBUG - 第7次LM优化，裁剪后计算的步长：1.0
2025-08-27 03:48:17,817 - DEBUG - 第7次LM优化初始参数: 球心：[ 85.38794  73.01397 606.7955 ], 半径：11.22597930184526
2025-08-27 03:48:17,817 - DEBUG - 第7次LM优化准备更新参数: 球心：[ 85.50563  72.85294 607.67883], 半径：11.650171981535516
2025-08-27 03:48:17,817 - DEBUG - 约束点限制: 原始半径=11.650, 约束后半径=11.650
2025-08-27 03:48:17,817 - DEBUG - 第7次LM优化，应用约束点限制参数范围后: 球心：[ 85.50563  72.85294 607.67883], 半径：11.650171981535516
2025-08-27 03:48:17,817 - DEBUG - 第7次LM优化，
计算新表面残差：
[-0.92810663  0.67189471 -0.31471475 -0.22139391 -0.83959421  6.9908116 ]
 新中心残差：
[-1.50293465  0.37206669 -0.61454277 -0.52122192 -1.13942223  6.39098358]
2025-08-27 03:48:17,817 - DEBUG - 第7次LM优化，计算新目标函数值: 2.8117408809040016
2025-08-27 03:48:17,820 - DEBUG - 目前的 置信度 {'surface_confidence': 0.4026663205321399, 'center_confidence': 2.7616509423938164e-09, 'fitting_confidence': 0.060263201935790656, 'constraint_confidence': 0.04797968460916904, 'overall_confidence': 0.05231504366562373, 'weighted_confidence': 0.05657814673780417}
2025-08-27 03:48:17,820 - DEBUG - 检查更新是否有效: 2.8117408809040016 <= 2.8117408809040016 = True
2025-08-27 03:48:17,821 - DEBUG - 第7次LM优化，lambda_lm: 1e-08
2025-08-27 03:48:17,821 - DEBUG - ------------------------------------------------------------------------------------------------------
2025-08-27 03:48:17,821 - DEBUG - 第8次LM优化，
计算表面残差：
[-0.92810663  0.67189471 -0.31471475 -0.22139391 -0.83959421  6.9908116 ]
 中心残差：
[-1.50293465  0.37206669 -0.61454277 -0.52122192 -1.13942223  6.39098358]
2025-08-27 03:48:17,822 - DEBUG - 求解线性方程组结果: [ 0.0412536  -0.38930708  1.29737159  0.6882817 ]
2025-08-27 03:48:17,823 - DEBUG - 第8次LM优化，未裁剪前计算的步长：1.519923219895935
2025-08-27 03:48:17,823 - DEBUG - 第8次LM优化，裁剪后计算的步长：0.9999999999999999
2025-08-27 03:48:17,824 - DEBUG - 第8次LM优化初始参数: 球心：[ 85.50563  72.85294 607.67883], 半径：11.650171981535516
2025-08-27 03:48:17,824 - DEBUG - 第8次LM优化准备更新参数: 球心：[ 85.532776  72.59681  608.5324  ], 半径：12.103011762808322
2025-08-27 03:48:17,824 - DEBUG - 约束点限制: 原始半径=12.103, 约束后半径=12.103
2025-08-27 03:48:17,824 - DEBUG - 第8次LM优化，应用约束点限制参数范围后: 球心：[ 85.532776  72.59681  608.5324  ], 半径：12.103011762808322
2025-08-27 03:48:17,824 - DEBUG - 第8次LM优化，
计算新表面残差：
[-0.54045655  0.71417116 -0.36668802 -0.10812975 -0.49602534  6.89439043]
 新中心残差：
[-0.66244478  0.86718292 -0.21367626  0.04488201 -0.34301357  6.74740219]
2025-08-27 03:48:17,824 - DEBUG - 第8次LM优化，计算新目标函数值: 2.504267331021039
2025-08-27 03:48:17,824 - DEBUG - 目前的 置信度 {'surface_confidence': 0.3840149736390754, 'center_confidence': 2.4704673562960573e-08, 'fitting_confidence': 0.06338931670800417, 'constraint_confidence': 0.04750814606843021, 'overall_confidence': 0.0531132651176916, 'weighted_confidence': 0.05862496551613197}
2025-08-27 03:48:17,824 - DEBUG - 检查更新是否有效: 2.504267331021039 <= 2.504267331021039 = True
2025-08-27 03:48:17,824 - DEBUG - 第8次LM优化，lambda_lm: 1e-08
2025-08-27 03:48:17,824 - DEBUG - ------------------------------------------------------------------------------------------------------
2025-08-27 03:48:17,824 - DEBUG - 第9次LM优化，
计算表面残差：
[-0.54045655  0.71417116 -0.36668802 -0.10812975 -0.49602534  6.89439043]
 中心残差：
[-0.66244478  0.86718292 -0.21367626  0.04488201 -0.34301357  6.74740219]
2025-08-27 03:48:17,824 - DEBUG - 求解线性方程组结果: [-0.17261805 -0.03595366  0.4759698   0.29147944]
2025-08-27 03:48:17,824 - DEBUG - 第9次LM优化，未裁剪前计算的步长：0.5853180043282312
2025-08-27 03:48:17,824 - DEBUG - 第9次LM优化，裁剪后计算的步长：0.5853180043282312
2025-08-27 03:48:17,824 - DEBUG - 第9次LM优化初始参数: 球心：[ 85.532776  72.59681  608.5324  ], 半径：12.103011762808322
2025-08-27 03:48:17,828 - DEBUG - 第9次LM优化准备更新参数: 球心：[ 85.36016  72.56085 609.00836], 半径：12.394491201285181
2025-08-27 03:48:17,828 - DEBUG - 约束点限制: 原始半径=12.394, 约束后半径=12.394
2025-08-27 03:48:17,828 - DEBUG - 第9次LM优化，应用约束点限制参数范围后: 球心：[ 85.36016  72.56085 609.00836], 半径：12.394491201285181
2025-08-27 03:48:17,828 - DEBUG - 第9次LM优化，
计算新表面残差：
[-0.34794388  0.86023368 -0.33262215 -0.19923363 -0.39623604  6.63920211]
 新中心残差：
[-0.17845268  1.30472488  0.11186905  0.24525757  0.04825516  6.78369331]
2025-08-27 03:48:17,828 - DEBUG - 第9次LM优化，计算新目标函数值: 2.4653095264130402
2025-08-27 03:48:17,828 - DEBUG - 目前的 置信度 {'surface_confidence': 0.34503045352878053, 'center_confidence': 1.4684975453203018e-07, 'fitting_confidence': 0.06811868524189484, 'constraint_confidence': 0.046995333983876474, 'overall_confidence': 0.05445063442788295, 'weighted_confidence': 0.06178167986448932}
2025-08-27 03:48:17,828 - DEBUG - 检查更新是否有效: 2.4653095264130402 <= 2.4653095264130402 = True
2025-08-27 03:48:17,828 - DEBUG - 第9次LM优化，lambda_lm: 1e-08
2025-08-27 03:48:17,828 - DEBUG - ------------------------------------------------------------------------------------------------------
2025-08-27 03:48:17,830 - DEBUG - 第10次LM优化，
计算表面残差：
[-0.34794388  0.86023368 -0.33262215 -0.19923363 -0.39623604  6.63920211]
 中心残差：
[-0.17845268  1.30472488  0.11186905  0.24525757  0.04825516  6.78369331]
2025-08-27 03:48:17,830 - DEBUG - 求解线性方程组结果: [-0.20794875  0.00587423  0.09996807  0.05268964]
2025-08-27 03:48:17,830 - DEBUG - 第10次LM优化，未裁剪前计算的步长：0.23674248291253228
2025-08-27 03:48:17,830 - DEBUG - 第10次LM优化，裁剪后计算的步长：0.23674248291253228
2025-08-27 03:48:17,831 - DEBUG - 第10次LM优化初始参数: 球心：[ 85.36016  72.56085 609.00836], 半径：12.394491201285181
2025-08-27 03:48:17,831 - DEBUG - 第10次LM优化准备更新参数: 球心：[ 85.152214  72.56673  609.10834 ], 半径：12.447180844399673
2025-08-27 03:48:17,831 - DEBUG - 约束点限制: 原始半径=12.447, 约束后半径=12.447
2025-08-27 03:48:17,831 - DEBUG - 第10次LM优化，应用约束点限制参数范围后: 球心：[ 85.152214  72.56673  609.10834 ], 半径：12.447180844399673
2025-08-27 03:48:17,831 - DEBUG - 第10次LM优化，
计算新表面残差：
[-0.28513689  1.03076582 -0.29820032 -0.32788057 -0.3613965   6.43966951]
 新中心残差：
[-0.06295605  1.52794666  0.19898052  0.16930027  0.13578434  6.63685036]
2025-08-27 03:48:17,831 - DEBUG - 第10次LM优化，计算新目标函数值: 2.46788589262735
2025-08-27 03:48:17,832 - DEBUG - 目前的 置信度 {'surface_confidence': 0.33639115707861417, 'center_confidence': 1.7747701793020854e-07, 'fitting_confidence': 0.06993542677803392, 'constraint_confidence': 0.04842375083319341, 'overall_confidence': 0.05601610704901948, 'weighted_confidence': 0.06348192399458177}
2025-08-27 03:48:17,832 - DEBUG - 检查更新是否有效: 2.46788589262735 <= 2.4653095264130402 = False
2025-08-27 03:48:17,832 - DEBUG - 第10次LM优化，lambda_lm: 1e-07
2025-08-27 03:48:17,832 - DEBUG - ------------------------------------------------------------------------------------------------------
2025-08-27 03:48:17,832 - DEBUG - 第11次LM优化，
计算表面残差：
[-0.34794388  0.86023368 -0.33262215 -0.19923363 -0.39623604  6.63920211]
 中心残差：
[-0.17845268  1.30472488  0.11186905  0.24525757  0.04825516  6.78369331]
2025-08-27 03:48:17,833 - DEBUG - 求解线性方程组结果: [-0.20794873  0.00587423  0.09996805  0.05268962]
2025-08-27 03:48:17,833 - DEBUG - 第11次LM优化，未裁剪前计算的步长：0.23674244875547718
2025-08-27 03:48:17,833 - DEBUG - 第11次LM优化，裁剪后计算的步长：0.23674244875547718
2025-08-27 03:48:17,833 - DEBUG - 第11次LM优化初始参数: 球心：[ 85.36016  72.56085 609.00836], 半径：12.394491201285181
2025-08-27 03:48:17,833 - DEBUG - 第11次LM优化准备更新参数: 球心：[ 85.152214  72.56673  609.10834 ], 半径：12.447180822353417
2025-08-27 03:48:17,834 - DEBUG - 约束点限制: 原始半径=12.447, 约束后半径=12.447
2025-08-27 03:48:17,834 - DEBUG - 第11次LM优化，应用约束点限制参数范围后: 球心：[ 85.152214  72.56673  609.10834 ], 半径：12.447180822353417
2025-08-27 03:48:17,834 - DEBUG - 第11次LM优化，
计算新表面残差：
[-0.28513687  1.03076584 -0.2982003  -0.32788055 -0.36139648  6.43966953]
 新中心残差：
[-0.06295605  1.52794666  0.19898052  0.16930027  0.13578434  6.63685036]
2025-08-27 03:48:17,834 - DEBUG - 第11次LM优化，计算新目标函数值: 2.4678858922271316
2025-08-27 03:48:17,834 - DEBUG - 目前的 置信度 {'surface_confidence': 0.33639115707861417, 'center_confidence': 1.7747701793020854e-07, 'fitting_confidence': 0.06993542677803392, 'constraint_confidence': 0.04842375083319341, 'overall_confidence': 0.05601610704901948, 'weighted_confidence': 0.06348192399458177}
2025-08-27 03:48:17,834 - DEBUG - 检查更新是否有效: 2.4678858922271316 <= 2.4653095264130402 = False
2025-08-27 03:48:17,834 - DEBUG - 第11次LM优化，lambda_lm: 1e-06
2025-08-27 03:48:17,834 - DEBUG - ------------------------------------------------------------------------------------------------------
2025-08-27 03:48:17,834 - DEBUG - 第12次LM优化，
计算表面残差：
[-0.34794388  0.86023368 -0.33262215 -0.19923363 -0.39623604  6.63920211]
 中心残差：
[-0.17845268  1.30472488  0.11186905  0.24525757  0.04825516  6.78369331]
2025-08-27 03:48:17,834 - DEBUG - 求解线性方程组结果: [-0.20794851  0.00587422  0.09996782  0.0526894 ]
2025-08-27 03:48:17,834 - DEBUG - 第12次LM优化，未裁剪前计算的步长：0.23674210718572858
2025-08-27 03:48:17,834 - DEBUG - 第12次LM优化，裁剪后计算的步长：0.23674210718572858
2025-08-27 03:48:17,834 - DEBUG - 第12次LM优化初始参数: 球心：[ 85.36016  72.56085 609.00836], 半径：12.394491201285181
2025-08-27 03:48:17,837 - DEBUG - 第12次LM优化准备更新参数: 球心：[ 85.152214  72.56673  609.10834 ], 半径：12.447180601891601
2025-08-27 03:48:17,837 - DEBUG - 约束点限制: 原始半径=12.447, 约束后半径=12.447
2025-08-27 03:48:17,837 - DEBUG - 第12次LM优化，应用约束点限制参数范围后: 球心：[ 85.152214  72.56673  609.10834 ], 半径：12.447180601891601
2025-08-27 03:48:17,837 - DEBUG - 第12次LM优化，
计算新表面残差：
[-0.28513665  1.03076606 -0.29820008 -0.32788033 -0.36139626  6.43966976]
 新中心残差：
[-0.06295605  1.52794666  0.19898052  0.16930027  0.13578434  6.63685036]
2025-08-27 03:48:17,838 - DEBUG - 第12次LM优化，计算新目标函数值: 2.467885888224991
2025-08-27 03:48:17,838 - DEBUG - 目前的 置信度 {'surface_confidence': 0.33639115707861417, 'center_confidence': 1.7747701793020854e-07, 'fitting_confidence': 0.06993542677803392, 'constraint_confidence': 0.04842375083319341, 'overall_confidence': 0.05601610704901948, 'weighted_confidence': 0.06348192399458177}
2025-08-27 03:48:17,838 - DEBUG - 检查更新是否有效: 2.467885888224991 <= 2.4653095264130402 = False
2025-08-27 03:48:17,838 - DEBUG - 第12次LM优化，lambda_lm: 9.999999999999999e-06
2025-08-27 03:48:17,838 - DEBUG - ------------------------------------------------------------------------------------------------------
2025-08-27 03:48:17,838 - DEBUG - 第13次LM优化，
计算表面残差：
[-0.34794388  0.86023368 -0.33262215 -0.19923363 -0.39623604  6.63920211]
 中心残差：
[-0.17845268  1.30472488  0.11186905  0.24525757  0.04825516  6.78369331]
2025-08-27 03:48:17,840 - DEBUG - 求解线性方程组结果: [-0.2079463   0.00587411  0.09996549  0.0526872 ]
2025-08-27 03:48:17,840 - DEBUG - 第13次LM优化，未裁剪前计算的步长：0.23673869156840674
2025-08-27 03:48:17,840 - DEBUG - 第13次LM优化，裁剪后计算的步长：0.23673869156840674
2025-08-27 03:48:17,840 - DEBUG - 第13次LM优化初始参数: 球心：[ 85.36016  72.56085 609.00836], 半径：12.394491201285181
2025-08-27 03:48:17,841 - DEBUG - 第13次LM优化准备更新参数: 球心：[ 85.152214  72.56673  609.10834 ], 半径：12.447178397347326
2025-08-27 03:48:17,841 - DEBUG - 约束点限制: 原始半径=12.447, 约束后半径=12.447
2025-08-27 03:48:17,841 - DEBUG - 第13次LM优化，应用约束点限制参数范围后: 球心：[ 85.152214  72.56673  609.10834 ], 半径：12.447178397347326
2025-08-27 03:48:17,841 - DEBUG - 第13次LM优化，
计算新表面残差：
[-0.28513444  1.03076827 -0.29819788 -0.32787813 -0.36139406  6.43967196]
 新中心残差：
[-0.06295605  1.52794666  0.19898052  0.16930027  0.13578434  6.63685036]
2025-08-27 03:48:17,841 - DEBUG - 第13次LM优化，计算新目标函数值: 2.4678858482076005
2025-08-27 03:48:17,842 - DEBUG - 目前的 置信度 {'surface_confidence': 0.33639115707861417, 'center_confidence': 1.7747701793020854e-07, 'fitting_confidence': 0.06993542677803392, 'constraint_confidence': 0.04842375083319341, 'overall_confidence': 0.05601610704901948, 'weighted_confidence': 0.06348192399458177}
2025-08-27 03:48:17,842 - DEBUG - 检查更新是否有效: 2.4678858482076005 <= 2.4653095264130402 = False
2025-08-27 03:48:17,842 - DEBUG - 第13次LM优化，lambda_lm: 9.999999999999999e-05
2025-08-27 03:48:17,842 - DEBUG - ------------------------------------------------------------------------------------------------------
2025-08-27 03:48:17,842 - DEBUG - 第14次LM优化，
计算表面残差：
[-0.34794388  0.86023368 -0.33262215 -0.19923363 -0.39623604  6.63920211]
 中心残差：
[-0.17845268  1.30472488  0.11186905  0.24525757  0.04825516  6.78369331]
2025-08-27 03:48:17,843 - DEBUG - 求解线性方程组结果: [-0.20792423  0.00587299  0.09994221  0.05266516]
2025-08-27 03:48:17,843 - DEBUG - 第14次LM优化，未裁剪前计算的步长：0.23670454340923558
2025-08-27 03:48:17,843 - DEBUG - 第14次LM优化，裁剪后计算的步长：0.23670454340923558
2025-08-27 03:48:17,843 - DEBUG - 第14次LM优化初始参数: 球心：[ 85.36016  72.56085 609.00836], 半径：12.394491201285181
2025-08-27 03:48:17,844 - DEBUG - 第14次LM优化准备更新参数: 球心：[ 85.15224  72.56673 609.1083 ], 半径：12.447156359291982
2025-08-27 03:48:17,844 - DEBUG - 约束点限制: 原始半径=12.447, 约束后半径=12.447
2025-08-27 03:48:17,844 - DEBUG - 第14次LM优化，应用约束点限制参数范围后: 球心：[ 85.15224  72.56673 609.1083 ], 半径：12.447156359291982
2025-08-27 03:48:17,845 - DEBUG - 第14次LM优化，
计算新表面残差：
[-0.2851744   1.03073308 -0.29822161 -0.32788375 -0.3614197   6.43968828]
 新中心残差：
[-0.06301804  1.52788944  0.19893475  0.16927261  0.13573666  6.63684464]
2025-08-27 03:48:17,845 - DEBUG - 第14次LM优化，计算新目标函数值: 2.4678768827086572
2025-08-27 03:48:17,845 - DEBUG - 目前的 置信度 {'surface_confidence': 0.33639115707861417, 'center_confidence': 1.7747701793020854e-07, 'fitting_confidence': 0.06993542677803392, 'constraint_confidence': 0.04842375083319341, 'overall_confidence': 0.05601610704901948, 'weighted_confidence': 0.06348192399458177}
2025-08-27 03:48:17,845 - DEBUG - 检查更新是否有效: 2.4678768827086572 <= 2.4653095264130402 = False
2025-08-27 03:48:17,845 - DEBUG - 第14次LM优化，lambda_lm: 0.001
2025-08-27 03:48:17,845 - DEBUG - ------------------------------------------------------------------------------------------------------
2025-08-27 03:48:17,845 - DEBUG - 第15次LM优化，
计算表面残差：
[-0.34794388  0.86023368 -0.33262215 -0.19923363 -0.39623604  6.63920211]
 中心残差：
[-0.17845268  1.30472488  0.11186905  0.24525757  0.04825516  6.78369331]
2025-08-27 03:48:17,845 - DEBUG - 求解线性方程组结果: [-0.20770381  0.00586184  0.09971012  0.05244551]
2025-08-27 03:48:17,845 - DEBUG - 第15次LM优化，未裁剪前计算的步长：0.23636386079549165
2025-08-27 03:48:17,845 - DEBUG - 第15次LM优化，裁剪后计算的步长：0.23636386079549165
2025-08-27 03:48:17,845 - DEBUG - 第15次LM优化初始参数: 球心：[ 85.36016  72.56085 609.00836], 半径：12.394491201285181
2025-08-27 03:48:17,845 - DEBUG - 第15次LM优化准备更新参数: 球心：[ 85.15246  72.56671 609.1081 ], 半径：12.44693671513654
2025-08-27 03:48:17,845 - DEBUG - 约束点限制: 原始半径=12.447, 约束后半径=12.447
2025-08-27 03:48:17,845 - DEBUG - 第15次LM优化，应用约束点限制参数范围后: 球心：[ 85.15246  72.56671 609.1081 ], 半径：12.44693671513654
2025-08-27 03:48:17,845 - DEBUG - 第15次LM优化，
计算新表面残差：
[-0.28515693  1.03066567 -0.29815933 -0.32764026 -0.36134883  6.4400319 ]
 新中心残差：
[-0.06322021  1.52760239  0.19877739  0.16929646  0.13558788  6.63696861]
2025-08-27 03:48:17,845 - DEBUG - 第15次LM优化，计算新目标函数值: 2.4678529404664498
2025-08-27 03:48:17,845 - DEBUG - 目前的 置信度 {'surface_confidence': 0.33639115707861417, 'center_confidence': 1.7747701793020854e-07, 'fitting_confidence': 0.06993542677803392, 'constraint_confidence': 0.04842375083319341, 'overall_confidence': 0.05601610704901948, 'weighted_confidence': 0.06348192399458177}
2025-08-27 03:48:17,845 - DEBUG - 检查更新是否有效: 2.4678529404664498 <= 2.4653095264130402 = False
2025-08-27 03:48:17,845 - DEBUG - 第15次LM优化，lambda_lm: 0.01
2025-08-27 03:48:17,845 - DEBUG - ------------------------------------------------------------------------------------------------------
2025-08-27 03:48:17,845 - DEBUG - 第16次LM优化，
计算表面残差：
[-0.34794388  0.86023368 -0.33262215 -0.19923363 -0.39623604  6.63920211]
 中心残差：
[-0.17845268  1.30472488  0.11186905  0.24525757  0.04825516  6.78369331]
2025-08-27 03:48:17,849 - DEBUG - 求解线性方程组结果: [-0.20552951  0.00575234  0.09745512  0.05032044]
2025-08-27 03:48:17,850 - DEBUG - 第16次LM优化，未裁剪前计算的步长：0.2330345830396894
2025-08-27 03:48:17,850 - DEBUG - 第16次LM优化，裁剪后计算的步长：0.2330345830396894
2025-08-27 03:48:17,850 - DEBUG - 第16次LM优化初始参数: 球心：[ 85.36016  72.56085 609.00836], 半径：12.394491201285181
2025-08-27 03:48:17,850 - DEBUG - 第16次LM优化准备更新参数: 球心：[ 85.15463   72.566605 609.10583 ], 半径：12.444811642575438
2025-08-27 03:48:17,850 - DEBUG - 约束点限制: 原始半径=12.445, 约束后半径=12.445
2025-08-27 03:48:17,850 - DEBUG - 第16次LM优化，应用约束点限制参数范围后: 球心：[ 85.15463   72.566605 609.10583 ], 半径：12.444811642575438
2025-08-27 03:48:17,851 - DEBUG - 第16次LM优化，
计算新表面残差：
[-0.28547326  1.02967223 -0.29789392 -0.32561055 -0.36105577  6.44317359]
 新中心残差：
[-0.06566162  1.52448387  0.19691772  0.16920109  0.13375587  6.63798523]
2025-08-27 03:48:17,851 - DEBUG - 第16次LM优化，计算新目标函数值: 2.4675521135209277
2025-08-27 03:48:17,851 - DEBUG - 目前的 置信度 {'surface_confidence': 0.33639115707861417, 'center_confidence': 1.7747701793020854e-07, 'fitting_confidence': 0.06993542677803392, 'constraint_confidence': 0.04842375083319341, 'overall_confidence': 0.05601610704901948, 'weighted_confidence': 0.06348192399458177}
2025-08-27 03:48:17,851 - DEBUG - 检查更新是否有效: 2.4675521135209277 <= 2.4653095264130402 = False
2025-08-27 03:48:17,851 - DEBUG - 第16次LM优化，lambda_lm: 0.1
2025-08-27 03:48:17,851 - DEBUG - ------------------------------------------------------------------------------------------------------
2025-08-27 03:48:17,852 - DEBUG - 第17次LM优化，
计算表面残差：
[-0.34794388  0.86023368 -0.33262215 -0.19923363 -0.39623604  6.63920211]
 中心残差：
[-0.17845268  1.30472488  0.11186905  0.24525757  0.04825516  6.78369331]
2025-08-27 03:48:17,852 - DEBUG - 求解线性方程组结果: [-0.18633015  0.00482806  0.0799554   0.03447803]
2025-08-27 03:48:17,852 - DEBUG - 第17次LM优化，未裁剪前计算的步长：0.2057275770491434
2025-08-27 03:48:17,852 - DEBUG - 第17次LM优化，裁剪后计算的步长：0.2057275770491434
2025-08-27 03:48:17,852 - DEBUG - 第17次LM优化初始参数: 球心：[ 85.36016  72.56085 609.00836], 半径：12.394491201285181
2025-08-27 03:48:17,852 - DEBUG - 第17次LM优化准备更新参数: 球心：[ 85.17383  72.56568 609.0883 ], 半径：12.428969232311317
2025-08-27 03:48:17,853 - DEBUG - 约束点限制: 原始半径=12.429, 约束后半径=12.429
2025-08-27 03:48:17,853 - DEBUG - 第17次LM优化，应用约束点限制参数范围后: 球心：[ 85.17383  72.56568 609.0883 ], 半径：12.428969232311317
2025-08-27 03:48:17,853 - DEBUG - 第17次LM优化，
计算新表面残差：
[-0.28875012  1.01954513 -0.29663891 -0.30884403 -0.35953373  6.46902767]
 新中心残差：
[-0.08478088  1.49851437  0.18233032  0.1701252   0.1194355   6.6479969 ]
2025-08-27 03:48:17,853 - DEBUG - 第17次LM优化，计算新目标函数值: 2.4654466154004457
2025-08-27 03:48:17,854 - DEBUG - 目前的 置信度 {'surface_confidence': 0.33639115707861417, 'center_confidence': 1.7747701793020854e-07, 'fitting_confidence': 0.06993542677803392, 'constraint_confidence': 0.04842375083319341, 'overall_confidence': 0.05601610704901948, 'weighted_confidence': 0.06348192399458177}
2025-08-27 03:48:17,854 - DEBUG - 检查更新是否有效: 2.4654466154004457 <= 2.4653095264130402 = False
2025-08-27 03:48:17,854 - DEBUG - 第17次LM优化，lambda_lm: 1.0
2025-08-27 03:48:17,854 - DEBUG - ------------------------------------------------------------------------------------------------------
2025-08-27 03:48:17,855 - DEBUG - 第18次LM优化，
计算表面残差：
[-0.34794388  0.86023368 -0.33262215 -0.19923363 -0.39623604  6.63920211]
 中心残差：
[-0.17845268  1.30472488  0.11186905  0.24525757  0.04825516  6.78369331]
2025-08-27 03:48:17,855 - DEBUG - 求解线性方程组结果: [-0.09813488  0.00160998  0.03165014  0.00188806]
2025-08-27 03:48:17,855 - DEBUG - 第18次LM优化，未裁剪前计算的步长：0.10314233974249151
2025-08-27 03:48:17,855 - DEBUG - 第18次LM优化，裁剪后计算的步长：0.10314233974249151
2025-08-27 03:48:17,855 - DEBUG - 第18次LM优化初始参数: 球心：[ 85.36016  72.56085 609.00836], 半径：12.394491201285181
2025-08-27 03:48:17,855 - DEBUG - 第18次LM优化准备更新参数: 球心：[ 85.262024  72.56246  609.04004 ], 半径：12.396379261418977
2025-08-27 03:48:17,855 - DEBUG - 约束点限制: 原始半径=12.396, 约束后半径=12.396
2025-08-27 03:48:17,855 - DEBUG - 第18次LM优化，应用约束点限制参数范围后: 球心：[ 85.262024  72.56246  609.04004 ], 半径：12.396379261418977
2025-08-27 03:48:17,855 - DEBUG - 第18次LM优化，
计算新表面残差：
[-0.31139887  0.9536215  -0.30612505 -0.2484783  -0.36837614  6.56139204]
 新中心残差：
[-0.14001961  1.40000076  0.14025421  0.19790096  0.07800312  6.7077713 ]
2025-08-27 03:48:17,855 - DEBUG - 第18次LM优化，计算新目标函数值: 2.4627256303153637
2025-08-27 03:48:17,858 - DEBUG - 目前的 置信度 {'surface_confidence': 0.33639115707861417, 'center_confidence': 1.7747701793020854e-07, 'fitting_confidence': 0.06993542677803392, 'constraint_confidence': 0.04842375083319341, 'overall_confidence': 0.05601610704901948, 'weighted_confidence': 0.06348192399458177}
2025-08-27 03:48:17,858 - DEBUG - 检查更新是否有效: 2.4627256303153637 <= 2.4627256303153637 = True
2025-08-27 03:48:17,858 - DEBUG - 第18次LM优化，lambda_lm: 0.1
2025-08-27 03:48:17,858 - DEBUG - ------------------------------------------------------------------------------------------------------
2025-08-27 03:48:17,858 - DEBUG - 第19次LM优化，
计算表面残差：
[-0.31139887  0.9536215  -0.30612505 -0.2484783  -0.36837614  6.56139204]
 中心残差：
[-0.14001961  1.40000076  0.14025421  0.19790096  0.07800312  6.7077713 ]
2025-08-27 03:48:17,858 - DEBUG - 求解线性方程组结果: [-0.14320148  0.00460049  0.06179237  0.03059686]
2025-08-27 03:48:17,860 - DEBUG - 第19次LM优化，未裁剪前计算的步长：0.159004064228493
2025-08-27 03:48:17,860 - DEBUG - 第19次LM优化，裁剪后计算的步长：0.159004064228493
2025-08-27 03:48:17,860 - DEBUG - 第19次LM优化初始参数: 球心：[ 85.262024  72.56246  609.04004 ], 半径：12.396379261418977
2025-08-27 03:48:17,860 - DEBUG - 第19次LM优化准备更新参数: 球心：[ 85.11882  72.56706 609.1018 ], 半径：12.426976125399353
2025-08-27 03:48:17,860 - DEBUG - 约束点限制: 原始半径=12.427, 约束后半径=12.427
2025-08-27 03:48:17,860 - DEBUG - 第19次LM优化，应用约束点限制参数范围后: 球心：[ 85.11882  72.56706 609.1018 ], 半径：12.426976125399353
2025-08-27 03:48:17,860 - DEBUG - 第19次LM优化，
计算新表面残差：
[-0.26843883  1.0722842  -0.28073742 -0.33567001 -0.34359695  6.42690571]
 新中心残差：
[-0.06646271  1.54926033  0.19623871  0.14130611  0.13337917  6.60388184]
2025-08-27 03:48:17,861 - DEBUG - 第19次LM优化，计算新目标函数值: 2.465862627952179
2025-08-27 03:48:17,861 - DEBUG - 目前的 置信度 {'surface_confidence': 0.33439244963449105, 'center_confidence': 1.2509952844290906e-07, 'fitting_confidence': 0.06997251211802356, 'constraint_confidence': 0.048985862673379316, 'overall_confidence': 0.056392915418547865, 'weighted_confidence': 0.0636765172846303}
2025-08-27 03:48:17,861 - DEBUG - 检查更新是否有效: 2.465862627952179 <= 2.4627256303153637 = False
2025-08-27 03:48:17,861 - DEBUG - 第19次LM优化，lambda_lm: 1.0
2025-08-27 03:48:17,861 - DEBUG - ------------------------------------------------------------------------------------------------------
2025-08-27 03:48:17,862 - DEBUG - 第20次LM优化，
计算表面残差：
[-0.31139887  0.9536215  -0.30612505 -0.2484783  -0.36837614  6.56139204]
 中心残差：
[-0.14001961  1.40000076  0.14025421  0.19790096  0.07800312  6.7077713 ]
2025-08-27 03:48:17,862 - DEBUG - 求解线性方程组结果: [-0.07545237  0.00173086  0.02396426  0.00363846]
2025-08-27 03:48:17,862 - DEBUG - 第20次LM优化，未裁剪前计算的步长：0.07926903399296639
2025-08-27 03:48:17,862 - DEBUG - 第20次LM优化，裁剪后计算的步长：0.07926903399296639
2025-08-27 03:48:17,862 - DEBUG - 第20次LM优化初始参数: 球心：[ 85.262024  72.56246  609.04004 ], 半径：12.396379261418977
2025-08-27 03:48:17,863 - DEBUG - 第20次LM优化准备更新参数: 球心：[ 85.18657  72.56419 609.064  ], 半径：12.400017722394905
2025-08-27 03:48:17,863 - DEBUG - 约束点限制: 原始半径=12.400, 约束后半径=12.400
2025-08-27 03:48:17,863 - DEBUG - 第20次LM优化，应用约束点限制参数范围后: 球心：[ 85.18657  72.56419 609.064  ], 半径：12.400017722394905
2025-08-27 03:48:17,863 - DEBUG - 第20次LM优化，
计算新表面残差：
[-0.28510054  1.02308599 -0.2872835  -0.28827246 -0.34914645  6.49936392]
 新中心残差：
[-0.11008282  1.47310371  0.16273422  0.16174526  0.10087128  6.64938164]
2025-08-27 03:48:17,863 - DEBUG - 第20次LM优化，计算新目标函数值: 2.462436242812083
2025-08-27 03:48:17,864 - DEBUG - 目前的 置信度 {'surface_confidence': 0.33439244963449105, 'center_confidence': 1.2509952844290906e-07, 'fitting_confidence': 0.06997251211802356, 'constraint_confidence': 0.048985862673379316, 'overall_confidence': 0.056392915418547865, 'weighted_confidence': 0.0636765172846303}
2025-08-27 03:48:17,864 - DEBUG - 检查更新是否有效: 2.462436242812083 <= 2.462436242812083 = True
2025-08-27 03:48:17,864 - DEBUG - 第20次LM优化，lambda_lm: 0.1
2025-08-27 03:48:17,864 - DEBUG - ------------------------------------------------------------------------------------------------------
2025-08-27 03:48:17,864 - DEBUG - 第21次LM优化，
计算表面残差：
[-0.28510054  1.02308599 -0.2872835  -0.28827246 -0.34914645  6.49936392]
 中心残差：
[-0.11008282  1.47310371  0.16273422  0.16174526  0.10087128  6.64938164]
2025-08-27 03:48:17,864 - DEBUG - 求解线性方程组结果: [-0.10374162  0.00384714  0.04766546  0.02712164]
2025-08-27 03:48:17,864 - DEBUG - 第21次LM优化，未裁剪前计算的步长：0.11740827479278354
2025-08-27 03:48:17,864 - DEBUG - 第21次LM优化，裁剪后计算的步长：0.11740827479278354
2025-08-27 03:48:17,864 - DEBUG - 第21次LM优化初始参数: 球心：[ 85.18657  72.56419 609.064  ], 半径：12.400017722394905
2025-08-27 03:48:17,864 - DEBUG - 第21次LM优化准备更新参数: 球心：[ 85.082825  72.56804  609.1117  ], 半径：12.427139363311753
2025-08-27 03:48:17,864 - DEBUG - 约束点限制: 原始半径=12.427, 约束后半径=12.427
2025-08-27 03:48:17,864 - DEBUG - 第21次LM优化，应用约束点限制参数范围后: 球心：[ 85.082825  72.56804  609.1117  ], 半径：12.427139363311753
2025-08-27 03:48:17,864 - DEBUG - 第21次LM优化，
计算新表面残差：
[-0.2553727   1.10603744 -0.27082127 -0.35381287 -0.33372754  6.39835731]
 新中心残差：
[-0.05323334  1.5831768   0.20631809  0.12332649  0.14341183  6.57549667]
2025-08-27 03:48:17,864 - DEBUG - 第21次LM优化，计算新目标函数值: 2.466723530179041
2025-08-27 03:48:17,864 - DEBUG - 目前的 置信度 {'surface_confidence': 0.33397082333029987, 'center_confidence': 9.640047933986458e-08, 'fitting_confidence': 0.06974826434019124, 'constraint_confidence': 0.04951634271152725, 'overall_confidence': 0.056657020933408665, 'weighted_confidence': 0.06367868785159204}
2025-08-27 03:48:17,864 - DEBUG - 检查更新是否有效: 2.466723530179041 <= 2.462436242812083 = False
2025-08-27 03:48:17,864 - DEBUG - 第21次LM优化，lambda_lm: 1.0
2025-08-27 03:48:17,864 - DEBUG - ------------------------------------------------------------------------------------------------------
2025-08-27 03:48:17,868 - DEBUG - 第22次LM优化，
计算表面残差：
[-0.28510054  1.02308599 -0.2872835  -0.28827246 -0.34914645  6.49936392]
 中心残差：
[-0.11008282  1.47310371  0.16273422  0.16174526  0.10087128  6.64938164]
2025-08-27 03:48:17,868 - DEBUG - 求解线性方程组结果: [-0.05464754  0.00153825  0.01812502  0.00456788]
2025-08-27 03:48:17,868 - DEBUG - 第22次LM优化，未裁剪前计算的步长：0.05777631100995328
2025-08-27 03:48:17,868 - DEBUG - 第22次LM优化，裁剪后计算的步长：0.05777631100995328
2025-08-27 03:48:17,868 - DEBUG - 第22次LM优化初始参数: 球心：[ 85.18657  72.56419 609.064  ], 半径：12.400017722394905
2025-08-27 03:48:17,869 - DEBUG - 第22次LM优化准备更新参数: 球心：[ 85.13192   72.565735 609.08215 ], 半径：12.404585600219523
2025-08-27 03:48:17,869 - DEBUG - 约束点限制: 原始半径=12.405, 约束后半径=12.405
2025-08-27 03:48:17,869 - DEBUG - 第22次LM优化，应用约束点限制参数范围后: 球心：[ 85.13192   72.565735 609.08215 ], 半径：12.404585600219523
2025-08-27 03:48:17,870 - DEBUG - 第22次LM优化，
计算新表面残差：
[-0.26682982  1.07199635 -0.27449832 -0.31820617 -0.33643947  6.45290494]
 新中心残差：
[-0.08724422  1.52658195  0.18008728  0.13637943  0.11814613  6.60749054]
2025-08-27 03:48:17,870 - DEBUG - 第22次LM优化，计算新目标函数值: 2.4632719508268384
2025-08-27 03:48:17,871 - DEBUG - 目前的 置信度 {'surface_confidence': 0.33397082333029987, 'center_confidence': 9.640047933986458e-08, 'fitting_confidence': 0.06974826434019124, 'constraint_confidence': 0.04951634271152725, 'overall_confidence': 0.056657020933408665, 'weighted_confidence': 0.06367868785159204}
2025-08-27 03:48:17,871 - DEBUG - 检查更新是否有效: 2.4632719508268384 <= 2.462436242812083 = False
2025-08-27 03:48:17,872 - DEBUG - 第22次LM优化，lambda_lm: 10.0
2025-08-27 03:48:17,872 - DEBUG - ------------------------------------------------------------------------------------------------------
2025-08-27 03:48:17,872 - DEBUG - 第23次LM优化，
计算表面残差：
[-0.28510054  1.02308599 -0.2872835  -0.28827246 -0.34914645  6.49936392]
 中心残差：
[-0.11008282  1.47310371  0.16273422  0.16174526  0.10087128  6.64938164]
2025-08-27 03:48:17,873 - DEBUG - 求解线性方程组结果: [-9.59494383e-03  1.93572574e-04  2.78633454e-03 -5.14690406e-05]
2025-08-27 03:48:17,873 - DEBUG - 第23次LM优化，未裁剪前计算的步长：0.00999333411452027
2025-08-27 03:48:17,874 - DEBUG - 第23次LM优化，裁剪后计算的步长：0.00999333411452027
2025-08-27 03:48:17,874 - DEBUG - 第23次LM优化初始参数: 球心：[ 85.18657  72.56419 609.064  ], 半径：12.400017722394905
2025-08-27 03:48:17,875 - DEBUG - 第23次LM优化准备更新参数: 球心：[ 85.17697   72.564384 609.06683 ], 半径：12.399966253354256
2025-08-27 03:48:17,875 - DEBUG - 约束点限制: 原始半径=12.400, 约束后半径=12.400
2025-08-27 03:48:17,875 - DEBUG - 第23次LM优化，应用约束点限制参数范围后: 球心：[ 85.17697   72.564384 609.06683 ], 半径：12.399966253354256
2025-08-27 03:48:17,875 - DEBUG - 第23次LM优化，
计算新表面残差：
[-0.28143846  1.03228415 -0.28453504 -0.29296266 -0.34631597  6.49190043]
 新中心残差：
[-0.10647221  1.4822504   0.16543121  0.15700359  0.10365028  6.64186668]
2025-08-27 03:48:17,875 - DEBUG - 第23次LM优化，计算新目标函数值: 2.46247513157658
2025-08-27 03:48:17,875 - DEBUG - 目前的 置信度 {'surface_confidence': 0.33397082333029987, 'center_confidence': 9.640047933986458e-08, 'fitting_confidence': 0.06974826434019124, 'constraint_confidence': 0.04951634271152725, 'overall_confidence': 0.056657020933408665, 'weighted_confidence': 0.06367868785159204}
2025-08-27 03:48:17,876 - DEBUG - 检查更新是否有效: 2.46247513157658 <= 2.462436242812083 = False
2025-08-27 03:48:17,876 - DEBUG - 第23次LM优化，lambda_lm: 100.0
2025-08-27 03:48:17,876 - DEBUG - ------------------------------------------------------------------------------------------------------
2025-08-27 03:48:17,876 - DEBUG - 第24次LM优化，
计算表面残差：
[-0.28510054  1.02308599 -0.2872835  -0.28827246 -0.34914645  6.49936392]
 中心残差：
[-0.11008282  1.47310371  0.16273422  0.16174526  0.10087128  6.64938164]
2025-08-27 03:48:17,876 - DEBUG - 求解线性方程组结果: [-1.03763433e-03  1.94563927e-05  2.98099898e-04 -2.05197849e-05]
2025-08-27 03:48:17,876 - DEBUG - 第24次LM优化，未裁剪前计算的步长：0.0010799760024249082
2025-08-27 03:48:17,876 - DEBUG - 第24次LM优化，裁剪后计算的步长：0.0010799760024249082
2025-08-27 03:48:17,876 - DEBUG - 第24次LM优化初始参数: 球心：[ 85.18657  72.56419 609.064  ], 半径：12.400017722394905
2025-08-27 03:48:17,876 - DEBUG - 第24次LM优化准备更新参数: 球心：[ 85.18553  72.56422 609.06433], 半径：12.39999720261
2025-08-27 03:48:17,876 - DEBUG - 约束点限制: 原始半径=12.400, 约束后半径=12.400
2025-08-27 03:48:17,876 - DEBUG - 第24次LM优化，应用约束点限制参数范围后: 球心：[ 85.18553  72.56422 609.06433], 半径：12.39999720261
2025-08-27 03:48:17,876 - DEBUG - 第24次LM优化，
计算新表面残差：
[-0.28468806  1.02409547 -0.28696829 -0.28876406 -0.34882647  6.49857381]
 新中心残差：
[-0.10969086  1.47409267  0.16302891  0.16123314  0.10117073  6.64857101]
2025-08-27 03:48:17,876 - DEBUG - 第24次LM优化，计算新目标函数值: 2.46243955729855
2025-08-27 03:48:17,876 - DEBUG - 目前的 置信度 {'surface_confidence': 0.33397082333029987, 'center_confidence': 9.640047933986458e-08, 'fitting_confidence': 0.06974826434019124, 'constraint_confidence': 0.04951634271152725, 'overall_confidence': 0.056657020933408665, 'weighted_confidence': 0.06367868785159204}
2025-08-27 03:48:17,876 - DEBUG - 检查更新是否有效: 2.46243955729855 <= 2.462436242812083 = False
2025-08-27 03:48:17,876 - DEBUG - 第24次LM优化，lambda_lm: 1000.0
2025-08-27 03:48:17,876 - DEBUG - ------------------------------------------------------------------------------------------------------
2025-08-27 03:48:17,876 - DEBUG - 第25次LM优化，
计算表面残差：
[-0.28510054  1.02308599 -0.2872835  -0.28827246 -0.34914645  6.49936392]
 中心残差：
[-0.11008282  1.47310371  0.16273422  0.16174526  0.10087128  6.64938164]
2025-08-27 03:48:17,880 - DEBUG - 求解线性方程组结果: [-1.04613803e-04  1.94565059e-06  3.00275825e-05 -2.23194161e-06]
2025-08-27 03:48:17,880 - DEBUG - 第25次LM优化，未裁剪前计算的步长：0.00010887823775665414
2025-08-27 03:48:17,880 - DEBUG - 第25次LM优化，裁剪后计算的步长：0.00010887823775665414
2025-08-27 03:48:17,880 - DEBUG - 第25次LM优化初始参数: 球心：[ 85.18657  72.56419 609.064  ], 半径：12.400017722394905
2025-08-27 03:48:17,880 - DEBUG - 第25次LM优化准备更新参数: 球心：[ 85.18646  72.56419 609.064  ], 半径：12.400015490453292
2025-08-27 03:48:17,880 - DEBUG - 约束点限制: 原始半径=12.400, 约束后半径=12.400
2025-08-27 03:48:17,881 - DEBUG - 第25次LM优化，应用约束点限制参数范围后: 球心：[ 85.18646  72.56419 609.064  ], 半径：12.400015490453292
2025-08-27 03:48:17,881 - DEBUG - 第25次LM优化，
计算新表面残差：
[-0.28508972  1.02317024 -0.28727555 -0.28834557 -0.34913563  6.49927078]
 新中心残差：
[-0.11007423  1.47318573  0.16273994  0.16166992  0.10087986  6.64928627]
2025-08-27 03:48:17,881 - DEBUG - 第25次LM优化，计算新目标函数值: 2.4624330576143083
2025-08-27 03:48:17,881 - DEBUG - 目前的 置信度 {'surface_confidence': 0.33397082333029987, 'center_confidence': 9.640047933986458e-08, 'fitting_confidence': 0.06974826434019124, 'constraint_confidence': 0.04951634271152725, 'overall_confidence': 0.056657020933408665, 'weighted_confidence': 0.06367868785159204}
2025-08-27 03:48:17,882 - DEBUG - 检查更新是否有效: 2.4624330576143083 <= 2.4624330576143083 = True
2025-08-27 03:48:17,882 - INFO - LM优化收敛，迭代次数: 26
2025-08-27 03:48:17,882 - DEBUG - left眼pupil: (-9.93mm, 78.16mm, 600.72mm, visibility:1.00)
2025-08-27 03:48:17,882 - DEBUG - left眼iris: (-2.02mm, 77.13mm, 600.69mm, visibility:1.00)
2025-08-27 03:48:17,882 - DEBUG - left眼iris: (-10.77mm, 70.90mm, 601.31mm, visibility:1.00)
2025-08-27 03:48:17,882 - DEBUG - left眼iris: (-18.01mm, 79.11mm, 600.54mm, visibility:1.00)
2025-08-27 03:48:17,882 - DEBUG - left眼iris: (-9.21mm, 85.39mm, 601.23mm, visibility:1.00)
2025-08-27 03:48:17,882 - DEBUG - left眼inner_canthus: (12.14mm, 76.26mm, 601.33mm, visibility:1.00)
2025-08-27 03:48:17,883 - DEBUG - left眼upper_eyelid: (4.54mm, 75.24mm, 600.42mm, visibility:1.00)
2025-08-27 03:48:17,883 - DEBUG - left眼upper_eyelid: (-2.86mm, 76.41mm, 600.94mm, visibility:1.00)
2025-08-27 03:48:17,883 - DEBUG - left眼upper_eyelid: (-9.71mm, 77.53mm, 600.74mm, visibility:1.00)
2025-08-27 03:48:17,883 - DEBUG - left眼upper_eyelid: (-16.91mm, 78.79mm, 600.98mm, visibility:1.00)
2025-08-27 03:48:17,883 - DEBUG - left眼upper_eyelid: (9.68mm, 75.39mm, 600.53mm, visibility:1.00)
2025-08-27 03:48:17,883 - DEBUG - left眼lower_eyelid: (-8.00mm, 81.49mm, 601.16mm, visibility:1.00)
2025-08-27 03:48:17,883 - DEBUG - left眼lower_eyelid: (-0.92mm, 79.99mm, 600.72mm, visibility:1.00)
2025-08-27 03:48:17,883 - DEBUG - left眼lower_eyelid: (5.63mm, 77.93mm, 600.62mm, visibility:1.00)
2025-08-27 03:48:17,883 - DEBUG - left眼lower_eyelid: (9.90mm, 76.80mm, 600.51mm, visibility:1.00)
2025-08-27 03:48:17,883 - DEBUG - left眼lower_eyelid: (-22.05mm, 79.75mm, 600.65mm, visibility:1.00)
2025-08-27 03:48:17,883 - DEBUG - left眼outer_canthus: (-25.46mm, 80.51mm, 601.40mm, visibility:1.00)
2025-08-27 03:48:17,884 - DEBUG - right眼pupil: (85.89mm, 72.44mm, 600.75mm, visibility:1.00)
2025-08-27 03:48:17,884 - DEBUG - right眼iris: (94.76mm, 72.54mm, 600.99mm, visibility:1.00)
2025-08-27 03:48:17,884 - DEBUG - right眼iris: (85.76mm, 65.02mm, 600.79mm, visibility:1.00)
2025-08-27 03:48:17,884 - DEBUG - right眼iris: (77.31mm, 72.37mm, 601.09mm, visibility:1.00)
2025-08-27 03:48:17,884 - DEBUG - right眼iris: (86.07mm, 79.74mm, 600.57mm, visibility:1.00)
2025-08-27 03:48:17,884 - DEBUG - right眼inner_canthus: (67.85mm, 73.74mm, 601.01mm, visibility:1.00)
2025-08-27 03:48:17,884 - DEBUG - right眼upper_eyelid: (74.96mm, 70.32mm, 600.70mm, visibility:1.00)
2025-08-27 03:48:17,884 - DEBUG - right眼upper_eyelid: (82.40mm, 69.89mm, 600.47mm, visibility:1.00)
2025-08-27 03:48:17,884 - DEBUG - right眼upper_eyelid: (89.77mm, 70.33mm, 600.52mm, visibility:1.00)
2025-08-27 03:48:17,884 - DEBUG - right眼upper_eyelid: (97.40mm, 71.19mm, 600.84mm, visibility:1.00)
2025-08-27 03:48:17,884 - DEBUG - right眼upper_eyelid: (70.08mm, 72.14mm, 600.70mm, visibility:1.00)
2025-08-27 03:48:17,884 - DEBUG - right眼lower_eyelid: (88.52mm, 76.69mm, 600.42mm, visibility:1.00)
2025-08-27 03:48:17,884 - DEBUG - right眼lower_eyelid: (81.36mm, 76.38mm, 600.88mm, visibility:1.00)
2025-08-27 03:48:17,885 - DEBUG - right眼lower_eyelid: (74.57mm, 75.09mm, 600.83mm, visibility:1.00)
2025-08-27 03:48:17,885 - DEBUG - right眼lower_eyelid: (70.12mm, 74.29mm, 600.54mm, visibility:1.00)
2025-08-27 03:48:17,885 - DEBUG - right眼lower_eyelid: (101.39mm, 75.34mm, 600.99mm, visibility:1.00)
2025-08-27 03:48:17,885 - DEBUG - right眼outer_canthus: (105.92mm, 72.59mm, 600.88mm, visibility:1.00)
2025-08-27 03:48:17,885 - INFO - 拟合结果: left：
拟合结果：
 球心：[ -8.791775  78.08865  609.3975  ]
 半径：12.377896957228602
 置信度：0.05046232668279639
 收敛：True
 迭代次数：25
 最终残差范数：10.00919047626909
 使用策略：lm
2025-08-27 03:48:17,886 - INFO - 拟合结果: right：
拟合结果：
 球心：[ 85.18646  72.56419 609.064  ]
 半径：12.400015490453292
 置信度：0.056657083498991304
 收敛：True
 迭代次数：26
 最终残差范数：6.6073636669143285
 使用策略：lm
