2025-08-28 03:14:54,195 - INFO - 日志文件创建: logs\recognition_20250828_031454.log
2025-08-28 03:14:56,253 - DEBUG - 深度图范围: min=600.000000, max=600.000000
2025-08-28 03:14:56,254 - DEBUG - 检测到毫米单位，乘以depth_scale=0.001
2025-08-28 03:14:56,256 - INFO - 批量转换完成：成功 1/1 个关键点
2025-08-28 03:14:56,256 - INFO - 批量转换完成：成功 4/4 个关键点
2025-08-28 03:14:56,256 - INFO - 批量转换完成：成功 1/1 个关键点
2025-08-28 03:14:56,257 - INFO - 批量转换完成：成功 5/5 个关键点
2025-08-28 03:14:56,257 - INFO - 批量转换完成：成功 5/5 个关键点
2025-08-28 03:14:56,257 - INFO - 批量转换完成：成功 1/1 个关键点
2025-08-28 03:14:56,258 - INFO - 批量转换完成：成功 1/1 个关键点
2025-08-28 03:14:56,258 - INFO - 批量转换完成：成功 4/4 个关键点
2025-08-28 03:14:56,259 - INFO - 批量转换完成：成功 1/1 个关键点
2025-08-28 03:14:56,259 - INFO - 批量转换完成：成功 5/5 个关键点
2025-08-28 03:14:56,259 - INFO - 批量转换完成：成功 5/5 个关键点
2025-08-28 03:14:56,259 - INFO - 批量转换完成：成功 1/1 个关键点
2025-08-28 03:14:56,260 - INFO - 帧 0: 更新拟合数据
2025-08-28 03:14:56,277 - INFO - --------------------------------------------------
2025-08-28 03:14:56,277 - INFO - 开始拟合...
2025-08-28 03:14:56,278 - DEBUG - RANSAC各点类型阈值设置：
2025-08-28 03:14:56,278 - DEBUG -   pupil 表面阈值: (-4.5, -2.5) -> 1.0000
2025-08-28 03:14:56,279 - DEBUG -   pupil 中心阈值: (7.95, 9.95) -> 1.0000
2025-08-28 03:14:56,279 - DEBUG -   iris 表面阈值: (-1.8, -0.4) -> 0.7000
2025-08-28 03:14:56,279 - DEBUG -   iris 中心阈值: (10.4, 12.04) -> 0.8200
2025-08-28 03:14:56,279 - DEBUG -   inner_canthus 表面阈值: (4.0, 8.0) -> 2.0000
2025-08-28 03:14:56,280 - DEBUG -   inner_canthus 中心阈值: (16.0, 20.0) -> 2.0000
2025-08-28 03:14:56,280 - DEBUG -   upper_eyelid 表面阈值: (0.0, 2.0) -> 1.0000
2025-08-28 03:14:56,280 - DEBUG -   upper_eyelid 中心阈值: (11.3, 13.3) -> 1.0000
2025-08-28 03:14:56,281 - DEBUG -   lower_eyelid 表面阈值: (0.2, 1.6) -> 0.7000
2025-08-28 03:14:56,281 - DEBUG -   lower_eyelid 中心阈值: (12.0, 14.0) -> 1.0000
2025-08-28 03:14:56,281 - DEBUG -   outer_canthus 表面阈值: (2.5, 6.7) -> 2.1000
2025-08-28 03:14:56,281 - DEBUG -   outer_canthus 中心阈值: (14.9, 18.9) -> 2.0000
2025-08-28 03:14:56,282 - DEBUG - RANSAC各点类型阈值设置：
2025-08-28 03:14:56,282 - DEBUG -   pupil 表面阈值: (-4.5, -2.5) -> 1.0000
2025-08-28 03:14:56,282 - DEBUG -   pupil 中心阈值: (7.95, 9.95) -> 1.0000
2025-08-28 03:14:56,282 - DEBUG -   iris 表面阈值: (-1.8, -0.4) -> 0.7000
2025-08-28 03:14:56,283 - DEBUG -   iris 中心阈值: (10.4, 12.04) -> 0.8200
2025-08-28 03:14:56,283 - DEBUG -   inner_canthus 表面阈值: (4.0, 8.0) -> 2.0000
2025-08-28 03:14:56,284 - DEBUG -   inner_canthus 中心阈值: (16.0, 20.0) -> 2.0000
2025-08-28 03:14:56,284 - DEBUG -   upper_eyelid 表面阈值: (0.0, 2.0) -> 1.0000
2025-08-28 03:14:56,284 - DEBUG -   upper_eyelid 中心阈值: (11.3, 13.3) -> 1.0000
2025-08-28 03:14:56,285 - DEBUG -   lower_eyelid 表面阈值: (0.2, 1.6) -> 0.7000
2025-08-28 03:14:56,285 - DEBUG -   lower_eyelid 中心阈值: (12.0, 14.0) -> 1.0000
2025-08-28 03:14:56,285 - DEBUG -   outer_canthus 表面阈值: (2.5, 6.7) -> 2.1000
2025-08-28 03:14:56,286 - DEBUG -   outer_canthus 中心阈值: (14.9, 18.9) -> 2.0000
2025-08-28 03:14:56,287 - DEBUG - left眼数据统计:
2025-08-28 03:14:56,287 - DEBUG -   拟合点数量: 5
2025-08-28 03:14:56,287 - DEBUG -   约束点数量: 12
2025-08-28 03:14:56,288 - DEBUG -   总点数: 17
2025-08-28 03:14:56,288 - DEBUG -   平均可见性: 0.920
2025-08-28 03:14:56,288 - DEBUG -   可见性样本数: 17
2025-08-28 03:14:56,288 - DEBUG - left眼数据质量: {'point_count': 17, 'fitting_point_count': 5, 'constraint_point_count': 12, 'visibility': 0.9200000166893005}
2025-08-28 03:14:56,288 - INFO - 数据质量: {'point_count': 17, 'fitting_point_count': 5, 'constraint_point_count': 12, 'visibility': 0.9200000166893005}
2025-08-28 03:14:56,288 - DEBUG - 可用策略数量: 4
2025-08-28 03:14:56,289 - DEBUG - 策略 1: high_quality
2025-08-28 03:14:56,289 - DEBUG -   最小点数: 8, 最小可见性: 0.9
2025-08-28 03:14:56,289 - DEBUG -   当前点数: 17, 当前可见性: 0.920
2025-08-28 03:14:56,289 - DEBUG -  当前点数: 17, 当前可见性: 0.920
2025-08-28 03:14:56,289 - INFO - 选择策略: high_quality
2025-08-28 03:14:56,290 - DEBUG - 虹膜点拟合外接圆，圆心：[-23.25599  -28.115177 600.      ]，半径：7.144711971282959
2025-08-28 03:14:56,290 - DEBUG - ------------------------------------------------------------------------------------------------------
2025-08-28 03:14:56,290 - DEBUG - 第0次LM优化，计算残差：

2025-08-28 03:14:56,291 - DEBUG - 表面残差: [0.47434164902516934, 0.4743416490251652, 0.4743416490250994, 0.47434164902516524, 0.4743416490251733]
2025-08-28 03:14:56,291 - DEBUG - 中心残差: [0.10710414548221303, -0.0024551971813054174, -1.4230249470751128, -2.5983986204986417e-05, 0.47368506481671113]
2025-08-28 03:14:56,292 - DEBUG - 深度残差: 6.931471805599454
2025-08-28 03:14:56,292 - DEBUG - 眼球外残差: [0.06327539107729806, 0.01826603203577844, 0.005272949256441505, 0.0015221693363148701, 0.0004394124380367921, 0.00012684744469290584, 3.661770316973268e-05, 1.0570620391075486e-05, 3.0514752641443894e-06, 8.808850325896239e-07, 2.5428960534536575e-07, 7.340708604913532e-08]
2025-08-28 03:14:56,293 - DEBUG - 求解线性方程组结果: [0.35500561 2.56217649 1.13101638 5.0839831 ]
2025-08-28 03:14:56,293 - DEBUG - 第0次LM优化，未裁剪前计算的步长：5.8152265245954915
2025-08-28 03:14:56,293 - DEBUG - 第0次LM优化，裁剪后计算的步长：4.0
2025-08-28 03:14:56,293 - DEBUG - 第0次LM优化初始参数: 球心：[-23.25599  -28.115177 608.6511  ], 半径：7.144711971282959
2025-08-28 03:14:56,294 - DEBUG - 第0次LM优化准备更新参数: 球心：[-23.011799 -26.352785 609.4291  ], 半径：10.64172662859239
2025-08-28 03:14:56,294 - DEBUG - 表面残差: [0.4743416490250535, 0.47434164902502146, 0.28080964422923765, 0.4743416490250215, 0.47434164902497833]
2025-08-28 03:14:56,294 - DEBUG - 中心残差: [0.49720864256846964, 0.3194494787280925, -0.7497209843296112, 0.31951281017079525, 0.023431077656018057]
2025-08-28 03:14:56,294 - DEBUG - 深度残差: 6.931471805599454
2025-08-28 03:14:56,295 - DEBUG - 眼球外残差: [0.06327539107729806, 0.01826603203577844, 0.005272949256441505, 0.0030257357879135676, 0.0004871058434885291, 0.00012684744469290584, 4.526671405159322e-05, 1.0570620391075486e-05, 3.0514752641443894e-06, 8.808850325896239e-07, 2.5428960534536575e-07, 7.340708604913532e-08]
2025-08-28 03:14:56,295 - DEBUG - 第0次LM优化，计算新目标函数值: 25.02125674753497
2025-08-28 03:14:56,295 - DEBUG - 目前的 置信度 {'surface_confidence': 0.038984966027990245, 'center_confidence': 0.888106629370338, 'fitting_confidence': 0.10918816387784192, 'constraint_confidence': 0.0, 'overall_confidence': 0.10918816387784192, 'weighted_confidence': 0.09826934749005772}
2025-08-28 03:14:56,295 - DEBUG - 检查更新是否有效: 25.02125674753497 <= 25.02125674753497 = True
2025-08-28 03:14:56,295 - DEBUG - 第0次LM优化，lambda_lm: 0.001
2025-08-28 03:14:56,296 - DEBUG - ------------------------------------------------------------------------------------------------------
2025-08-28 03:14:56,296 - DEBUG - 第1次LM优化，计算残差：

2025-08-28 03:14:56,296 - DEBUG - 表面残差: [0.4743416490250535, 0.47434164902502146, 0.28080964422923765, 0.4743416490250215, 0.47434164902497833]
2025-08-28 03:14:56,296 - DEBUG - 中心残差: [0.49720864256846964, 0.3194494787280925, -0.7497209843296112, 0.31951281017079525, 0.023431077656018057]
2025-08-28 03:14:56,296 - DEBUG - 深度残差: 6.931471805599454
2025-08-28 03:14:56,296 - DEBUG - 眼球外残差: [0.06327539107729806, 0.01826603203577844, 0.005272949256441505, 0.0030257357879135676, 0.0004871058434885291, 0.00012684744469290584, 4.526671405159322e-05, 1.0570620391075486e-05, 3.0514752641443894e-06, 8.808850325896239e-07, 2.5428960534536575e-07, 7.340708604913532e-08]
2025-08-28 03:14:56,297 - DEBUG - 求解线性方程组结果: [0.13053255 0.94251177 0.07418173 1.66741388]
2025-08-28 03:14:56,297 - DEBUG - 第1次LM优化，未裁剪前计算的步长：1.9212337629161367
2025-08-28 03:14:56,297 - DEBUG - 第1次LM优化，裁剪后计算的步长：1.9212337629161367
2025-08-28 03:14:56,297 - DEBUG - 第1次LM优化初始参数: 球心：[-23.011799 -26.352785 609.4291  ], 半径：10.64172662859239
2025-08-28 03:14:56,297 - DEBUG - 第1次LM优化准备更新参数: 球心：[-22.881266 -25.410273 609.50323 ], 半径：12.309140512522148
2025-08-28 03:14:56,297 - DEBUG - 表面残差: [0.21955584054475819, 0.11830291721168766, -0.08672720012926749, 0.11789608808689679, -0.12272871267942319]
2025-08-28 03:14:56,298 - DEBUG - 中心残差: [0.5250364784920819, 0.34460653723943796, -0.2704838147834275, 0.3433860498650653, -0.37848835243389456]
2025-08-28 03:14:56,298 - DEBUG - 深度残差: 6.931471805599454
2025-08-28 03:14:56,298 - DEBUG - 眼球外残差: [0.06327539107729806, 0.01826603203577844, 0.009587983316367078, 0.005690582277676634, 0.0011438536813606094, 0.00012684744469290584, 0.00012310374574149645, 1.2176266333760142e-05, 3.0514752641443894e-06, 8.808850325896239e-07, 2.5428960534536575e-07, 7.340708604913532e-08]
2025-08-28 03:14:56,299 - DEBUG - 第1次LM优化，计算新目标函数值: 24.43859706069278
2025-08-28 03:14:56,300 - DEBUG - 目前的 置信度 {'surface_confidence': 0.5558278532495303, 'center_confidence': 0.968585355570261, 'fitting_confidence': 0.5316509574324045, 'constraint_confidence': 0.0, 'overall_confidence': 0.5316509574324045, 'weighted_confidence': 0.47848586168916407}
2025-08-28 03:14:56,300 - DEBUG - 检查更新是否有效: 24.43859706069278 <= 24.43859706069278 = True
2025-08-28 03:14:56,300 - DEBUG - 第1次LM优化，lambda_lm: 0.0001
2025-08-28 03:14:56,301 - DEBUG - ------------------------------------------------------------------------------------------------------
2025-08-28 03:14:56,301 - DEBUG - 第2次LM优化，计算残差：

2025-08-28 03:14:56,302 - DEBUG - 表面残差: [0.21955584054475819, 0.11830291721168766, -0.08672720012926749, 0.11789608808689679, -0.12272871267942319]
2025-08-28 03:14:56,302 - DEBUG - 中心残差: [0.5250364784920819, 0.34460653723943796, -0.2704838147834275, 0.3433860498650653, -0.37848835243389456]
2025-08-28 03:14:56,302 - DEBUG - 深度残差: 6.931471805599454
2025-08-28 03:14:56,303 - DEBUG - 眼球外残差: [0.06327539107729806, 0.01826603203577844, 0.009587983316367078, 0.005690582277676634, 0.0011438536813606094, 0.00012684744469290584, 0.00012310374574149645, 1.2176266333760142e-05, 3.0514752641443894e-06, 8.808850325896239e-07, 2.5428960534536575e-07, 7.340708604913532e-08]
2025-08-28 03:14:56,304 - DEBUG - 求解线性方程组结果: [-0.01518289 -0.11226785 -0.04331102  0.11696487]
2025-08-28 03:14:56,304 - DEBUG - 第2次LM优化，未裁剪前计算的步长：0.16849693305190994
2025-08-28 03:14:56,304 - DEBUG - 第2次LM优化，裁剪后计算的步长：0.16849693305190994
2025-08-28 03:14:56,304 - DEBUG - 第2次LM优化初始参数: 球心：[-22.881266 -25.410273 609.50323 ], 半径：12.309140512522148
2025-08-28 03:14:56,304 - DEBUG - 第2次LM优化准备更新参数: 球心：[-22.896448 -25.522541 609.4599  ], 半径：12.426105381295207
2025-08-28 03:14:56,304 - DEBUG - 表面残差: [0.16896319960614603, 0.0700034776555142, -0.15325976203957836, 0.0697778970881728, -0.15441028324867934]
2025-08-28 03:14:56,305 - DEBUG - 中心残差: [0.4842211731399159, 0.310670836034588, -0.3591188830506897, 0.30999409433256375, -0.36257044667799254]
2025-08-28 03:14:56,305 - DEBUG - 深度残差: 6.931471805599454
2025-08-28 03:14:56,305 - DEBUG - 眼球外残差: [0.06327539107729806, 0.01826603203577844, 0.010534498904557984, 0.006066538498573738, 0.0012374030224519572, 0.00012684744469290584, 0.00012901854572446454, 1.3230624706301685e-05, 3.0514752641443894e-06, 8.808850325896239e-07, 2.5428960534536575e-07, 7.340708604913532e-08]
2025-08-28 03:14:56,305 - DEBUG - 第2次LM优化，计算新目标函数值: 24.411471902367637
2025-08-28 03:14:56,305 - DEBUG - 目前的 置信度 {'surface_confidence': 0.9686956241032683, 'center_confidence': 0.978034304020318, 'fitting_confidence': 0.9731536793108324, 'constraint_confidence': 0.0, 'overall_confidence': 0.9731536793108324, 'weighted_confidence': 0.8758383113797492}
2025-08-28 03:14:56,306 - DEBUG - 检查更新是否有效: 24.411471902367637 <= 24.411471902367637 = True
2025-08-28 03:14:56,306 - DEBUG - 第2次LM优化，lambda_lm: 1e-05
2025-08-28 03:14:56,306 - DEBUG - ------------------------------------------------------------------------------------------------------
2025-08-28 03:14:56,306 - DEBUG - 第3次LM优化，计算残差：

2025-08-28 03:14:56,306 - DEBUG - 表面残差: [0.16896319960614603, 0.0700034776555142, -0.15325976203957836, 0.0697778970881728, -0.15441028324867934]
2025-08-28 03:14:56,306 - DEBUG - 中心残差: [0.4842211731399159, 0.310670836034588, -0.3591188830506897, 0.30999409433256375, -0.36257044667799254]
2025-08-28 03:14:56,307 - DEBUG - 深度残差: 6.931471805599454
2025-08-28 03:14:56,307 - DEBUG - 眼球外残差: [0.06327539107729806, 0.01826603203577844, 0.010534498904557984, 0.006066538498573738, 0.0012374030224519572, 0.00012684744469290584, 0.00012901854572446454, 1.3230624706301685e-05, 3.0514752641443894e-06, 8.808850325896239e-07, 2.5428960534536575e-07, 7.340708604913532e-08]
2025-08-28 03:14:56,308 - DEBUG - 求解线性方程组结果: [ 1.76505520e-03  1.30388893e-02 -5.75497459e-04 -2.07427855e-05]
2025-08-28 03:14:56,308 - DEBUG - 第3次LM优化，未裁剪前计算的步长：0.013170409363136657
2025-08-28 03:14:56,309 - DEBUG - 第3次LM优化，裁剪后计算的步长：0.013170409363136657
2025-08-28 03:14:56,309 - DEBUG - 第3次LM优化初始参数: 球心：[-22.896448 -25.522541 609.4599  ], 半径：12.426105381295207
2025-08-28 03:14:56,309 - DEBUG - 第3次LM优化准备更新参数: 球心：[-22.894684 -25.509502 609.45935 ], 半径：12.426084638509728
2025-08-28 03:14:56,310 - DEBUG - 表面残差: [0.16876257475973114, 0.06985834321603893, -0.15137014769850213, 0.06961225532439373, -0.1565832301678387]
2025-08-28 03:14:56,310 - DEBUG - 中心残差: [0.4835996202665327, 0.3102157543820236, -0.3534697183615995, 0.309477490707088, -0.3691089657696092]
2025-08-28 03:14:56,310 - DEBUG - 深度残差: 6.931471805599454
2025-08-28 03:14:56,310 - DEBUG - 眼球外残差: [0.06327539107729806, 0.01826603203577844, 0.01052635497349302, 0.0060617871914443585, 0.001236505868549231, 0.00012684744469290584, 0.00012923856999044918, 1.3264084352512046e-05, 3.0514752641443894e-06, 8.808850325896239e-07, 2.5428960534536575e-07, 7.340708604913532e-08]
2025-08-28 03:14:56,310 - DEBUG - 第3次LM优化，计算新目标函数值: 24.411243505643128
2025-08-28 03:14:56,311 - DEBUG - 目前的 置信度 {'surface_confidence': 0.9700493291217118, 'center_confidence': 0.9789677946621804, 'fitting_confidence': 0.9739058408699692, 'constraint_confidence': 0.0, 'overall_confidence': 0.9739058408699692, 'weighted_confidence': 0.8765152567829724}
2025-08-28 03:14:56,311 - DEBUG - 检查更新是否有效: 24.411243505643128 <= 24.411243505643128 = True
2025-08-28 03:14:56,311 - DEBUG - LM优化收敛，迭代次数: 4
2025-08-28 03:14:56,311 - DEBUG - LM优化收敛，最终参数: 球心：[-22.894684 -25.509502 609.45935 ], 半径：12.426084638509728
2025-08-28 03:14:56,312 - DEBUG - ------------------------------------------------------------------------------------------------------
2025-08-28 03:14:56,312 - DEBUG - right眼数据统计:
2025-08-28 03:14:56,312 - DEBUG -   拟合点数量: 5
2025-08-28 03:14:56,312 - DEBUG -   约束点数量: 12
2025-08-28 03:14:56,312 - DEBUG -   总点数: 17
2025-08-28 03:14:56,313 - DEBUG -   平均可见性: 0.920
2025-08-28 03:14:56,313 - DEBUG -   可见性样本数: 17
2025-08-28 03:14:56,313 - DEBUG - right眼数据质量: {'point_count': 17, 'fitting_point_count': 5, 'constraint_point_count': 12, 'visibility': 0.9200000166893005}
2025-08-28 03:14:56,313 - INFO - 数据质量: {'point_count': 17, 'fitting_point_count': 5, 'constraint_point_count': 12, 'visibility': 0.9200000166893005}
2025-08-28 03:14:56,313 - DEBUG - 可用策略数量: 4
2025-08-28 03:14:56,313 - DEBUG - 策略 1: high_quality
2025-08-28 03:14:56,313 - DEBUG -   最小点数: 8, 最小可见性: 0.9
2025-08-28 03:14:56,313 - DEBUG -   当前点数: 17, 当前可见性: 0.920
2025-08-28 03:14:56,313 - DEBUG -  当前点数: 17, 当前可见性: 0.920
2025-08-28 03:14:56,313 - INFO - 选择策略: high_quality
2025-08-28 03:14:56,314 - DEBUG - 虹膜点拟合外接圆，圆心：[ 45.941597 -28.275265 600.      ]，半径：6.345192909240723
2025-08-28 03:14:56,314 - DEBUG - ------------------------------------------------------------------------------------------------------
2025-08-28 03:14:56,314 - DEBUG - 第0次LM优化，计算残差：

2025-08-28 03:14:56,314 - DEBUG - 表面残差: [0.47434164902518927, 0.47434164902520215, 0.47434164902517756, 0.4743416490251544, 0.47434164902517834]
2025-08-28 03:14:56,314 - DEBUG - 中心残差: [0.8641021659041483, 1.42302494707524, -2.460878915373305e-06, -1.2798042550171893, 0.06241700904896877]
2025-08-28 03:14:56,314 - DEBUG - 深度残差: 6.931471805599454
2025-08-28 03:14:56,314 - DEBUG - 眼球外残差: [0.06327539107729806, 0.01826603203577844, 0.005272949256441505, 0.0015221693363148701, 0.0004394124380367921, 0.00012684744469290584, 3.661770316973268e-05, 1.0570620391075486e-05, 3.0514752641443894e-06, 8.808850325896239e-07, 2.5428960534536575e-07, 7.340708604913532e-08]
2025-08-28 03:14:56,315 - DEBUG - 求解线性方程组结果: [3.06611282 0.2576867  0.66869142 6.06090101]
2025-08-28 03:14:56,315 - DEBUG - 第0次LM优化，未裁剪前计算的步长：6.830016073966546
2025-08-28 03:14:56,315 - DEBUG - 第0次LM优化，裁剪后计算的步长：3.9999999999999996
2025-08-28 03:14:56,315 - DEBUG - 第0次LM优化初始参数: 球心：[ 45.941597 -28.275265 609.2535  ], 半径：6.345192909240723
2025-08-28 03:14:56,316 - DEBUG - 第0次LM优化准备更新参数: 球心：[ 47.737267 -28.12435  609.6451  ], 半径：9.894760552076118
2025-08-28 03:14:56,316 - DEBUG - 表面残差: [0.4743416490251167, 0.4743416490251415, 0.4743416490250566, 0.4743416490250394, 0.4743416490250587]
2025-08-28 03:14:56,316 - DEBUG - 中心残差: [0.7852735191719675, 1.4230249470749259, -0.053856805548693085, -0.23164445044358897, -0.030586119294995436]
2025-08-28 03:14:56,316 - DEBUG - 深度残差: 6.931471805599454
2025-08-28 03:14:56,316 - DEBUG - 眼球外残差: [0.06327539107729806, 0.01826603203577844, 0.005272949256441505, 0.0015221693363148701, 0.0004394124380367921, 0.00012684744469290584, 3.661770316973268e-05, 1.0570620391075486e-05, 3.0514752641443894e-06, 8.808850325896239e-07, 2.5428960534536575e-07, 7.340708604913532e-08]
2025-08-28 03:14:56,317 - DEBUG - 第0次LM优化，计算新目标函数值: 25.936909432010193
2025-08-28 03:14:56,317 - DEBUG - 目前的 置信度 {'surface_confidence': 0.0032985724280035398, 'center_confidence': 0.7982883561283508, 'fitting_confidence': 0.09630917132890945, 'constraint_confidence': 0.0, 'overall_confidence': 0.09630917132890945, 'weighted_confidence': 0.08667825419601852}
2025-08-28 03:14:56,317 - DEBUG - 检查更新是否有效: 25.936909432010193 <= 25.936909432010193 = True
2025-08-28 03:14:56,318 - DEBUG - 第0次LM优化，lambda_lm: 0.001
2025-08-28 03:14:56,318 - DEBUG - ------------------------------------------------------------------------------------------------------
2025-08-28 03:14:56,318 - DEBUG - 第1次LM优化，计算残差：

2025-08-28 03:14:56,319 - DEBUG - 表面残差: [0.4743416490251167, 0.4743416490251415, 0.4743416490250566, 0.4743416490250394, 0.4743416490250587]
2025-08-28 03:14:56,320 - DEBUG - 中心残差: [0.7852735191719675, 1.4230249470749259, -0.053856805548693085, -0.23164445044358897, -0.030586119294995436]
2025-08-28 03:14:56,320 - DEBUG - 深度残差: 6.931471805599454
2025-08-28 03:14:56,321 - DEBUG - 眼球外残差: [0.06327539107729806, 0.01826603203577844, 0.005272949256441505, 0.0015221693363148701, 0.0004394124380367921, 0.00012684744469290584, 3.661770316973268e-05, 1.0570620391075486e-05, 3.0514752641443894e-06, 8.808850325896239e-07, 2.5428960534536575e-07, 7.340708604913532e-08]
2025-08-28 03:14:56,321 - DEBUG - 求解线性方程组结果: [ 1.63839334  0.12449453 -0.13596929  2.45655598]
2025-08-28 03:14:56,322 - DEBUG - 第1次LM优化，未裁剪前计算的步长：2.958544669071704
2025-08-28 03:14:56,322 - DEBUG - 第1次LM优化，裁剪后计算的步长：2.958544669071704
2025-08-28 03:14:56,322 - DEBUG - 第1次LM优化初始参数: 球心：[ 47.737267 -28.12435  609.6451  ], 半径：9.894760552076118
2025-08-28 03:14:56,323 - DEBUG - 第1次LM优化准备更新参数: 球心：[ 49.37566  -27.999855 609.5091  ], 半径：12.351316531062487
2025-08-28 03:14:56,323 - DEBUG - 表面残差: [0.20803260588824965, 0.16288349975410074, -0.09929992726485108, 0.15387173703579024, -0.09955747513184249]
2025-08-28 03:14:56,323 - DEBUG - 中心残差: [0.5304784588900443, 0.5183599692341652, -0.2681903118226902, 0.49132468107923366, -0.26896295542366444]
2025-08-28 03:14:56,323 - DEBUG - 深度残差: 6.931471805599454
2025-08-28 03:14:56,324 - DEBUG - 眼球外残差: [0.06327539107729806, 0.01826603203577844, 0.014723470827852459, 0.00452190117783755, 0.0004394124380367921, 0.00012684744469290584, 0.00011241334879889733, 2.818465074527391e-05, 3.0514752641443894e-06, 8.808850325896239e-07, 2.5428960534536575e-07, 7.340708604913532e-08]
2025-08-28 03:14:56,324 - DEBUG - 第1次LM优化，计算新目标函数值: 24.54945252658382
2025-08-28 03:14:56,324 - DEBUG - 目前的 置信度 {'surface_confidence': 0.25534538243267046, 'center_confidence': 0.9122899531924886, 'fitting_confidence': 0.24384496518944093, 'constraint_confidence': 0.0, 'overall_confidence': 0.24384496518944093, 'weighted_confidence': 0.21946046867049684}
2025-08-28 03:14:56,324 - DEBUG - 检查更新是否有效: 24.54945252658382 <= 24.54945252658382 = True
2025-08-28 03:14:56,324 - DEBUG - 第1次LM优化，lambda_lm: 0.0001
2025-08-28 03:14:56,325 - DEBUG - ------------------------------------------------------------------------------------------------------
2025-08-28 03:14:56,325 - DEBUG - 第2次LM优化，计算残差：

2025-08-28 03:14:56,325 - DEBUG - 表面残差: [0.20803260588824965, 0.16288349975410074, -0.09929992726485108, 0.15387173703579024, -0.09955747513184249]
2025-08-28 03:14:56,325 - DEBUG - 中心残差: [0.5304784588900443, 0.5183599692341652, -0.2681903118226902, 0.49132468107923366, -0.26896295542366444]
2025-08-28 03:14:56,325 - DEBUG - 深度残差: 6.931471805599454
2025-08-28 03:14:56,325 - DEBUG - 眼球外残差: [0.06327539107729806, 0.01826603203577844, 0.014723470827852459, 0.00452190117783755, 0.0004394124380367921, 0.00012684744469290584, 0.00011241334879889733, 2.818465074527391e-05, 3.0514752641443894e-06, 8.808850325896239e-07, 2.5428960534536575e-07, 7.340708604913532e-08]
2025-08-28 03:14:56,326 - DEBUG - 求解线性方程组结果: [ 0.02470317 -0.00046511 -0.14262299  0.08164985]
2025-08-28 03:14:56,326 - DEBUG - 第2次LM优化，未裁剪前计算的步长：0.16618808279011832
2025-08-28 03:14:56,326 - DEBUG - 第2次LM优化，裁剪后计算的步长：0.16618808279011832
2025-08-28 03:14:56,326 - DEBUG - 第2次LM优化初始参数: 球心：[ 49.37566  -27.999855 609.5091  ], 半径：12.351316531062487
2025-08-28 03:14:56,326 - DEBUG - 第2次LM优化准备更新参数: 球心：[ 49.400364 -28.00032  609.36646 ], 半径：12.432966382351552
2025-08-28 03:14:56,326 - DEBUG - 表面残差: [0.13714901697517182, 0.09608509047365241, -0.16455546196973966, 0.09621446756374527, -0.16420231378209688]
2025-08-28 03:14:56,327 - DEBUG - 中心残差: [0.39528754235705477, 0.39542459159906407, -0.3864970657311121, 0.39581272286934266, -0.38543762116818375]
2025-08-28 03:14:56,327 - DEBUG - 深度残差: 6.931471805599454
2025-08-28 03:14:56,327 - DEBUG - 眼球外残差: [0.06327539107729806, 0.01826603203577844, 0.016064709660822196, 0.004944450595073239, 0.00046221091058843767, 0.00012684744469290584, 0.0001226063910878764, 3.079241168713262e-05, 3.0514752641443894e-06, 8.808850325896239e-07, 2.5428960534536575e-07, 7.340708604913532e-08]
2025-08-28 03:14:56,327 - DEBUG - 第2次LM优化，计算新目标函数值: 24.454242303111442
2025-08-28 03:14:56,327 - DEBUG - 目前的 置信度 {'surface_confidence': 0.9616549280090675, 'center_confidence': 0.971154281489324, 'fitting_confidence': 0.9662266290704263, 'constraint_confidence': 0.0, 'overall_confidence': 0.9662266290704263, 'weighted_confidence': 0.8696039661633838}
2025-08-28 03:14:56,327 - DEBUG - 检查更新是否有效: 24.454242303111442 <= 24.454242303111442 = True
2025-08-28 03:14:56,327 - DEBUG - 第2次LM优化，lambda_lm: 1e-05
2025-08-28 03:14:56,328 - DEBUG - ------------------------------------------------------------------------------------------------------
2025-08-28 03:14:56,328 - DEBUG - 第3次LM优化，计算残差：

2025-08-28 03:14:56,328 - DEBUG - 表面残差: [0.13714901697517182, 0.09608509047365241, -0.16455546196973966, 0.09621446756374527, -0.16420231378209688]
2025-08-28 03:14:56,328 - DEBUG - 中心残差: [0.39528754235705477, 0.39542459159906407, -0.3864970657311121, 0.39581272286934266, -0.38543762116818375]
2025-08-28 03:14:56,328 - DEBUG - 深度残差: 6.931471805599454
2025-08-28 03:14:56,328 - DEBUG - 眼球外残差: [0.06327539107729806, 0.01826603203577844, 0.016064709660822196, 0.004944450595073239, 0.00046221091058843767, 0.00012684744469290584, 0.0001226063910878764, 3.079241168713262e-05, 3.0514752641443894e-06, 8.808850325896239e-07, 2.5428960534536575e-07, 7.340708604913532e-08]
2025-08-28 03:14:56,329 - DEBUG - 求解线性方程组结果: [-7.26314462e-04  2.24352223e-04 -1.51668662e-04  6.88263994e-05]
2025-08-28 03:14:56,329 - DEBUG - 第3次LM优化，未裁剪前计算的步长：0.0007782076031705387
2025-08-28 03:14:56,329 - DEBUG - 第3次LM优化，裁剪后计算的步长：0.0007782076031705387
2025-08-28 03:14:56,329 - DEBUG - 第3次LM优化初始参数: 球心：[ 49.400364 -28.00032  609.36646 ], 半径：12.432966382351552
2025-08-28 03:14:56,329 - DEBUG - 第3次LM优化准备更新参数: 球心：[ 49.39964  -28.000095 609.36633 ], 半径：12.433035208750947
2025-08-28 03:14:56,329 - DEBUG - 表面残差: [0.13708714224293614, 0.09616495754175157, -0.16456908417420177, 0.09602924730738842, -0.16430037791016272]
2025-08-28 03:14:56,330 - DEBUG - 中心残差: [0.39516721261591947, 0.39572948725893325, -0.3864726378889267, 0.3953223565558438, -0.3856665190968096]
2025-08-28 03:14:56,330 - DEBUG - 深度残差: 6.931471805599454
2025-08-28 03:14:56,330 - DEBUG - 眼球外残差: [0.06327539107729806, 0.01826603203577844, 0.016066700350167246, 0.004944310371309919, 0.00046210143536833895, 0.00012684744469290584, 0.0001226133048134798, 3.0798947454146936e-05, 3.0514752641443894e-06, 8.808850325896239e-07, 2.5428960534536575e-07, 7.340708604913532e-08]
2025-08-28 03:14:56,330 - DEBUG - 第3次LM优化，计算新目标函数值: 24.454199962778173
2025-08-28 03:14:56,330 - DEBUG - 目前的 置信度 {'surface_confidence': 0.965624912441917, 'center_confidence': 0.9753809794075126, 'fitting_confidence': 0.9697325270903777, 'constraint_confidence': 0.0, 'overall_confidence': 0.9697325270903777, 'weighted_confidence': 0.8727592743813399}
2025-08-28 03:14:56,330 - DEBUG - 检查更新是否有效: 24.454199962778173 <= 24.454199962778173 = True
2025-08-28 03:14:56,330 - DEBUG - LM优化收敛，迭代次数: 4
2025-08-28 03:14:56,330 - DEBUG - LM优化收敛，最终参数: 球心：[ 49.39964  -28.000095 609.36633 ], 半径：12.433035208750947
2025-08-28 03:14:56,331 - DEBUG - ------------------------------------------------------------------------------------------------------
2025-08-28 03:14:56,331 - INFO - 拟合结果: left：
拟合结果：
 球心：[-22.894684 -25.509502 609.45935 ]
 半径：12.426084638509728
 置信度：0.8765139707601731
 收敛：True
 迭代次数：4
 最终残差范数：6.987341683697403
 使用策略：lm
2025-08-28 03:14:56,331 - INFO - 
================================================================================
2025-08-28 03:14:56,331 - INFO - LEFT眼距离分析报告
2025-08-28 03:14:56,331 - INFO - ================================================================================
2025-08-28 03:14:56,331 - INFO - 眼球中心: [-22.89, -25.51, 609.46] mm
2025-08-28 03:14:56,331 - INFO - 眼球半径: 12.43 mm
2025-08-28 03:14:56,331 - INFO - 拟合置信度: 0.877
2025-08-28 03:14:56,331 - INFO - 最终残差: 6.987
2025-08-28 03:14:56,331 - INFO - ================================================================================
2025-08-28 03:14:56,331 - INFO - 
【PUPIL】点分析 (1个点):
2025-08-28 03:14:56,332 - INFO - ------------------------------------------------------------
2025-08-28 03:14:56,332 - INFO -   点1: 距离球心=9.45976mm, 距离球面=-2.96633mm (球内), 可见性=0.9200000166893005
2025-08-28 03:14:56,332 - INFO -   统计: 1个球内, 0个球外
2025-08-28 03:14:56,332 - INFO - 
【IRIS】点分析 (4个点):
2025-08-28 03:14:56,332 - INFO - ------------------------------------------------------------
2025-08-28 03:14:56,333 - INFO -   点1: 距离球心=11.54700mm, 距离球面=-0.87909mm (球内), 可见性=0.9200000166893005
2025-08-28 03:14:56,333 - INFO -   点2: 距离球心=10.84741mm, 距离球面=-1.57867mm (球内), 可见性=0.9200000166893005
2025-08-28 03:14:56,333 - INFO -   点3: 距离球心=11.54622mm, 距离球面=-0.87987mm (球内), 可见性=0.9200000166893005
2025-08-28 03:14:56,333 - INFO -   点4: 距离球心=10.83092mm, 距离球面=-1.59516mm (球内), 可见性=0.9200000166893005
2025-08-28 03:14:56,334 - INFO -   统计: 4个球内, 0个球外
2025-08-28 03:14:56,334 - INFO - 
【INNER_CANTHUS】点分析 (1个点):
2025-08-28 03:14:56,334 - INFO - ------------------------------------------------------------
2025-08-28 03:14:56,334 - INFO -   点1: 距离球心=19.85180mm, 距离球面=+7.42572mm (球外), 可见性=0.9200000166893005
2025-08-28 03:14:56,335 - INFO -   统计: 0个球内, 1个球外
2025-08-28 03:14:56,335 - INFO - 
【UPPER_EYELID】点分析 (5个点):
2025-08-28 03:14:56,335 - INFO - ------------------------------------------------------------
2025-08-28 03:14:56,335 - INFO -   点1: 距离球心=14.90634mm, 距离球面=+2.48025mm (球外), 可见性=0.9200000166893005
2025-08-28 03:14:56,335 - INFO -   点2: 距离球心=11.33090mm, 距离球面=-1.09519mm (球内), 可见性=0.9200000166893005
2025-08-28 03:14:56,335 - INFO -   点3: 距离球心=9.73110mm, 距离球面=-2.69498mm (球内), 可见性=0.9200000166893005
2025-08-28 03:14:56,335 - INFO -   点4: 距离球心=10.62895mm, 距离球面=-1.79713mm (球内), 可见性=0.9200000166893005
2025-08-28 03:14:56,335 - INFO -   点5: 距离球心=18.14005mm, 距离球面=+5.71397mm (球外), 可见性=0.9200000166893005
2025-08-28 03:14:56,335 - INFO -   统计: 3个球内, 2个球外
2025-08-28 03:14:56,335 - INFO - 
【LOWER_EYELID】点分析 (5个点):
2025-08-28 03:14:56,336 - INFO - ------------------------------------------------------------
2025-08-28 03:14:56,336 - INFO -   点1: 距离球心=10.07028mm, 距离球面=-2.35581mm (球内), 可见性=0.9200000166893005
2025-08-28 03:14:56,336 - INFO -   点2: 距离球心=12.09941mm, 距离球面=-0.32668mm (球内), 可见性=0.9200000166893005
2025-08-28 03:14:56,336 - INFO -   点3: 距离球心=15.48746mm, 距离球面=+3.06138mm (球外), 可见性=0.9200000166893005
2025-08-28 03:14:56,336 - INFO -   点4: 距离球心=18.26120mm, 距离球面=+5.83512mm (球外), 可见性=0.9200000166893005
2025-08-28 03:14:56,337 - INFO -   点5: 距离球心=12.64585mm, 距离球面=+0.21977mm (球外), 可见性=0.9200000166893005
2025-08-28 03:14:56,337 - INFO -   统计: 2个球内, 3个球外
2025-08-28 03:14:56,337 - INFO - 
【OUTER_CANTHUS】点分析 (1个点):
2025-08-28 03:14:56,338 - INFO - ------------------------------------------------------------
2025-08-28 03:14:56,338 - INFO -   点1: 距离球心=14.33022mm, 距离球面=+1.90414mm (球外), 可见性=0.9200000166893005
2025-08-28 03:14:56,338 - INFO -   统计: 0个球内, 1个球外
2025-08-28 03:14:56,338 - INFO - 
================================================================================
2025-08-28 03:14:56,338 - INFO - LEFT眼总体统计:
2025-08-28 03:14:56,339 - INFO - 总点数: 17
2025-08-28 03:14:56,339 - INFO - 球内点数: 10 (58.82353%)
2025-08-28 03:14:56,339 - INFO - 球外点数: 7 (41.17647%)
2025-08-28 03:14:56,339 - INFO - ================================================================================
2025-08-28 03:14:56,339 - INFO - 拟合结果: right：
拟合结果：
 球心：[ 49.39964  -28.000095 609.36633 ]
 半径：12.433035208750947
 置信度：0.872757726652702
 收敛：True
 迭代次数：4
 最终残差范数：6.993460131167038
 使用策略：lm
2025-08-28 03:14:56,339 - INFO - 
================================================================================
2025-08-28 03:14:56,340 - INFO - RIGHT眼距离分析报告
2025-08-28 03:14:56,340 - INFO - ================================================================================
2025-08-28 03:14:56,340 - INFO - 眼球中心: [49.40, -28.00, 609.37] mm
2025-08-28 03:14:56,340 - INFO - 眼球半径: 12.43 mm
2025-08-28 03:14:56,341 - INFO - 拟合置信度: 0.873
2025-08-28 03:14:56,341 - INFO - 最终残差: 6.993
2025-08-28 03:14:56,341 - INFO - ================================================================================
2025-08-28 03:14:56,341 - INFO - 
【PUPIL】点分析 (1个点):
2025-08-28 03:14:56,341 - INFO - ------------------------------------------------------------
2025-08-28 03:14:56,341 - INFO -   点1: 距离球心=9.36654mm, 距离球面=-3.06649mm (球内), 可见性=0.9200000166893005
2025-08-28 03:14:56,341 - INFO -   统计: 1个球内, 0个球外
2025-08-28 03:14:56,341 - INFO - 
【IRIS】点分析 (4个点):
2025-08-28 03:14:56,341 - INFO - ------------------------------------------------------------
2025-08-28 03:14:56,341 - INFO -   点1: 距离球心=11.63714mm, 距离球面=-0.79590mm (球内), 可见性=0.9200000166893005
2025-08-28 03:14:56,341 - INFO -   点2: 距离球心=10.81262mm, 距离球面=-1.62041mm (球内), 可见性=0.9200000166893005
2025-08-28 03:14:56,341 - INFO -   点3: 距离球心=11.63671mm, 距离球面=-0.79633mm (球内), 可见性=0.9200000166893005
2025-08-28 03:14:56,342 - INFO -   点4: 距离球心=10.81347mm, 距离球面=-1.61956mm (球内), 可见性=0.9200000166893005
2025-08-28 03:14:56,342 - INFO -   统计: 4个球内, 0个球外
2025-08-28 03:14:56,342 - INFO - 
【INNER_CANTHUS】点分析 (1个点):
2025-08-28 03:14:56,342 - INFO - ------------------------------------------------------------
2025-08-28 03:14:56,342 - INFO -   点1: 距离球心=17.03835mm, 距离球面=+4.60531mm (球外), 可见性=0.9200000166893005
2025-08-28 03:14:56,342 - INFO -   统计: 0个球内, 1个球外
2025-08-28 03:14:56,342 - INFO - 
【UPPER_EYELID】点分析 (5个点):
2025-08-28 03:14:56,342 - INFO - ------------------------------------------------------------
2025-08-28 03:14:56,342 - INFO -   点1: 距离球心=12.82624mm, 距离球面=+0.39320mm (球外), 可见性=0.9200000166893005
2025-08-28 03:14:56,342 - INFO -   点2: 距离球心=10.44998mm, 距离球面=-1.98306mm (球内), 可见性=0.9200000166893005
2025-08-28 03:14:56,343 - INFO -   点3: 距离球心=10.29276mm, 距离球面=-2.14028mm (球内), 可见性=0.9200000166893005
2025-08-28 03:14:56,343 - INFO -   点4: 距离球心=12.36269mm, 距离球面=-0.07034mm (球内), 可见性=0.9200000166893005
2025-08-28 03:14:56,343 - INFO -   点5: 距离球心=15.50062mm, 距离球面=+3.06758mm (球外), 可见性=0.9200000166893005
2025-08-28 03:14:56,343 - INFO -   统计: 3个球内, 2个球外
2025-08-28 03:14:56,343 - INFO - 
【LOWER_EYELID】点分析 (5个点):
2025-08-28 03:14:56,343 - INFO - ------------------------------------------------------------
2025-08-28 03:14:56,343 - INFO -   点1: 距离球心=10.21539mm, 距离球面=-2.21765mm (球内), 可见性=0.9200000166893005
2025-08-28 03:14:56,343 - INFO -   点2: 距离球心=10.55584mm, 距离球面=-1.87720mm (球内), 可见性=0.9200000166893005
2025-08-28 03:14:56,344 - INFO -   点3: 距离球心=12.99509mm, 距离球面=+0.56206mm (球外), 可见性=0.9200000166893005
2025-08-28 03:14:56,344 - INFO -   点4: 距离球心=15.50852mm, 距离球面=+3.07548mm (球外), 可见性=0.9200000166893005
2025-08-28 03:14:56,344 - INFO -   点5: 距离球心=14.19619mm, 距离球面=+1.76316mm (球外), 可见性=0.9200000166893005
2025-08-28 03:14:56,344 - INFO -   统计: 2个球内, 3个球外
2025-08-28 03:14:56,344 - INFO - 
【OUTER_CANTHUS】点分析 (1个点):
2025-08-28 03:14:56,344 - INFO - ------------------------------------------------------------
2025-08-28 03:14:56,344 - INFO -   点1: 距离球心=16.20350mm, 距离球面=+3.77046mm (球外), 可见性=0.9200000166893005
2025-08-28 03:14:56,345 - INFO -   统计: 0个球内, 1个球外
2025-08-28 03:14:56,345 - INFO - 
================================================================================
2025-08-28 03:14:56,345 - INFO - RIGHT眼总体统计:
2025-08-28 03:14:56,345 - INFO - 总点数: 17
2025-08-28 03:14:56,345 - INFO - 球内点数: 10 (58.82353%)
2025-08-28 03:14:56,345 - INFO - 球外点数: 7 (41.17647%)
2025-08-28 03:14:56,345 - INFO - ================================================================================
