2025-08-28 03:11:47,894 - INFO - 日志文件创建: logs\recognition_20250828_031147.log
2025-08-28 03:11:49,934 - DEBUG - 深度图范围: min=600.000000, max=600.000000
2025-08-28 03:11:49,935 - DEBUG - 检测到毫米单位，乘以depth_scale=0.001
2025-08-28 03:11:49,937 - INFO - 批量转换完成：成功 1/1 个关键点
2025-08-28 03:11:49,938 - INFO - 批量转换完成：成功 4/4 个关键点
2025-08-28 03:11:49,938 - INFO - 批量转换完成：成功 1/1 个关键点
2025-08-28 03:11:49,938 - INFO - 批量转换完成：成功 5/5 个关键点
2025-08-28 03:11:49,949 - INFO - 批量转换完成：成功 5/5 个关键点
2025-08-28 03:11:49,949 - INFO - 批量转换完成：成功 1/1 个关键点
2025-08-28 03:11:49,949 - INFO - 批量转换完成：成功 1/1 个关键点
2025-08-28 03:11:49,950 - INFO - 批量转换完成：成功 4/4 个关键点
2025-08-28 03:11:49,950 - INFO - 批量转换完成：成功 1/1 个关键点
2025-08-28 03:11:49,951 - INFO - 批量转换完成：成功 5/5 个关键点
2025-08-28 03:11:49,951 - INFO - 批量转换完成：成功 5/5 个关键点
2025-08-28 03:11:49,951 - INFO - 批量转换完成：成功 1/1 个关键点
2025-08-28 03:11:49,952 - INFO - 帧 0: 更新拟合数据
2025-08-28 03:11:49,974 - INFO - --------------------------------------------------
2025-08-28 03:11:49,974 - INFO - 开始拟合...
2025-08-28 03:11:49,974 - DEBUG - RANSAC各点类型阈值设置：
2025-08-28 03:11:49,974 - DEBUG -   pupil 表面阈值: (-4.5, -2.5) -> 1.0000
2025-08-28 03:11:49,977 - DEBUG -   pupil 中心阈值: (7.95, 9.95) -> 1.0000
2025-08-28 03:11:49,978 - DEBUG -   iris 表面阈值: (-1.8, -0.4) -> 0.7000
2025-08-28 03:11:49,979 - DEBUG -   iris 中心阈值: (10.4, 12.04) -> 0.8200
2025-08-28 03:11:49,982 - DEBUG -   inner_canthus 表面阈值: (4.0, 8.0) -> 2.0000
2025-08-28 03:11:49,983 - DEBUG -   inner_canthus 中心阈值: (16.0, 20.0) -> 2.0000
2025-08-28 03:11:49,983 - DEBUG -   upper_eyelid 表面阈值: (0.0, 2.0) -> 1.0000
2025-08-28 03:11:49,984 - DEBUG -   upper_eyelid 中心阈值: (11.3, 13.3) -> 1.0000
2025-08-28 03:11:49,985 - DEBUG -   lower_eyelid 表面阈值: (0.2, 1.6) -> 0.7000
2025-08-28 03:11:49,986 - DEBUG -   lower_eyelid 中心阈值: (12.0, 14.0) -> 1.0000
2025-08-28 03:11:49,987 - DEBUG -   outer_canthus 表面阈值: (2.5, 6.7) -> 2.1000
2025-08-28 03:11:49,987 - DEBUG -   outer_canthus 中心阈值: (14.9, 18.9) -> 2.0000
2025-08-28 03:11:49,988 - DEBUG - RANSAC各点类型阈值设置：
2025-08-28 03:11:49,988 - DEBUG -   pupil 表面阈值: (-4.5, -2.5) -> 1.0000
2025-08-28 03:11:49,989 - DEBUG -   pupil 中心阈值: (7.95, 9.95) -> 1.0000
2025-08-28 03:11:49,990 - DEBUG -   iris 表面阈值: (-1.8, -0.4) -> 0.7000
2025-08-28 03:11:49,990 - DEBUG -   iris 中心阈值: (10.4, 12.04) -> 0.8200
2025-08-28 03:11:49,991 - DEBUG -   inner_canthus 表面阈值: (4.0, 8.0) -> 2.0000
2025-08-28 03:11:49,992 - DEBUG -   inner_canthus 中心阈值: (16.0, 20.0) -> 2.0000
2025-08-28 03:11:49,992 - DEBUG -   upper_eyelid 表面阈值: (0.0, 2.0) -> 1.0000
2025-08-28 03:11:49,993 - DEBUG -   upper_eyelid 中心阈值: (11.3, 13.3) -> 1.0000
2025-08-28 03:11:49,994 - DEBUG -   lower_eyelid 表面阈值: (0.2, 1.6) -> 0.7000
2025-08-28 03:11:49,995 - DEBUG -   lower_eyelid 中心阈值: (12.0, 14.0) -> 1.0000
2025-08-28 03:11:49,996 - DEBUG -   outer_canthus 表面阈值: (2.5, 6.7) -> 2.1000
2025-08-28 03:11:49,997 - DEBUG -   outer_canthus 中心阈值: (14.9, 18.9) -> 2.0000
2025-08-28 03:11:49,999 - DEBUG - left眼数据统计:
2025-08-28 03:11:49,999 - DEBUG -   拟合点数量: 5
2025-08-28 03:11:50,000 - DEBUG -   约束点数量: 12
2025-08-28 03:11:50,000 - DEBUG -   总点数: 17
2025-08-28 03:11:50,001 - DEBUG -   平均可见性: 0.920
2025-08-28 03:11:50,001 - DEBUG -   可见性样本数: 17
2025-08-28 03:11:50,001 - DEBUG - left眼数据质量: {'point_count': 17, 'fitting_point_count': 5, 'constraint_point_count': 12, 'visibility': 0.9200000166893005}
2025-08-28 03:11:50,001 - INFO - 数据质量: {'point_count': 17, 'fitting_point_count': 5, 'constraint_point_count': 12, 'visibility': 0.9200000166893005}
2025-08-28 03:11:50,002 - DEBUG - 可用策略数量: 4
2025-08-28 03:11:50,003 - DEBUG - 策略 1: high_quality
2025-08-28 03:11:50,004 - DEBUG -   最小点数: 8, 最小可见性: 0.9
2025-08-28 03:11:50,005 - DEBUG -   当前点数: 17, 当前可见性: 0.920
2025-08-28 03:11:50,006 - DEBUG -  当前点数: 17, 当前可见性: 0.920
2025-08-28 03:11:50,007 - INFO - 选择策略: high_quality
2025-08-28 03:11:50,010 - DEBUG - 虹膜点拟合外接圆，圆心：[ -7.19464   -2.025432 600.      ]，半径：5.50925350189209
2025-08-28 03:11:50,011 - DEBUG - ------------------------------------------------------------------------------------------------------
2025-08-28 03:11:50,012 - DEBUG - 第0次LM优化，计算残差：

2025-08-28 03:11:50,013 - DEBUG - 表面残差: [0.47434164902519704, 0.4743416490251818, 0.4743416490251873, 0.4743416490251955, 0.47434164902517756]
2025-08-28 03:11:50,013 - DEBUG - 中心残差: [0.9266908212575385, -0.4743784898302109, 1.1110144520941952e-05, 0.8650489528778578, -0.7939371881549178]
2025-08-28 03:11:50,013 - DEBUG - 深度残差: 2.191923844293413
2025-08-28 03:11:50,013 - DEBUG - 眼球外残差: [0.20009435564215727, 0.057762265046662105, 0.01667452963684644, 0.004813522087221842, 0.00138954413640387, 0.00040112684060182016, 0.0001157953447003225, 3.3427236716818344e-05, 9.649612058360209e-06, 2.7856030597348627e-06, 8.04134338196684e-07, 2.3213358831123854e-07]
2025-08-28 03:11:50,018 - DEBUG - 求解线性方程组结果: [-1.58596359 -1.08482851  0.26890383  6.75774879]
2025-08-28 03:11:50,018 - DEBUG - 第0次LM优化，未裁剪前计算的步长：7.03076179693274
2025-08-28 03:11:50,018 - DEBUG - 第0次LM优化，裁剪后计算的步长：4.0
2025-08-28 03:11:50,019 - DEBUG - 第0次LM优化初始参数: 球心：[ -7.19464   -2.025432 609.7743  ], 半径：5.50925350189209
2025-08-28 03:11:50,019 - DEBUG - 第0次LM优化准备更新参数: 球心：[ -8.09694    -2.6426218 609.9273   ], 半径：9.353928653462177
2025-08-28 03:11:50,019 - DEBUG - 表面残差: [0.47434164902514103, 0.4743416490250945, 0.47434164902508236, 0.4743416490251211, 0.4743416490250612]
2025-08-28 03:11:50,020 - DEBUG - 中心残差: [0.9470175001604515, -0.04213958391377849, -0.23638978497182056, 0.4984349926249671, -0.514821949140222]
2025-08-28 03:11:50,020 - DEBUG - 深度残差: 2.191923844293413
2025-08-28 03:11:50,021 - DEBUG - 眼球外残差: [0.20009435564215727, 0.057762265046662105, 0.01667452963684644, 0.004813522087221842, 0.00138954413640387, 0.00040112684060182016, 0.0001157953447003225, 3.3427236716818344e-05, 9.649612058360209e-06, 2.7856030597348627e-06, 8.04134338196684e-07, 2.3213358831123854e-07]
2025-08-28 03:11:50,021 - DEBUG - 第0次LM优化，计算新目标函数值: 3.720592393836146
2025-08-28 03:11:50,023 - DEBUG - 目前的 置信度 {'surface_confidence': 0.0004118220792537337, 'center_confidence': 0.9279689033370303, 'fitting_confidence': 0.08323372099934293, 'constraint_confidence': 0.0, 'overall_confidence': 0.08323372099934293, 'weighted_confidence': 0.07491034889940863}
2025-08-28 03:11:50,024 - DEBUG - 检查更新是否有效: 3.720592393836146 <= 3.720592393836146 = True
2025-08-28 03:11:50,024 - DEBUG - 第0次LM优化，lambda_lm: 0.001
2025-08-28 03:11:50,024 - DEBUG - ------------------------------------------------------------------------------------------------------
2025-08-28 03:11:50,025 - DEBUG - 第1次LM优化，计算残差：

2025-08-28 03:11:50,025 - DEBUG - 表面残差: [0.47434164902514103, 0.4743416490250945, 0.47434164902508236, 0.4743416490251211, 0.4743416490250612]
2025-08-28 03:11:50,026 - DEBUG - 中心残差: [0.9470175001604515, -0.04213958391377849, -0.23638978497182056, 0.4984349926249671, -0.514821949140222]
2025-08-28 03:11:50,026 - DEBUG - 深度残差: 2.191923844293413
2025-08-28 03:11:50,026 - DEBUG - 眼球外残差: [0.20009435564215727, 0.057762265046662105, 0.01667452963684644, 0.004813522087221842, 0.00138954413640387, 0.00040112684060182016, 0.0001157953447003225, 3.3427236716818344e-05, 9.649612058360209e-06, 2.7856030597348627e-06, 8.04134338196684e-07, 2.3213358831123854e-07]
2025-08-28 03:11:50,026 - DEBUG - 求解线性方程组结果: [-0.64178117 -0.37201972 -0.02665111  2.88888778]
2025-08-28 03:11:50,026 - DEBUG - 第1次LM优化，未裁剪前计算的步长：2.9827277190950663
2025-08-28 03:11:50,026 - DEBUG - 第1次LM优化，裁剪后计算的步长：2.9827277190950663
2025-08-28 03:11:50,027 - DEBUG - 第1次LM优化初始参数: 球心：[ -8.09694    -2.6426218 609.9273   ], 半径：9.353928653462177
2025-08-28 03:11:50,027 - DEBUG - 第1次LM优化准备更新参数: 球心：[ -8.738721   -3.0146415 609.90063  ], 半径：12.242816435552509
2025-08-28 03:11:50,027 - DEBUG - 表面残差: [0.36633183775774275, 0.09329297924991209, -0.12123353713517931, 0.08311410851607848, -0.10878287707810654]
2025-08-28 03:11:50,027 - DEBUG - 中心残差: [0.902443926051322, 0.2066561792743976, -0.43692336988087654, 0.17611956707289678, -0.3995713897096582]
2025-08-28 03:11:50,027 - DEBUG - 深度残差: 2.191923844293413
2025-08-28 03:11:50,027 - DEBUG - 眼球外残差: [0.20009435564215727, 0.057762265046662105, 0.03647580621505836, 0.015751458233684935, 0.0029497754435723208, 0.00040112684060182016, 0.00032230183336384586, 5.20683156771887e-05, 9.649612058360209e-06, 2.7856030597348627e-06, 8.04134338196684e-07, 2.3213358831123854e-07]
2025-08-28 03:11:50,027 - DEBUG - 第1次LM优化，计算新目标函数值: 3.1322615055579592
2025-08-28 03:11:50,028 - DEBUG - 目前的 置信度 {'surface_confidence': 0.17812099245408927, 'center_confidence': 0.9605827887240436, 'fitting_confidence': 0.17165010378520207, 'constraint_confidence': 0.0, 'overall_confidence': 0.17165010378520207, 'weighted_confidence': 0.15448509340668187}
2025-08-28 03:11:50,028 - DEBUG - 检查更新是否有效: 3.1322615055579592 <= 3.1322615055579592 = True
2025-08-28 03:11:50,028 - DEBUG - 第1次LM优化，lambda_lm: 0.0001
2025-08-28 03:11:50,028 - DEBUG - ------------------------------------------------------------------------------------------------------
2025-08-28 03:11:50,028 - DEBUG - 第2次LM优化，计算残差：

2025-08-28 03:11:50,028 - DEBUG - 表面残差: [0.36633183775774275, 0.09329297924991209, -0.12123353713517931, 0.08311410851607848, -0.10878287707810654]
2025-08-28 03:11:50,028 - DEBUG - 中心残差: [0.902443926051322, 0.2066561792743976, -0.43692336988087654, 0.17611956707289678, -0.3995713897096582]
2025-08-28 03:11:50,028 - DEBUG - 深度残差: 2.191923844293413
2025-08-28 03:11:50,028 - DEBUG - 眼球外残差: [0.20009435564215727, 0.057762265046662105, 0.03647580621505836, 0.015751458233684935, 0.0029497754435723208, 0.00040112684060182016, 0.00032230183336384586, 5.20683156771887e-05, 9.649612058360209e-06, 2.7856030597348627e-06, 8.04134338196684e-07, 2.3213358831123854e-07]
2025-08-28 03:11:50,028 - DEBUG - 求解线性方程组结果: [ 0.04434036  0.07179311 -0.02670218  0.17105349]
2025-08-28 03:11:50,028 - DEBUG - 第2次LM优化，未裁剪前计算的步长：0.19259444841999984
2025-08-28 03:11:50,028 - DEBUG - 第2次LM优化，裁剪后计算的步长：0.19259444841999984
2025-08-28 03:11:50,028 - DEBUG - 第2次LM优化初始参数: 球心：[ -8.738721   -3.0146415 609.90063  ], 半径：12.242816435552509
2025-08-28 03:11:50,028 - DEBUG - 第2次LM优化准备更新参数: 球心：[ -8.694381   -2.9428484 609.87396  ], 半径：12.413869927327726
2025-08-28 03:11:50,028 - DEBUG - 表面残差: [0.3036193585192404, 0.025838482844462583, -0.1737128615461028, 0.02754993968893123, -0.18006379893599977]
2025-08-28 03:11:50,028 - DEBUG - 中心残差: [0.8765820790561838, 0.1665682807784181, -0.43208575239327807, 0.17170265131182402, -0.4511385645629689]
2025-08-28 03:11:50,028 - DEBUG - 深度残差: 2.191923844293413
2025-08-28 03:11:50,028 - DEBUG - 眼球外残差: [0.20009435564215727, 0.057762265046662105, 0.04029728414925433, 0.01689720306037737, 0.003214488600804854, 0.00040112684060182016, 0.00035449065590665896, 5.972096894002713e-05, 9.649612058360209e-06, 2.7856030597348627e-06, 8.04134338196684e-07, 2.3213358831123854e-07]
2025-08-28 03:11:50,028 - DEBUG - 第2次LM优化，计算新目标函数值: 3.110940943180205
2025-08-28 03:11:50,028 - DEBUG - 目前的 置信度 {'surface_confidence': 0.9557262202991943, 'center_confidence': 0.9672330899699391, 'fitting_confidence': 0.9607990041721003, 'constraint_confidence': 0.0, 'overall_confidence': 0.9607990041721003, 'weighted_confidence': 0.8647191037548903}
2025-08-28 03:11:50,028 - DEBUG - 检查更新是否有效: 3.110940943180205 <= 3.110940943180205 = True
2025-08-28 03:11:50,028 - DEBUG - 第2次LM优化，lambda_lm: 1e-05
2025-08-28 03:11:50,028 - DEBUG - ------------------------------------------------------------------------------------------------------
2025-08-28 03:11:50,028 - DEBUG - 第3次LM优化，计算残差：

2025-08-28 03:11:50,028 - DEBUG - 表面残差: [0.3036193585192404, 0.025838482844462583, -0.1737128615461028, 0.02754993968893123, -0.18006379893599977]
2025-08-28 03:11:50,028 - DEBUG - 中心残差: [0.8765820790561838, 0.1665682807784181, -0.43208575239327807, 0.17170265131182402, -0.4511385645629689]
2025-08-28 03:11:50,028 - DEBUG - 深度残差: 2.191923844293413
2025-08-28 03:11:50,028 - DEBUG - 眼球外残差: [0.20009435564215727, 0.057762265046662105, 0.04029728414925433, 0.01689720306037737, 0.003214488600804854, 0.00040112684060182016, 0.00035449065590665896, 5.972096894002713e-05, 9.649612058360209e-06, 2.7856030597348627e-06, 8.04134338196684e-07, 2.3213358831123854e-07]
2025-08-28 03:11:50,032 - DEBUG - 求解线性方程组结果: [-0.00324854 -0.01172418 -0.00061784 -0.00031942]
2025-08-28 03:11:50,032 - DEBUG - 第3次LM优化，未裁剪前计算的步长：0.012185779419504387
2025-08-28 03:11:50,032 - DEBUG - 第3次LM优化，裁剪后计算的步长：0.012185779419504387
2025-08-28 03:11:50,032 - DEBUG - 第3次LM优化初始参数: 球心：[ -8.694381   -2.9428484 609.87396  ], 半径：12.413869927327726
2025-08-28 03:11:50,032 - DEBUG - 第3次LM优化准备更新参数: 球心：[ -8.697629   -2.9545727 609.87335  ], 半径：12.41355051029638
2025-08-28 03:11:50,032 - DEBUG - 表面残差: [0.30353972165263826, 0.026121343092759368, -0.17529194571326848, 0.027144296681558953, -0.17864851217651712]
2025-08-28 03:11:50,032 - DEBUG - 中心残差: [0.876040142853627, 0.16711383592055795, -0.4371260304975255, 0.1701826966869567, -0.44719572988727146]
2025-08-28 03:11:50,032 - DEBUG - 深度残差: 2.191923844293413
2025-08-28 03:11:50,033 - DEBUG - 眼球外残差: [0.20009435564215727, 0.057762265046662105, 0.04031960607414878, 0.016914000939135768, 0.0032191418308980505, 0.00040112684060182016, 0.0003539574762483555, 5.958129979490354e-05, 9.649612058360209e-06, 2.7856030597348627e-06, 8.04134338196684e-07, 2.3213358831123854e-07]
2025-08-28 03:11:50,033 - DEBUG - 第3次LM优化，计算新目标函数值: 3.11071176860548
2025-08-28 03:11:50,033 - DEBUG - 目前的 置信度 {'surface_confidence': 0.9548419136926602, 'center_confidence': 0.9674476546853394, 'fitting_confidence': 0.9603565202285201, 'constraint_confidence': 0.0, 'overall_confidence': 0.9603565202285201, 'weighted_confidence': 0.8643208682056681}
2025-08-28 03:11:50,034 - DEBUG - 检查更新是否有效: 3.11071176860548 <= 3.11071176860548 = True
2025-08-28 03:11:50,034 - DEBUG - LM优化收敛，迭代次数: 4
2025-08-28 03:11:50,034 - DEBUG - LM优化收敛，最终参数: 球心：[ -8.697629   -2.9545727 609.87335  ], 半径：12.41355051029638
2025-08-28 03:11:50,034 - DEBUG - ------------------------------------------------------------------------------------------------------
2025-08-28 03:11:50,035 - DEBUG - right眼数据统计:
2025-08-28 03:11:50,035 - DEBUG -   拟合点数量: 5
2025-08-28 03:11:50,035 - DEBUG -   约束点数量: 12
2025-08-28 03:11:50,036 - DEBUG -   总点数: 17
2025-08-28 03:11:50,036 - DEBUG -   平均可见性: 0.920
2025-08-28 03:11:50,038 - DEBUG -   可见性样本数: 17
2025-08-28 03:11:50,038 - DEBUG - right眼数据质量: {'point_count': 17, 'fitting_point_count': 5, 'constraint_point_count': 12, 'visibility': 0.9200000166893005}
2025-08-28 03:11:50,039 - INFO - 数据质量: {'point_count': 17, 'fitting_point_count': 5, 'constraint_point_count': 12, 'visibility': 0.9200000166893005}
2025-08-28 03:11:50,039 - DEBUG - 可用策略数量: 4
2025-08-28 03:11:50,039 - DEBUG - 策略 1: high_quality
2025-08-28 03:11:50,039 - DEBUG -   最小点数: 8, 最小可见性: 0.9
2025-08-28 03:11:50,039 - DEBUG -   当前点数: 17, 当前可见性: 0.920
2025-08-28 03:11:50,040 - DEBUG -  当前点数: 17, 当前可见性: 0.920
2025-08-28 03:11:50,040 - INFO - 选择策略: high_quality
2025-08-28 03:11:50,041 - DEBUG - 虹膜点拟合外接圆，圆心：[ 53.954754   -6.0670505 600.       ]，半径：6.2173991203308105
2025-08-28 03:11:50,041 - DEBUG - ------------------------------------------------------------------------------------------------------
2025-08-28 03:11:50,041 - DEBUG - 第0次LM优化，计算残差：

2025-08-28 03:11:50,042 - DEBUG - 表面残差: [0.4743416490251882, 0.47434164902517917, 0.47434164902515147, 0.4743416490251794, 0.47434164902518433]
2025-08-28 03:11:50,042 - DEBUG - 中心残差: [0.6396247719789534, 6.177529868318558e-05, -1.4230249470748824, 0.014008263716736498, 0.4104287151102542]
2025-08-28 03:11:50,042 - DEBUG - 深度残差: 2.191923844293413
2025-08-28 03:11:50,042 - DEBUG - 眼球外残差: [0.20009435564215727, 0.057762265046662105, 0.01667452963684644, 0.004813522087221842, 0.00138954413640387, 0.00040112684060182016, 0.0001157953447003225, 3.3427236716818344e-05, 9.649612058360209e-06, 2.7856030597348627e-06, 8.04134338196684e-07, 2.3213358831123854e-07]
2025-08-28 03:11:50,043 - DEBUG - 求解线性方程组结果: [-0.22937535  2.49819513  0.74239661  6.04399263]
2025-08-28 03:11:50,043 - DEBUG - 第0次LM优化，未裁剪前计算的步长：6.585938928205591
2025-08-28 03:11:50,043 - DEBUG - 第0次LM优化，裁剪后计算的步长：3.9999999999999996
2025-08-28 03:11:50,043 - DEBUG - 第0次LM优化初始参数: 球心：[ 53.954754   -6.0670505 609.33984  ], 半径：6.2173991203308105
2025-08-28 03:11:50,043 - DEBUG - 第0次LM优化准备更新参数: 球心：[ 53.81544    -4.5497603 609.7908   ], 半径：9.888245566142437
2025-08-28 03:11:50,043 - DEBUG - 表面残差: [0.47434164902511883, 0.47434164902507536, 0.4743416490249812, 0.4743416490250755, 0.47434164902506043]
2025-08-28 03:11:50,044 - DEBUG - 中心残差: [0.828580464427041, 0.17144842080611705, -0.6742896171309879, 0.17410200825536457, -0.016477683330602094]
2025-08-28 03:11:50,044 - DEBUG - 深度残差: 2.191923844293413
2025-08-28 03:11:50,044 - DEBUG - 眼球外残差: [0.20009435564215727, 0.057762265046662105, 0.01667452963684644, 0.004813522087221842, 0.00138954413640387, 0.00040112684060182016, 0.0001157953447003225, 3.3427236716818344e-05, 9.649612058360209e-06, 2.7856030597348627e-06, 8.04134338196684e-07, 2.3213358831123854e-07]
2025-08-28 03:11:50,044 - DEBUG - 第0次LM优化，计算新目标函数值: 3.5871986720125575
2025-08-28 03:11:50,044 - DEBUG - 目前的 置信度 {'surface_confidence': 0.004032764196659981, 'center_confidence': 0.9186210078141471, 'fitting_confidence': 0.08666373248120204, 'constraint_confidence': 0.0, 'overall_confidence': 0.08666373248120204, 'weighted_confidence': 0.07799735923308185}
2025-08-28 03:11:50,044 - DEBUG - 检查更新是否有效: 3.5871986720125575 <= 3.5871986720125575 = True
2025-08-28 03:11:50,044 - DEBUG - 第0次LM优化，lambda_lm: 0.001
2025-08-28 03:11:50,044 - DEBUG - ------------------------------------------------------------------------------------------------------
2025-08-28 03:11:50,044 - DEBUG - 第1次LM优化，计算残差：

2025-08-28 03:11:50,044 - DEBUG - 表面残差: [0.47434164902511883, 0.47434164902507536, 0.4743416490249812, 0.4743416490250755, 0.47434164902506043]
2025-08-28 03:11:50,044 - DEBUG - 中心残差: [0.828580464427041, 0.17144842080611705, -0.6742896171309879, 0.17410200825536457, -0.016477683330602094]
2025-08-28 03:11:50,044 - DEBUG - 深度残差: 2.191923844293413
2025-08-28 03:11:50,044 - DEBUG - 眼球外残差: [0.20009435564215727, 0.057762265046662105, 0.01667452963684644, 0.004813522087221842, 0.00138954413640387, 0.00040112684060182016, 0.0001157953447003225, 3.3427236716818344e-05, 9.649612058360209e-06, 2.7856030597348627e-06, 8.04134338196684e-07, 2.3213358831123854e-07]
2025-08-28 03:11:50,044 - DEBUG - 求解线性方程组结果: [-0.08622252  0.92877036  0.03432918  2.35568947]
2025-08-28 03:11:50,044 - DEBUG - 第1次LM优化，未裁剪前计算的步长：2.5338705747827337
2025-08-28 03:11:50,044 - DEBUG - 第1次LM优化，裁剪后计算的步长：2.5338705747827337
2025-08-28 03:11:50,044 - DEBUG - 第1次LM优化初始参数: 球心：[ 53.81544    -4.5497603 609.7908   ], 半径：9.888245566142437
2025-08-28 03:11:50,044 - DEBUG - 第1次LM优化准备更新参数: 球心：[ 53.729218  -3.62099  609.8251  ], 半径：12.243935038001117
2025-08-28 03:11:50,047 - DEBUG - 表面残差: [0.3422312262171953, 0.08391722971606534, -0.07276958478345044, 0.08223954964103819, -0.1051648240391293]
2025-08-28 03:11:50,047 - DEBUG - 中心残差: [0.8312032908898329, 0.17959013013301045, -0.29047031336553686, 0.174557089907929, -0.3876560311325734]
2025-08-28 03:11:50,047 - DEBUG - 深度残差: 2.191923844293413
2025-08-28 03:11:50,047 - DEBUG - 眼球外残差: [0.20009435564215727, 0.057762265046662105, 0.03416794427464665, 0.011693697431135673, 0.0014434819953345935, 0.00040112684060182016, 0.0003270547205223276, 7.375520965201507e-05, 9.649612058360209e-06, 2.7856030597348627e-06, 8.04134338196684e-07, 2.3213358831123854e-07]
2025-08-28 03:11:50,047 - DEBUG - 第1次LM优化，计算新目标函数值: 2.9923827660828697
2025-08-28 03:11:50,047 - DEBUG - 目前的 置信度 {'surface_confidence': 0.3126365811845061, 'center_confidence': 0.9672501275250971, 'fitting_confidence': 0.2829076272690781, 'constraint_confidence': 0.0, 'overall_confidence': 0.2829076272690781, 'weighted_confidence': 0.2546168645421703}
2025-08-28 03:11:50,047 - DEBUG - 检查更新是否有效: 2.9923827660828697 <= 2.9923827660828697 = True
2025-08-28 03:11:50,048 - DEBUG - 第1次LM优化，lambda_lm: 0.0001
2025-08-28 03:11:50,048 - DEBUG - ------------------------------------------------------------------------------------------------------
2025-08-28 03:11:50,048 - DEBUG - 第2次LM优化，计算残差：

2025-08-28 03:11:50,048 - DEBUG - 表面残差: [0.3422312262171953, 0.08391722971606534, -0.07276958478345044, 0.08223954964103819, -0.1051648240391293]
2025-08-28 03:11:50,048 - DEBUG - 中心残差: [0.8312032908898329, 0.17959013013301045, -0.29047031336553686, 0.174557089907929, -0.3876560311325734]
2025-08-28 03:11:50,048 - DEBUG - 深度残差: 2.191923844293413
2025-08-28 03:11:50,048 - DEBUG - 眼球外残差: [0.20009435564215727, 0.057762265046662105, 0.03416794427464665, 0.011693697431135673, 0.0014434819953345935, 0.00040112684060182016, 0.0003270547205223276, 7.375520965201507e-05, 9.649612058360209e-06, 2.7856030597348627e-06, 8.04134338196684e-07, 2.3213358831123854e-07]
2025-08-28 03:11:50,048 - DEBUG - 求解线性方程组结果: [ 0.01122499 -0.14322429 -0.0405876   0.16902226]
2025-08-28 03:11:50,048 - DEBUG - 第2次LM优化，未裁剪前计算的步长：0.22551069902229956
2025-08-28 03:11:50,049 - DEBUG - 第2次LM优化，裁剪后计算的步长：0.22551069902229956
2025-08-28 03:11:50,049 - DEBUG - 第2次LM优化初始参数: 球心：[ 53.729218  -3.62099  609.8251  ], 半径：12.243935038001117
2025-08-28 03:11:50,049 - DEBUG - 第2次LM优化准备更新参数: 球心：[ 53.740444   -3.7642143 609.7845   ], 半径：12.412957299653154
2025-08-28 03:11:50,049 - DEBUG - 表面残差: [0.2756515780440739, 0.01919862122351064, -0.15736974261020698, 0.017247108053368505, -0.15100885313645673]
2025-08-28 03:11:50,049 - DEBUG - 中心残差: [0.7918129429984799, 0.14578290128335764, -0.3839221902177952, 0.13992836177293125, -0.36483952179654444]
2025-08-28 03:11:50,049 - DEBUG - 深度残差: 2.191923844293413
2025-08-28 03:11:50,049 - DEBUG - 眼球外残差: [0.20009435564215727, 0.057762265046662105, 0.03894551961803731, 0.01320368871792041, 0.0017057483591625424, 0.00040112684060182016, 0.0003502227476010835, 7.998835352559574e-05, 9.649612058360209e-06, 2.7856030597348627e-06, 8.04134338196684e-07, 2.3213358831123854e-07]
2025-08-28 03:11:50,050 - DEBUG - 第2次LM优化，计算新目标函数值: 2.961060937131274
2025-08-28 03:11:50,050 - DEBUG - 目前的 置信度 {'surface_confidence': 0.9639244780967535, 'center_confidence': 0.9742011231431992, 'fitting_confidence': 0.968456472226881, 'constraint_confidence': 0.0, 'overall_confidence': 0.968456472226881, 'weighted_confidence': 0.871610825004193}
2025-08-28 03:11:50,050 - DEBUG - 检查更新是否有效: 2.961060937131274 <= 2.961060937131274 = True
2025-08-28 03:11:50,050 - DEBUG - 第2次LM优化，lambda_lm: 1e-05
2025-08-28 03:11:50,050 - DEBUG - ------------------------------------------------------------------------------------------------------
2025-08-28 03:11:50,050 - DEBUG - 第3次LM优化，计算残差：

2025-08-28 03:11:50,050 - DEBUG - 表面残差: [0.2756515780440739, 0.01919862122351064, -0.15736974261020698, 0.017247108053368505, -0.15100885313645673]
2025-08-28 03:11:50,051 - DEBUG - 中心残差: [0.7918129429984799, 0.14578290128335764, -0.3839221902177952, 0.13992836177293125, -0.36483952179654444]
2025-08-28 03:11:50,051 - DEBUG - 深度残差: 2.191923844293413
2025-08-28 03:11:50,051 - DEBUG - 眼球外残差: [0.20009435564215727, 0.057762265046662105, 0.03894551961803731, 0.01320368871792041, 0.0017057483591625424, 0.00040112684060182016, 0.0003502227476010835, 7.998835352559574e-05, 9.649612058360209e-06, 2.7856030597348627e-06, 8.04134338196684e-07, 2.3213358831123854e-07]
2025-08-28 03:11:50,051 - DEBUG - 求解线性方程组结果: [-0.00154014  0.01959195 -0.00137937 -0.00056887]
2025-08-28 03:11:50,052 - DEBUG - 第3次LM优化，未裁剪前计算的步长：0.019708951714313964
2025-08-28 03:11:50,052 - DEBUG - 第3次LM优化，裁剪后计算的步长：0.019708951714313964
2025-08-28 03:11:50,052 - DEBUG - 第3次LM优化初始参数: 球心：[ 53.740444   -3.7642143 609.7845   ], 半径：12.412957299653154
2025-08-28 03:11:50,053 - DEBUG - 第3次LM优化准备更新参数: 球心：[ 53.738903   -3.7446222 609.7831   ], 半径：12.412388431422333
2025-08-28 03:11:50,054 - DEBUG - 表面残差: [0.2753887530315422, 0.018994000822605772, -0.15493887025977943, 0.017077169156800888, -0.1538951077683775]
2025-08-28 03:11:50,054 - DEBUG - 中心残差: [0.7904847921715126, 0.14462936429127085, -0.3771692489558847, 0.13887886929385618, -0.37403796148167895]
2025-08-28 03:11:50,054 - DEBUG - 深度残差: 2.191923844293413
2025-08-28 03:11:50,054 - DEBUG - 眼球外残差: [0.20009435564215727, 0.057762265046662105, 0.03883002849345623, 0.013164096607813815, 0.0017003583877369475, 0.00040112684060182016, 0.00035129929100295856, 8.024977621296915e-05, 9.649612058360209e-06, 2.7856030597348627e-06, 8.04134338196684e-07, 2.3213358831123854e-07]
2025-08-28 03:11:50,055 - DEBUG - 第3次LM优化，计算新目标函数值: 2.9605009900037036
2025-08-28 03:11:50,055 - DEBUG - 目前的 置信度 {'surface_confidence': 0.964384897508175, 'center_confidence': 0.9747782420819522, 'fitting_confidence': 0.969050867769862, 'constraint_confidence': 0.0, 'overall_confidence': 0.969050867769862, 'weighted_confidence': 0.8721457809928759}
2025-08-28 03:11:50,055 - DEBUG - 检查更新是否有效: 2.9605009900037036 <= 2.9605009900037036 = True
2025-08-28 03:11:50,056 - DEBUG - 第3次LM优化，lambda_lm: 1.0000000000000002e-06
2025-08-28 03:11:50,056 - DEBUG - ------------------------------------------------------------------------------------------------------
2025-08-28 03:11:50,056 - DEBUG - 第4次LM优化，计算残差：

2025-08-28 03:11:50,056 - DEBUG - 表面残差: [0.2753887530315422, 0.018994000822605772, -0.15493887025977943, 0.017077169156800888, -0.1538951077683775]
2025-08-28 03:11:50,056 - DEBUG - 中心残差: [0.7904847921715126, 0.14462936429127085, -0.3771692489558847, 0.13887886929385618, -0.37403796148167895]
2025-08-28 03:11:50,056 - DEBUG - 深度残差: 2.191923844293413
2025-08-28 03:11:50,056 - DEBUG - 眼球外残差: [0.20009435564215727, 0.057762265046662105, 0.03883002849345623, 0.013164096607813815, 0.0017003583877369475, 0.00040112684060182016, 0.00035129929100295856, 8.024977621296915e-05, 9.649612058360209e-06, 2.7856030597348627e-06, 8.04134338196684e-07, 2.3213358831123854e-07]
2025-08-28 03:11:50,057 - DEBUG - 求解线性方程组结果: [ 2.02472711e-04 -2.62675011e-03  1.29721217e-06  3.20714825e-06]
2025-08-28 03:11:50,057 - DEBUG - 第4次LM优化，未裁剪前计算的步长：0.0026345442320918427
2025-08-28 03:11:50,057 - DEBUG - 第4次LM优化，裁剪后计算的步长：0.0026345442320918427
2025-08-28 03:11:50,057 - DEBUG - 第4次LM优化初始参数: 球心：[ 53.738903   -3.7446222 609.7831   ], 半径：12.412388431422333
2025-08-28 03:11:50,057 - DEBUG - 第4次LM优化准备更新参数: 球心：[ 53.739105  -3.747249 609.7831  ], 半径：12.412391638570583
2025-08-28 03:11:50,057 - DEBUG - 表面残差: [0.27538683410732007, 0.018993288211577947, -0.15529604841973446, 0.017070726558099953, -0.15353935483047812]
2025-08-28 03:11:50,057 - DEBUG - 中心残差: [0.7904820779668253, 0.1446302690261666, -0.3782377408677706, 0.13886258406573262, -0.37296766010000154]
2025-08-28 03:11:50,058 - DEBUG - 深度残差: 2.191923844293413
2025-08-28 03:11:50,058 - DEBUG - 眼球外残差: [0.20009435564215727, 0.057762265046662105, 0.03884738268697795, 0.013169997076166952, 0.00170117006179105, 0.00040112684060182016, 0.00035117025366623693, 8.021854984312642e-05, 9.649612058360209e-06, 2.7856030597348627e-06, 8.04134338196684e-07, 2.3213358831123854e-07]
2025-08-28 03:11:50,058 - DEBUG - 第4次LM优化，计算新目标函数值: 2.9605013466018675
2025-08-28 03:11:50,058 - DEBUG - 目前的 置信度 {'surface_confidence': 0.9643687368824013, 'center_confidence': 0.974789153357702, 'fitting_confidence': 0.9690491333599729, 'constraint_confidence': 0.0, 'overall_confidence': 0.9690491333599729, 'weighted_confidence': 0.8721442200239756}
2025-08-28 03:11:50,058 - DEBUG - 检查更新是否有效: 2.9605013466018675 <= 2.9605009900037036 = False
2025-08-28 03:11:50,058 - DEBUG - 第4次LM优化，lambda_lm: 1.0000000000000003e-05
2025-08-28 03:11:50,058 - DEBUG - ------------------------------------------------------------------------------------------------------
2025-08-28 03:11:50,058 - DEBUG - 第5次LM优化，计算残差：

2025-08-28 03:11:50,058 - DEBUG - 表面残差: [0.2753887530315422, 0.018994000822605772, -0.15493887025977943, 0.017077169156800888, -0.1538951077683775]
2025-08-28 03:11:50,059 - DEBUG - 中心残差: [0.7904847921715126, 0.14462936429127085, -0.3771692489558847, 0.13887886929385618, -0.37403796148167895]
2025-08-28 03:11:50,059 - DEBUG - 深度残差: 2.191923844293413
2025-08-28 03:11:50,059 - DEBUG - 眼球外残差: [0.20009435564215727, 0.057762265046662105, 0.03883002849345623, 0.013164096607813815, 0.0017003583877369475, 0.00040112684060182016, 0.00035129929100295856, 8.024977621296915e-05, 9.649612058360209e-06, 2.7856030597348627e-06, 8.04134338196684e-07, 2.3213358831123854e-07]
2025-08-28 03:11:50,059 - DEBUG - 求解线性方程组结果: [ 2.02470511e-04 -2.62672642e-03  1.29715786e-06  3.20709730e-06]
2025-08-28 03:11:50,059 - DEBUG - 第5次LM优化，未裁剪前计算的步长：0.002634520441706727
2025-08-28 03:11:50,059 - DEBUG - 第5次LM优化，裁剪后计算的步长：0.002634520441706727
2025-08-28 03:11:50,059 - DEBUG - 第5次LM优化初始参数: 球心：[ 53.738903   -3.7446222 609.7831   ], 半径：12.412388431422333
2025-08-28 03:11:50,059 - DEBUG - 第5次LM优化准备更新参数: 球心：[ 53.739105  -3.747249 609.7831  ], 半径：12.412391638519637
2025-08-28 03:11:50,059 - DEBUG - 表面残差: [0.27538683412343057, 0.01899328822768846, -0.15529604840362396, 0.017070726574210465, -0.1535393548143676]
2025-08-28 03:11:50,059 - DEBUG - 中心残差: [0.7904820779668253, 0.1446302690261666, -0.3782377408677706, 0.13886258406573262, -0.37296766010000154]
2025-08-28 03:11:50,059 - DEBUG - 深度残差: 2.191923844293413
2025-08-28 03:11:50,059 - DEBUG - 眼球外残差: [0.20009435564215727, 0.057762265046662105, 0.038847382685996176, 0.013169997075866264, 0.0017011700617326328, 0.00040112684060182016, 0.00035117025365876607, 8.02185498411351e-05, 9.649612058360209e-06, 2.7856030597348627e-06, 8.04134338196684e-07, 2.3213358831123854e-07]
2025-08-28 03:11:50,059 - DEBUG - 第5次LM优化，计算新目标函数值: 2.9605013466018675
2025-08-28 03:11:50,059 - DEBUG - 目前的 置信度 {'surface_confidence': 0.9643687368824013, 'center_confidence': 0.974789153357702, 'fitting_confidence': 0.9690491333599729, 'constraint_confidence': 0.0, 'overall_confidence': 0.9690491333599729, 'weighted_confidence': 0.8721442200239756}
2025-08-28 03:11:50,059 - DEBUG - 检查更新是否有效: 2.9605013466018675 <= 2.9605009900037036 = False
2025-08-28 03:11:50,059 - DEBUG - 第5次LM优化，lambda_lm: 0.00010000000000000002
2025-08-28 03:11:50,059 - DEBUG - ------------------------------------------------------------------------------------------------------
2025-08-28 03:11:50,059 - DEBUG - 第6次LM优化，计算残差：

2025-08-28 03:11:50,059 - DEBUG - 表面残差: [0.2753887530315422, 0.018994000822605772, -0.15493887025977943, 0.017077169156800888, -0.1538951077683775]
2025-08-28 03:11:50,059 - DEBUG - 中心残差: [0.7904847921715126, 0.14462936429127085, -0.3771692489558847, 0.13887886929385618, -0.37403796148167895]
2025-08-28 03:11:50,062 - DEBUG - 深度残差: 2.191923844293413
2025-08-28 03:11:50,062 - DEBUG - 眼球外残差: [0.20009435564215727, 0.057762265046662105, 0.03883002849345623, 0.013164096607813815, 0.0017003583877369475, 0.00040112684060182016, 0.00035129929100295856, 8.024977621296915e-05, 9.649612058360209e-06, 2.7856030597348627e-06, 8.04134338196684e-07, 2.3213358831123854e-07]
2025-08-28 03:11:50,062 - DEBUG - 求解线性方程组结果: [ 2.02448512e-04 -2.62648953e-03  1.29661489e-06  3.20658795e-06]
2025-08-28 03:11:50,062 - DEBUG - 第6次LM优化，未裁剪前计算的步长：0.0026342825614969314
2025-08-28 03:11:50,062 - DEBUG - 第6次LM优化，裁剪后计算的步长：0.0026342825614969314
2025-08-28 03:11:50,062 - DEBUG - 第6次LM优化初始参数: 球心：[ 53.738903   -3.7446222 609.7831   ], 半径：12.412388431422333
2025-08-28 03:11:50,062 - DEBUG - 第6次LM优化准备更新参数: 球心：[ 53.739105   -3.7472486 609.7831   ], 半径：12.412391638010284
2025-08-28 03:11:50,062 - DEBUG - 表面残差: [0.275386834284502, 0.018993288388759882, -0.15529604824255253, 0.01707072673528189, -0.15353935465329618]
2025-08-28 03:11:50,062 - DEBUG - 中心残差: [0.7904820779668253, 0.1446302690261666, -0.3782377408677706, 0.13886258406573262, -0.37296766010000154]
2025-08-28 03:11:50,062 - DEBUG - 深度残差: 2.191923844293413
2025-08-28 03:11:50,064 - DEBUG - 眼球外残差: [0.20009435564215727, 0.057762265046662105, 0.038847364297921315, 0.013169997072860009, 0.0017011700611485835, 0.00040112684060182016, 0.0003511702535840731, 8.021854982122602e-05, 9.649612058360209e-06, 2.7856030597348627e-06, 8.04134338196684e-07, 2.3213358831123854e-07]
2025-08-28 03:11:50,064 - DEBUG - 第6次LM优化，计算新目标函数值: 2.9605013458879195
2025-08-28 03:11:50,064 - DEBUG - 目前的 置信度 {'surface_confidence': 0.9643687368824013, 'center_confidence': 0.974789153357702, 'fitting_confidence': 0.9690491333599729, 'constraint_confidence': 0.0, 'overall_confidence': 0.9690491333599729, 'weighted_confidence': 0.8721442200239756}
2025-08-28 03:11:50,064 - DEBUG - 检查更新是否有效: 2.9605013458879195 <= 2.9605009900037036 = False
2025-08-28 03:11:50,064 - DEBUG - 第6次LM优化，lambda_lm: 0.0010000000000000002
2025-08-28 03:11:50,064 - DEBUG - ------------------------------------------------------------------------------------------------------
2025-08-28 03:11:50,064 - DEBUG - 第7次LM优化，计算残差：

2025-08-28 03:11:50,064 - DEBUG - 表面残差: [0.2753887530315422, 0.018994000822605772, -0.15493887025977943, 0.017077169156800888, -0.1538951077683775]
2025-08-28 03:11:50,064 - DEBUG - 中心残差: [0.7904847921715126, 0.14462936429127085, -0.3771692489558847, 0.13887886929385618, -0.37403796148167895]
2025-08-28 03:11:50,065 - DEBUG - 深度残差: 2.191923844293413
2025-08-28 03:11:50,065 - DEBUG - 眼球外残差: [0.20009435564215727, 0.057762265046662105, 0.03883002849345623, 0.013164096607813815, 0.0017003583877369475, 0.00040112684060182016, 0.00035129929100295856, 8.024977621296915e-05, 9.649612058360209e-06, 2.7856030597348627e-06, 8.04134338196684e-07, 2.3213358831123854e-07]
2025-08-28 03:11:50,065 - DEBUG - 求解线性方程组结果: [ 2.02228783e-04 -2.62412298e-03  1.29119541e-06  3.20150610e-06]
2025-08-28 03:11:50,065 - DEBUG - 第7次LM优化，未裁剪前计算的步长：0.0026319061211650236
2025-08-28 03:11:50,065 - DEBUG - 第7次LM优化，裁剪后计算的步长：0.0026319061211650236
2025-08-28 03:11:50,065 - DEBUG - 第7次LM优化初始参数: 球心：[ 53.738903   -3.7446222 609.7831   ], 半径：12.412388431422333
2025-08-28 03:11:50,065 - DEBUG - 第7次LM优化准备更新参数: 球心：[ 53.739105   -3.7472463 609.7831   ], 半径：12.412391632928433
2025-08-28 03:11:50,065 - DEBUG - 表面残差: [0.2753868358915245, 0.018993289995782394, -0.15529574505723145, 0.017070728342304397, -0.15353965462457225]
2025-08-28 03:11:50,066 - DEBUG - 中心残差: [0.7904820779668253, 0.1446302690261666, -0.3782368361328749, 0.13886258406573262, -0.37296856483489726]
2025-08-28 03:11:50,066 - DEBUG - 深度残差: 2.191923844293413
2025-08-28 03:11:50,066 - DEBUG - 眼球外残差: [0.20009435564215727, 0.057762265046662105, 0.03884734582173334, 0.013169991414175596, 0.0017011689617904746, 0.00040112684060182016, 0.00035117039268843915, 8.021858689889085e-05, 9.649612058360209e-06, 2.7856030597348627e-06, 8.04134338196684e-07, 2.3213358831123854e-07]
2025-08-28 03:11:50,066 - DEBUG - 第7次LM优化，计算新目标函数值: 2.9605013398011315
2025-08-28 03:11:50,066 - DEBUG - 目前的 置信度 {'surface_confidence': 0.9643687368824013, 'center_confidence': 0.974789153357702, 'fitting_confidence': 0.9690491333599729, 'constraint_confidence': 0.0, 'overall_confidence': 0.9690491333599729, 'weighted_confidence': 0.8721442200239756}
2025-08-28 03:11:50,066 - DEBUG - 检查更新是否有效: 2.9605013398011315 <= 2.9605009900037036 = False
2025-08-28 03:11:50,066 - DEBUG - 第7次LM优化，lambda_lm: 0.010000000000000002
2025-08-28 03:11:50,066 - DEBUG - ------------------------------------------------------------------------------------------------------
2025-08-28 03:11:50,066 - DEBUG - 第8次LM优化，计算残差：

2025-08-28 03:11:50,066 - DEBUG - 表面残差: [0.2753887530315422, 0.018994000822605772, -0.15493887025977943, 0.017077169156800888, -0.1538951077683775]
2025-08-28 03:11:50,067 - DEBUG - 中心残差: [0.7904847921715126, 0.14462936429127085, -0.3771692489558847, 0.13887886929385618, -0.37403796148167895]
2025-08-28 03:11:50,067 - DEBUG - 深度残差: 2.191923844293413
2025-08-28 03:11:50,067 - DEBUG - 眼球外残差: [0.20009435564215727, 0.057762265046662105, 0.03883002849345623, 0.013164096607813815, 0.0017003583877369475, 0.00040112684060182016, 0.00035129929100295856, 8.024977621296915e-05, 9.649612058360209e-06, 2.7856030597348627e-06, 8.04134338196684e-07, 2.3213358831123854e-07]
2025-08-28 03:11:50,068 - DEBUG - 求解线性方程组结果: [ 2.00056692e-04 -2.60069007e-03  1.23800822e-06  3.15183065e-06]
2025-08-28 03:11:50,068 - DEBUG - 第8次LM优化，未裁剪前计算的步长：0.002608375548267895
2025-08-28 03:11:50,068 - DEBUG - 第8次LM优化，裁剪后计算的步长：0.002608375548267895
2025-08-28 03:11:50,069 - DEBUG - 第8次LM优化初始参数: 球心：[ 53.738903   -3.7446222 609.7831   ], 半径：12.412388431422333
2025-08-28 03:11:50,069 - DEBUG - 第8次LM优化准备更新参数: 球心：[ 53.7391    -3.747223 609.7831  ], 半径：12.41239158325298
2025-08-28 03:11:50,070 - DEBUG - 表面残差: [0.27538685160028203, 0.018993607282838533, -0.15529271356548804, 0.01707044247276337, -0.15354295627709913]
2025-08-28 03:11:50,071 - DEBUG - 中心残差: [0.7904820779668253, 0.14463117376106235, -0.37822778878391733, 0.13886167933083685, -0.3729785169187506]
2025-08-28 03:11:50,071 - DEBUG - 深度残差: 2.191923844293413
2025-08-28 03:11:50,071 - DEBUG - 眼球外残差: [0.20009435564215727, 0.057762265046662105, 0.038847197838519906, 0.013169934834122715, 0.001701160156598359, 0.00040112684060182016, 0.0003511715042011338, 8.021892044421829e-05, 9.649612058360209e-06, 2.7856030597348627e-06, 8.04134338196684e-07, 2.3213358831123854e-07]
2025-08-28 03:11:50,071 - DEBUG - 第8次LM优化，计算新目标函数值: 2.9605016700152142
2025-08-28 03:11:50,073 - DEBUG - 目前的 置信度 {'surface_confidence': 0.9643687368824013, 'center_confidence': 0.974789153357702, 'fitting_confidence': 0.9690491333599729, 'constraint_confidence': 0.0, 'overall_confidence': 0.9690491333599729, 'weighted_confidence': 0.8721442200239756}
2025-08-28 03:11:50,073 - DEBUG - 检查更新是否有效: 2.9605016700152142 <= 2.9605009900037036 = False
2025-08-28 03:11:50,073 - DEBUG - 第8次LM优化，lambda_lm: 0.10000000000000002
2025-08-28 03:11:50,073 - DEBUG - ------------------------------------------------------------------------------------------------------
2025-08-28 03:11:50,073 - DEBUG - 第9次LM优化，计算残差：

2025-08-28 03:11:50,073 - DEBUG - 表面残差: [0.2753887530315422, 0.018994000822605772, -0.15493887025977943, 0.017077169156800888, -0.1538951077683775]
2025-08-28 03:11:50,074 - DEBUG - 中心残差: [0.7904847921715126, 0.14462936429127085, -0.3771692489558847, 0.13887886929385618, -0.37403796148167895]
2025-08-28 03:11:50,074 - DEBUG - 深度残差: 2.191923844293413
2025-08-28 03:11:50,074 - DEBUG - 眼球外残差: [0.20009435564215727, 0.057762265046662105, 0.03883002849345623, 0.013164096607813815, 0.0017003583877369475, 0.00040112684060182016, 0.00035129929100295856, 8.024977621296915e-05, 9.649612058360209e-06, 2.7856030597348627e-06, 8.04134338196684e-07, 2.3213358831123854e-07]
2025-08-28 03:11:50,074 - DEBUG - 求解线性方程组结果: [ 1.80596631e-04 -2.38749852e-03  7.92888573e-07  2.74959466e-06]
2025-08-28 03:11:50,074 - DEBUG - 第9次LM优化，未裁剪前计算的步长：0.0023943208883664443
2025-08-28 03:11:50,074 - DEBUG - 第9次LM优化，裁剪后计算的步长：0.0023943208883664443
2025-08-28 03:11:50,074 - DEBUG - 第9次LM优化初始参数: 球心：[ 53.738903   -3.7446222 609.7831   ], 半径：12.412388431422333
2025-08-28 03:11:50,075 - DEBUG - 第9次LM优化准备更新参数: 球心：[ 53.739082   -3.7470098 609.7831   ], 半径：12.412391181016998
2025-08-28 03:11:50,075 - DEBUG - 表面残差: [0.27538697879846785, 0.018994337637621515, -0.1552636348506381, 0.017070569670949182, -0.15357178059557744]
2025-08-28 03:11:50,075 - DEBUG - 中心残差: [0.7904820779668253, 0.14463298323085386, -0.3781409342339249, 0.13886167933083685, -0.373065371468743]
2025-08-28 03:11:50,075 - DEBUG - 深度残差: 2.191923844293413
2025-08-28 03:11:50,075 - DEBUG - 眼球外残差: [0.20009435564215727, 0.057762265046662105, 0.038845811730025034, 0.013169454025032593, 0.0017010929910597342, 0.00040112684060182016, 0.00035118193399043317, 8.022147680686358e-05, 9.649612058360209e-06, 2.7856030597348627e-06, 8.04134338196684e-07, 2.3213358831123854e-07]
2025-08-28 03:11:50,075 - DEBUG - 第9次LM优化，计算新目标函数值: 2.960501385024324
2025-08-28 03:11:50,075 - DEBUG - 目前的 置信度 {'surface_confidence': 0.9643687368824013, 'center_confidence': 0.974789153357702, 'fitting_confidence': 0.9690491333599729, 'constraint_confidence': 0.0, 'overall_confidence': 0.9690491333599729, 'weighted_confidence': 0.8721442200239756}
2025-08-28 03:11:50,076 - DEBUG - 检查更新是否有效: 2.960501385024324 <= 2.9605009900037036 = False
2025-08-28 03:11:50,076 - DEBUG - 第9次LM优化，lambda_lm: 1.0000000000000002
2025-08-28 03:11:50,076 - DEBUG - ------------------------------------------------------------------------------------------------------
2025-08-28 03:11:50,076 - DEBUG - 第10次LM优化，计算残差：

2025-08-28 03:11:50,076 - DEBUG - 表面残差: [0.2753887530315422, 0.018994000822605772, -0.15493887025977943, 0.017077169156800888, -0.1538951077683775]
2025-08-28 03:11:50,076 - DEBUG - 中心残差: [0.7904847921715126, 0.14462936429127085, -0.3771692489558847, 0.13887886929385618, -0.37403796148167895]
2025-08-28 03:11:50,076 - DEBUG - 深度残差: 2.191923844293413
2025-08-28 03:11:50,077 - DEBUG - 眼球外残差: [0.20009435564215727, 0.057762265046662105, 0.03883002849345623, 0.013164096607813815, 0.0017003583877369475, 0.00040112684060182016, 0.00035129929100295856, 8.024977621296915e-05, 9.649612058360209e-06, 2.7856030597348627e-06, 8.04134338196684e-07, 2.3213358831123854e-07]
2025-08-28 03:11:50,077 - DEBUG - 求解线性方程组结果: [ 9.07428489e-05 -1.31209570e-03 -4.80840758e-07  1.55742992e-06]
2025-08-28 03:11:50,077 - DEBUG - 第10次LM优化，未裁剪前计算的步长：0.00131523079667767
2025-08-28 03:11:50,077 - DEBUG - 第10次LM优化，裁剪后计算的步长：0.00131523079667767
2025-08-28 03:11:50,077 - DEBUG - 第10次LM优化初始参数: 球心：[ 53.738903   -3.7446222 609.7831   ], 半径：12.412388431422333
2025-08-28 03:11:50,077 - DEBUG - 第10次LM优化准备更新参数: 球心：[ 53.738995   -3.7459342 609.7831   ], 半径：12.41238998885225
2025-08-28 03:11:50,077 - DEBUG - 表面残差: [0.2753876573723612, 0.018995016211514882, -0.15511729395852827, 0.01707245455803689, -0.1537173674964977]
2025-08-28 03:11:50,077 - DEBUG - 中心残差: [0.7904829827017211, 0.1446338879657496, -0.3777030425443798, 0.13886620300531563, -0.37350326315828813]
2025-08-28 03:11:50,078 - DEBUG - 深度残差: 2.191923844293413
2025-08-28 03:11:50,078 - DEBUG - 眼球外残差: [0.20009435564215727, 0.057762265046662105, 0.03883873187721172, 0.013167032388264135, 0.001700757034243559, 0.00040112684060182016, 0.00035123476383386526, 8.023432838970591e-05, 9.649612058360209e-06, 2.7856030597348627e-06, 8.04134338196684e-07, 2.3213358831123854e-07]
2025-08-28 03:11:50,078 - DEBUG - 第10次LM优化，计算新目标函数值: 2.9605004108600723
2025-08-28 03:11:50,078 - DEBUG - 目前的 置信度 {'surface_confidence': 0.9643687368824013, 'center_confidence': 0.974789153357702, 'fitting_confidence': 0.9690491333599729, 'constraint_confidence': 0.0, 'overall_confidence': 0.9690491333599729, 'weighted_confidence': 0.8721442200239756}
2025-08-28 03:11:50,078 - DEBUG - 检查更新是否有效: 2.9605004108600723 <= 2.9605004108600723 = True
2025-08-28 03:11:50,078 - DEBUG - LM优化收敛，迭代次数: 11
2025-08-28 03:11:50,078 - DEBUG - LM优化收敛，最终参数: 球心：[ 53.738995   -3.7459342 609.7831   ], 半径：12.41238998885225
2025-08-28 03:11:50,078 - DEBUG - ------------------------------------------------------------------------------------------------------
2025-08-28 03:11:50,078 - INFO - 拟合结果: left：
拟合结果：
 球心：[ -8.697629   -2.9545727 609.87335  ]
 半径：12.41355051029638
 置信度：0.8643211506974333
 收敛：True
 迭代次数：4
 最终残差范数：2.4943700379776073
 使用策略：lm
2025-08-28 03:11:50,078 - INFO - 
================================================================================
2025-08-28 03:11:50,078 - INFO - LEFT眼距离分析报告
2025-08-28 03:11:50,078 - INFO - ================================================================================
2025-08-28 03:11:50,078 - INFO - 眼球中心: [-8.70, -2.95, 609.87] mm
2025-08-28 03:11:50,078 - INFO - 眼球半径: 12.41 mm
2025-08-28 03:11:50,078 - INFO - 拟合置信度: 0.864
2025-08-28 03:11:50,078 - INFO - 最终残差: 2.494
2025-08-28 03:11:50,078 - INFO - ================================================================================
2025-08-28 03:11:50,078 - INFO - 
【PUPIL】点分析 (1个点):
2025-08-28 03:11:50,078 - INFO - ------------------------------------------------------------
2025-08-28 03:11:50,078 - INFO -   点1: 距离球心=9.87343mm, 距离球面=-2.54012mm (球内), 可见性=0.9200000166893005
2025-08-28 03:11:50,078 - INFO -   统计: 1个球内, 0个球外
2025-08-28 03:11:50,078 - INFO - 
【IRIS】点分析 (4个点):
2025-08-28 03:11:50,078 - INFO - ------------------------------------------------------------
2025-08-28 03:11:50,078 - INFO -   点1: 距离球心=11.39615mm, 距离球面=-1.01740mm (球内), 可见性=0.9200000166893005
2025-08-28 03:11:50,078 - INFO -   点2: 距离球心=10.75923mm, 距离球面=-1.65432mm (球内), 可见性=0.9200000166893005
2025-08-28 03:11:50,078 - INFO -   点3: 距离球心=11.39939mm, 距离球面=-1.01416mm (球内), 可见性=0.9200000166893005
2025-08-28 03:11:50,078 - INFO -   点4: 距离球心=10.74861mm, 距离球面=-1.66494mm (球内), 可见性=0.9200000166893005
2025-08-28 03:11:50,078 - INFO -   统计: 4个球内, 0个球外
2025-08-28 03:11:50,078 - INFO - 
【INNER_CANTHUS】点分析 (1个点):
2025-08-28 03:11:50,078 - INFO - ------------------------------------------------------------
2025-08-28 03:11:50,078 - INFO -   点1: 距离球心=17.15628mm, 距离球面=+4.74273mm (球外), 可见性=0.9200000166893005
2025-08-28 03:11:50,078 - INFO -   统计: 0个球内, 1个球外
2025-08-28 03:11:50,078 - INFO - 
【UPPER_EYELID】点分析 (5个点):
2025-08-28 03:11:50,078 - INFO - ------------------------------------------------------------
2025-08-28 03:11:50,078 - INFO -   点1: 距离球心=13.47959mm, 距离球面=+1.06604mm (球外), 可见性=0.9200000166893005
2025-08-28 03:11:50,078 - INFO -   点2: 距离球心=10.94466mm, 距离球面=-1.46889mm (球内), 可见性=0.9200000166893005
2025-08-28 03:11:50,078 - INFO -   点3: 距离球心=10.06955mm, 距离球面=-2.34400mm (球内), 可见性=0.9200000166893005
2025-08-28 03:11:50,078 - INFO -   点4: 距离球心=11.03180mm, 距离球面=-1.38175mm (球内), 可见性=0.9200000166893005
2025-08-28 03:11:50,078 - INFO -   点5: 距离球心=15.89468mm, 距离球面=+3.48113mm (球外), 可见性=0.9200000166893005
2025-08-28 03:11:50,082 - INFO -   统计: 3个球内, 2个球外
2025-08-28 03:11:50,082 - INFO - 
【LOWER_EYELID】点分析 (5个点):
2025-08-28 03:11:50,083 - INFO - ------------------------------------------------------------
2025-08-28 03:11:50,083 - INFO -   点1: 距离球心=10.42281mm, 距离球面=-1.99074mm (球内), 可见性=0.9200000166893005
2025-08-28 03:11:50,083 - INFO -   点2: 距离球心=11.52154mm, 距离球面=-0.89201mm (球内), 可见性=0.9200000166893005
2025-08-28 03:11:50,083 - INFO -   点3: 距离球心=13.86366mm, 距离球面=+1.45011mm (球外), 可见性=0.9200000166893005
2025-08-28 03:11:50,083 - INFO -   点4: 距离球心=15.92501mm, 距离球面=+3.51146mm (球外), 可见性=0.9200000166893005
2025-08-28 03:11:50,083 - INFO -   点5: 距离球心=12.60613mm, 距离球面=+0.19258mm (球外), 可见性=0.9200000166893005
2025-08-28 03:11:50,083 - INFO -   统计: 2个球内, 3个球外
2025-08-28 03:11:50,084 - INFO - 
【OUTER_CANTHUS】点分析 (1个点):
2025-08-28 03:11:50,084 - INFO - ------------------------------------------------------------
2025-08-28 03:11:50,084 - INFO -   点1: 距离球心=13.88751mm, 距离球面=+1.47396mm (球外), 可见性=0.9200000166893005
2025-08-28 03:11:50,085 - INFO -   统计: 0个球内, 1个球外
2025-08-28 03:11:50,085 - INFO - 
================================================================================
2025-08-28 03:11:50,085 - INFO - LEFT眼总体统计:
2025-08-28 03:11:50,085 - INFO - 总点数: 17
2025-08-28 03:11:50,086 - INFO - 球内点数: 10 (58.82353%)
2025-08-28 03:11:50,086 - INFO - 球外点数: 7 (41.17647%)
2025-08-28 03:11:50,086 - INFO - ================================================================================
2025-08-28 03:11:50,086 - INFO - 拟合结果: right：
拟合结果：
 球心：[ 53.738995   -3.7459342 609.7831   ]
 半径：12.41238998885225
 置信度：0.8721441825703319
 收敛：True
 迭代次数：11
 最终残差范数：2.433310909030617
 使用策略：lm
2025-08-28 03:11:50,086 - INFO - 
================================================================================
2025-08-28 03:11:50,086 - INFO - RIGHT眼距离分析报告
2025-08-28 03:11:50,086 - INFO - ================================================================================
2025-08-28 03:11:50,086 - INFO - 眼球中心: [53.74, -3.75, 609.78] mm
2025-08-28 03:11:50,087 - INFO - 眼球半径: 12.41 mm
2025-08-28 03:11:50,087 - INFO - 拟合置信度: 0.872
2025-08-28 03:11:50,087 - INFO - 最终残差: 2.433
2025-08-28 03:11:50,087 - INFO - ================================================================================
2025-08-28 03:11:50,087 - INFO - 
【PUPIL】点分析 (1个点):
2025-08-28 03:11:50,087 - INFO - ------------------------------------------------------------
2025-08-28 03:11:50,087 - INFO -   点1: 距离球心=9.78324mm, 距离球面=-2.62915mm (球内), 可见性=0.9200000166893005
2025-08-28 03:11:50,087 - INFO -   统计: 1个球内, 0个球外
2025-08-28 03:11:50,087 - INFO - 
【IRIS】点分析 (4个点):
2025-08-28 03:11:50,087 - INFO - ------------------------------------------------------------
2025-08-28 03:11:50,087 - INFO -   点1: 距离球心=11.37246mm, 距离球面=-1.03993mm (球内), 可见性=0.9200000166893005
2025-08-28 03:11:50,087 - INFO -   点2: 距离球心=10.82187mm, 距离球面=-1.59052mm (球内), 可见性=0.9200000166893005
2025-08-28 03:11:50,087 - INFO -   点3: 距离球心=11.36638mm, 距离球面=-1.04601mm (球内), 可见性=0.9200000166893005
2025-08-28 03:11:50,087 - INFO -   点4: 距离球心=10.82629mm, 距离球面=-1.58610mm (球内), 可见性=0.9200000166893005
2025-08-28 03:11:50,087 - INFO -   统计: 4个球内, 0个球外
2025-08-28 03:11:50,087 - INFO - 
【INNER_CANTHUS】点分析 (1个点):
2025-08-28 03:11:50,087 - INFO - ------------------------------------------------------------
2025-08-28 03:11:50,087 - INFO -   点1: 距离球心=16.06656mm, 距离球面=+3.65417mm (球外), 可见性=0.9200000166893005
2025-08-28 03:11:50,087 - INFO -   统计: 0个球内, 1个球外
2025-08-28 03:11:50,087 - INFO - 
【UPPER_EYELID】点分析 (5个点):
2025-08-28 03:11:50,087 - INFO - ------------------------------------------------------------
2025-08-28 03:11:50,087 - INFO -   点1: 距离球心=12.85686mm, 距离球面=+0.44447mm (球外), 可见性=0.9200000166893005
2025-08-28 03:11:50,087 - INFO -   点2: 距离球心=11.01978mm, 距离球面=-1.39261mm (球内), 可见性=0.9200000166893005
2025-08-28 03:11:50,087 - INFO -   点3: 距离球心=10.67904mm, 距离球面=-1.73335mm (球内), 可见性=0.9200000166893005
2025-08-28 03:11:50,087 - INFO -   点4: 距离球心=12.12280mm, 距离球面=-0.28959mm (球内), 可见性=0.9200000166893005
2025-08-28 03:11:50,087 - INFO -   点5: 距离球心=14.90153mm, 距离球面=+2.48914mm (球外), 可见性=0.9200000166893005
2025-08-28 03:11:50,087 - INFO -   统计: 3个球内, 2个球外
2025-08-28 03:11:50,087 - INFO - 
【LOWER_EYELID】点分析 (5个点):
2025-08-28 03:11:50,087 - INFO - ------------------------------------------------------------
2025-08-28 03:11:50,087 - INFO -   点1: 距离球心=10.44019mm, 距离球面=-1.97220mm (球内), 可见性=0.9200000166893005
2025-08-28 03:11:50,087 - INFO -   点2: 距离球心=10.95867mm, 距离球面=-1.45372mm (球内), 可见性=0.9200000166893005
2025-08-28 03:11:50,087 - INFO -   点3: 距离球心=12.94368mm, 距离球面=+0.53129mm (球外), 可见性=0.9200000166893005
2025-08-28 03:11:50,087 - INFO -   点4: 距离球心=14.88440mm, 距离球面=+2.47201mm (球外), 可见性=0.9200000166893005
2025-08-28 03:11:50,087 - INFO -   点5: 距离球心=13.47723mm, 距离球面=+1.06484mm (球外), 可见性=0.9200000166893005
2025-08-28 03:11:50,087 - INFO -   统计: 2个球内, 3个球外
2025-08-28 03:11:50,090 - INFO - 
【OUTER_CANTHUS】点分析 (1个点):
2025-08-28 03:11:50,090 - INFO - ------------------------------------------------------------
2025-08-28 03:11:50,090 - INFO -   点1: 距离球心=15.27734mm, 距离球面=+2.86495mm (球外), 可见性=0.9200000166893005
2025-08-28 03:11:50,090 - INFO -   统计: 0个球内, 1个球外
2025-08-28 03:11:50,090 - INFO - 
================================================================================
2025-08-28 03:11:50,090 - INFO - RIGHT眼总体统计:
2025-08-28 03:11:50,090 - INFO - 总点数: 17
2025-08-28 03:11:50,090 - INFO - 球内点数: 10 (58.82353%)
2025-08-28 03:11:50,090 - INFO - 球外点数: 7 (41.17647%)
2025-08-28 03:11:50,090 - INFO - ================================================================================
