2025-08-27 03:46:45,125 - INFO - 日志文件创建: logs\recognition_20250827_034645.log
2025-08-27 03:46:48,854 - DEBUG - 深度图范围: min=594.156067, max=611.930725
2025-08-27 03:46:48,854 - DEBUG - 检测到毫米单位，乘以depth_scale=0.001
2025-08-27 03:46:48,858 - INFO - 批量转换完成：成功 1/1 个关键点
2025-08-27 03:46:48,859 - INFO - 批量转换完成：成功 4/4 个关键点
2025-08-27 03:46:48,860 - INFO - 批量转换完成：成功 1/1 个关键点
2025-08-27 03:46:48,860 - INFO - 批量转换完成：成功 5/5 个关键点
2025-08-27 03:46:48,863 - INFO - 批量转换完成：成功 5/5 个关键点
2025-08-27 03:46:48,863 - INFO - 批量转换完成：成功 1/1 个关键点
2025-08-27 03:46:48,863 - INFO - 批量转换完成：成功 1/1 个关键点
2025-08-27 03:46:48,864 - INFO - 批量转换完成：成功 4/4 个关键点
2025-08-27 03:46:48,864 - INFO - 批量转换完成：成功 1/1 个关键点
2025-08-27 03:46:48,864 - INFO - 批量转换完成：成功 5/5 个关键点
2025-08-27 03:46:48,864 - INFO - 批量转换完成：成功 5/5 个关键点
2025-08-27 03:46:48,864 - INFO - 批量转换完成：成功 1/1 个关键点
2025-08-27 03:46:48,865 - INFO - 帧 0: 更新拟合数据
2025-08-27 03:46:48,879 - INFO - --------------------------------------------------
2025-08-27 03:46:48,880 - INFO - 开始RANSAC球体拟合...
2025-08-27 03:46:48,881 - DEBUG - left眼数据统计:
2025-08-27 03:46:48,881 - DEBUG -   拟合点数量: 6
2025-08-27 03:46:48,882 - DEBUG -   约束点数量: 11
2025-08-27 03:46:48,882 - DEBUG -   总点数: 17
2025-08-27 03:46:48,882 - DEBUG -   平均可见性: 1.000
2025-08-27 03:46:48,882 - DEBUG -   可见性样本数: 17
2025-08-27 03:46:48,883 - DEBUG - left眼数据质量: {'point_count': 17, 'fitting_point_count': 6, 'constraint_point_count': 11, 'visibility': 1.0}
2025-08-27 03:46:48,883 - INFO - 数据质量: {'point_count': 17, 'fitting_point_count': 6, 'constraint_point_count': 11, 'visibility': 1.0}
2025-08-27 03:46:48,883 - DEBUG - 可用策略数量: 4
2025-08-27 03:46:48,883 - DEBUG - 策略 1: high_quality
2025-08-27 03:46:48,883 - DEBUG -   最小点数: 8, 最小可见性: 0.9
2025-08-27 03:46:48,883 - DEBUG -   当前点数: 17, 当前可见性: 1.000
2025-08-27 03:46:48,883 - INFO - 选择策略: high_quality
2025-08-27 03:46:48,884 - DEBUG - ------------------------------------------------------------------------------------------------------
2025-08-27 03:46:48,885 - DEBUG - 第0次LM优化，
计算表面残差：
[-8.225      -2.78063259 -4.13842258 -2.66438732 -4.22995672  7.01985168]
 中心残差：
[-8.45       -2.73063259 -4.08842258 -2.61438732 -4.17995672  6.76985168]
2025-08-27 03:46:48,885 - ERROR - 拟合失败: index 12 is out of bounds for axis 0 with size 12
