2025-08-27 23:15:01,601 - INFO - 分析结果将保存到: static/data/ransac_analysis_20250827_231501.log
2025-08-27 23:15:01,603 - INFO - 找到 1 个日志文件: ['logs/recognition_20250827_215034.log']
2025-08-27 23:15:01,603 - INFO - 分析单个日志文件: logs/recognition_20250827_215034.log
2025-08-27 23:15:01,613 - INFO - 找到 1008 个RANSAC统计记录
2025-08-27 23:15:01,661 - INFO - ================================================================================
2025-08-27 23:15:01,661 - INFO - RANSAC测试结果统计 - logs/recognition_20250827_215034.log
2025-08-27 23:15:01,661 - INFO - ================================================================================
2025-08-27 23:15:01,661 - INFO - 
【INNER_CANTHUS】点统计 (出现3360次):
2025-08-27 23:15:01,661 - INFO - ------------------------------------------------------------
2025-08-27 23:15:01,665 - INFO -   到中心距离:
2025-08-27 23:15:01,667 - INFO -     平均值: 17.8070 mm
2025-08-27 23:15:01,667 - INFO -     最小值: 14.3060 mm
2025-08-27 23:15:01,667 - INFO -     最大值: 20.9659 mm
2025-08-27 23:15:01,667 - INFO -     标准差: 1.3495 mm
2025-08-27 23:15:01,667 - INFO -     范围:   6.6599 mm
2025-08-27 23:15:01,667 - INFO -     标准误差: 0.023281 mm
2025-08-27 23:15:01,667 - INFO -     90%置信区间: (17.768674, 17.845283) mm
2025-08-27 23:15:01,667 - INFO -     误差范围: ±0.038304 mm
2025-08-27 23:15:01,671 - INFO -   到表面距离:
2025-08-27 23:15:01,671 - INFO -     平均值: 5.6745 mm
2025-08-27 23:15:01,671 - INFO -     最小值: 2.1755 mm
2025-08-27 23:15:01,671 - INFO -     最大值: 8.8687 mm
2025-08-27 23:15:01,671 - INFO -     标准差: 1.3496 mm
2025-08-27 23:15:01,671 - INFO -     范围:   6.6932 mm
2025-08-27 23:15:01,673 - INFO -     标准误差: 0.023284 mm
2025-08-27 23:15:01,673 - INFO -     90%置信区间: (5.636179, 5.712796) mm
2025-08-27 23:15:01,673 - INFO -     误差范围: ±0.038309 mm
2025-08-27 23:15:01,673 - INFO - 
【IRIS】点统计 (出现13440次):
2025-08-27 23:15:01,673 - INFO - ------------------------------------------------------------
2025-08-27 23:15:01,673 - INFO -   到中心距离:
2025-08-27 23:15:01,673 - INFO -     平均值: 11.0115 mm
2025-08-27 23:15:01,675 - INFO -     最小值: 10.6551 mm
2025-08-27 23:15:01,675 - INFO -     最大值: 11.2599 mm
2025-08-27 23:15:01,675 - INFO -     标准差: 0.2019 mm
2025-08-27 23:15:01,675 - INFO -     范围:   0.6048 mm
2025-08-27 23:15:01,675 - INFO -     标准误差: 0.001741 mm
2025-08-27 23:15:01,675 - INFO -     90%置信区间: (11.008658, 11.014387) mm
2025-08-27 23:15:01,675 - INFO -     误差范围: ±0.002865 mm
2025-08-27 23:15:01,675 - INFO -   到表面距离:
2025-08-27 23:15:01,675 - INFO -     平均值: -1.1210 mm
2025-08-27 23:15:01,675 - INFO -     最小值: -1.4829 mm
2025-08-27 23:15:01,675 - INFO -     最大值: -0.8635 mm
2025-08-27 23:15:01,675 - INFO -     标准差: 0.2086 mm
2025-08-27 23:15:01,675 - INFO -     范围:   0.6194 mm
2025-08-27 23:15:01,675 - INFO -     标准误差: 0.001799 mm
2025-08-27 23:15:01,675 - INFO -     90%置信区间: (-1.123933, -1.118014) mm
2025-08-27 23:15:01,675 - INFO -     误差范围: ±0.002959 mm
2025-08-27 23:15:01,675 - INFO - 
【LOWER_EYELID】点统计 (出现16800次):
2025-08-27 23:15:01,675 - INFO - ------------------------------------------------------------
2025-08-27 23:15:01,679 - INFO -   到中心距离:
2025-08-27 23:15:01,679 - INFO -     平均值: 13.0319 mm
2025-08-27 23:15:01,679 - INFO -     最小值: 11.5095 mm
2025-08-27 23:15:01,681 - INFO -     最大值: 14.7403 mm
2025-08-27 23:15:01,681 - INFO -     标准差: 0.5552 mm
2025-08-27 23:15:01,682 - INFO -     范围:   3.2308 mm
2025-08-27 23:15:01,682 - INFO -     标准误差: 0.004284 mm
2025-08-27 23:15:01,682 - INFO -     90%置信区间: (13.024869, 13.038963) mm
2025-08-27 23:15:01,682 - INFO -     误差范围: ±0.007047 mm
2025-08-27 23:15:01,682 - INFO -   到表面距离:
2025-08-27 23:15:01,684 - INFO -     平均值: 0.8994 mm
2025-08-27 23:15:01,684 - INFO -     最小值: -0.6580 mm
2025-08-27 23:15:01,684 - INFO -     最大值: 2.6430 mm
2025-08-27 23:15:01,684 - INFO -     标准差: 0.5575 mm
2025-08-27 23:15:01,684 - INFO -     范围:   3.3010 mm
2025-08-27 23:15:01,684 - INFO -     标准误差: 0.004301 mm
2025-08-27 23:15:01,684 - INFO -     90%置信区间: (0.892351, 0.906500) mm
2025-08-27 23:15:01,684 - INFO -     误差范围: ±0.007075 mm
2025-08-27 23:15:01,684 - INFO - 
【OUTER_CANTHUS】点统计 (出现3360次):
2025-08-27 23:15:01,684 - INFO - ------------------------------------------------------------
2025-08-27 23:15:01,684 - INFO -   到中心距离:
2025-08-27 23:15:01,684 - INFO -     平均值: 15.6626 mm
2025-08-27 23:15:01,688 - INFO -     最小值: 12.9698 mm
2025-08-27 23:15:01,688 - INFO -     最大值: 17.8013 mm
2025-08-27 23:15:01,688 - INFO -     标准差: 0.8875 mm
2025-08-27 23:15:01,688 - INFO -     范围:   4.8315 mm
2025-08-27 23:15:01,688 - INFO -     标准误差: 0.015311 mm
2025-08-27 23:15:01,688 - INFO -     90%置信区间: (15.637395, 15.687776) mm
2025-08-27 23:15:01,688 - INFO -     误差范围: ±0.025191 mm
2025-08-27 23:15:01,690 - INFO -   到表面距离:
2025-08-27 23:15:01,690 - INFO -     平均值: 3.5301 mm
2025-08-27 23:15:01,690 - INFO -     最小值: 0.8394 mm
2025-08-27 23:15:01,690 - INFO -     最大值: 5.6763 mm
2025-08-27 23:15:01,690 - INFO -     标准差: 0.8874 mm
2025-08-27 23:15:01,692 - INFO -     范围:   4.8369 mm
2025-08-27 23:15:01,692 - INFO -     标准误差: 0.015309 mm
2025-08-27 23:15:01,692 - INFO -     90%置信区间: (3.504908, 3.555284) mm
2025-08-27 23:15:01,693 - INFO -     误差范围: ±0.025188 mm
2025-08-27 23:15:01,693 - INFO - 
【PUPIL】点统计 (出现3360次):
2025-08-27 23:15:01,693 - INFO - ------------------------------------------------------------
2025-08-27 23:15:01,693 - INFO -   到中心距离:
2025-08-27 23:15:01,693 - INFO -     平均值: 9.1748 mm
2025-08-27 23:15:01,693 - INFO -     最小值: 8.5987 mm
2025-08-27 23:15:01,693 - INFO -     最大值: 10.0084 mm
2025-08-27 23:15:01,693 - INFO -     标准差: 0.2825 mm
2025-08-27 23:15:01,693 - INFO -     范围:   1.4097 mm
2025-08-27 23:15:01,693 - INFO -     标准误差: 0.004874 mm
2025-08-27 23:15:01,693 - INFO -     90%置信区间: (9.166825, 9.182863) mm
2025-08-27 23:15:01,693 - INFO -     误差范围: ±0.008019 mm
2025-08-27 23:15:01,697 - INFO -   到表面距离:
2025-08-27 23:15:01,697 - INFO -     平均值: -2.9576 mm
2025-08-27 23:15:01,698 - INFO -     最小值: -3.5713 mm
2025-08-27 23:15:01,698 - INFO -     最大值: -2.1026 mm
2025-08-27 23:15:01,698 - INFO -     标准差: 0.2917 mm
2025-08-27 23:15:01,698 - INFO -     范围:   1.4687 mm
2025-08-27 23:15:01,698 - INFO -     标准误差: 0.005033 mm
2025-08-27 23:15:01,699 - INFO -     90%置信区间: (-2.965930, -2.949369) mm
2025-08-27 23:15:01,699 - INFO -     误差范围: ±0.008280 mm
2025-08-27 23:15:01,699 - INFO - 
【UPPER_EYELID】点统计 (出现16800次):
2025-08-27 23:15:01,699 - INFO - ------------------------------------------------------------
2025-08-27 23:15:01,701 - INFO -   到中心距离:
2025-08-27 23:15:01,701 - INFO -     平均值: 12.3391 mm
2025-08-27 23:15:01,701 - INFO -     最小值: 11.2776 mm
2025-08-27 23:15:01,701 - INFO -     最大值: 14.2450 mm
2025-08-27 23:15:01,701 - INFO -     标准差: 0.5097 mm
2025-08-27 23:15:01,701 - INFO -     范围:   2.9674 mm
2025-08-27 23:15:01,701 - INFO -     标准误差: 0.003933 mm
2025-08-27 23:15:01,701 - INFO -     90%置信区间: (12.332639, 12.345577) mm
2025-08-27 23:15:01,701 - INFO -     误差范围: ±0.006469 mm
2025-08-27 23:15:01,701 - INFO -   到表面距离:
2025-08-27 23:15:01,701 - INFO -     平均值: 0.2066 mm
2025-08-27 23:15:01,701 - INFO -     最小值: -0.8506 mm
2025-08-27 23:15:01,701 - INFO -     最大值: 2.1478 mm
2025-08-27 23:15:01,701 - INFO -     标准差: 0.5114 mm
2025-08-27 23:15:01,701 - INFO -     范围:   2.9984 mm
2025-08-27 23:15:01,701 - INFO -     标准误差: 0.003946 mm
2025-08-27 23:15:01,701 - INFO -     90%置信区间: (0.200123, 0.213104) mm
2025-08-27 23:15:01,704 - INFO -     误差范围: ±0.006491 mm
2025-08-27 23:15:01,704 - INFO - 
【整体统计】:
2025-08-27 23:15:01,704 - INFO - ------------------------------------------------------------
2025-08-27 23:15:01,733 - INFO -   到中心距离:
2025-08-27 23:15:01,733 - INFO -     平均值: 12.5615 mm
2025-08-27 23:15:01,733 - INFO -     最小值: 9.1748 mm
2025-08-27 23:15:01,734 - INFO -     最大值: 17.8070 mm
2025-08-27 23:15:01,735 - INFO -     标准差: 1.8718 mm
2025-08-27 23:15:01,735 - INFO -     范围:   8.6321 mm
2025-08-27 23:15:01,736 - INFO -     标准误差: 0.007832 mm
2025-08-27 23:15:01,736 - INFO -     90%置信区间: (12.548624, 12.574390) mm
2025-08-27 23:15:01,736 - INFO -     误差范围: ±0.012883 mm
2025-08-27 23:15:01,736 - INFO -   到表面距离:
2025-08-27 23:15:01,736 - INFO -     平均值: 0.4290 mm
2025-08-27 23:15:01,736 - INFO -     最小值: -2.9576 mm
2025-08-27 23:15:01,738 - INFO -     最大值: 5.6745 mm
2025-08-27 23:15:01,738 - INFO -     标准差: 1.8718 mm
2025-08-27 23:15:01,738 - INFO -     范围:   8.6321 mm
2025-08-27 23:15:01,740 - INFO -     标准误差: 0.007832 mm
2025-08-27 23:15:01,740 - INFO -     90%置信区间: (0.416131, 0.441896) mm
2025-08-27 23:15:01,740 - INFO -     误差范围: ±0.012883 mm
2025-08-27 23:15:01,740 - INFO - 分析完成，结果已保存到: static/data/ransac_analysis_20250827_231501.log
